usb_host.c:69:6:USB_Error_Handler	8	static
usb_host.c:80:5:open_to_write	8	static
usb_host.c:105:5:open_to_read	8	static
usb_host.c:130:6:Read_with_open	24	static
usb_host.c:142:6:Write_with_open	24	static
usb_host.c:157:6:Close_usb	8	static
usb_host.c:162:6:Write_usb	24	static
usb_host.c:208:6:Write_the_header	64	static
usb_host.c:296:7:open_r	16	static
usb_host.c:309:7:open_w	24	static
usb_host.c:330:6:Read_usb	24	static
usb_host.c:374:5:usb_ready	4	static
usb_host.c:386:6:MX_USB_HOST_Init	8	static
usb_host.c:413:6:MX_USB_HOST_Process	8	static
usb_host.c:421:13:USBH_UserProcess	16	static
