usbh_conf.c:63:6:HAL_HCD_MspInit	64	static
usbh_conf.c:116:6:HAL_HCD_MspDeInit	0	static
usbh_conf.c:134:6:HAL_HCD_SOF_Callback	0	static
usbh_conf.c:144:6:HAL_HCD_Connect_Callback	0	static
usbh_conf.c:154:6:HAL_HCD_Disconnect_Callback	0	static
usbh_conf.c:164:6:HAL_HCD_PortEnabled_Callback	0	static
usbh_conf.c:175:6:HAL_HCD_PortDisabled_Callback	0	static
usbh_conf.c:186:6:HAL_HCD_HC_NotifyURBChange_Callback	0	static
usbh_conf.c:200:21:USBH_LL_Init	16	static
usbh_conf.c:230:21:USBH_LL_DeInit	8	static
usbh_conf.c:242:21:USBH_LL_Start	8	static
usbh_conf.c:254:21:USBH_LL_Stop	8	static
usbh_conf.c:266:19:USBH_LL_GetSpeed	8	static
usbh_conf.c:297:20:USBH_LL_ResetPort	8	static
usbh_conf.c:310:10:USBH_LL_GetLastXferSize	0	static
usbh_conf.c:327:22:USBH_LL_OpenPipe	24	static
usbh_conf.c:352:20:USBH_LL_ClosePipe	8	static
usbh_conf.c:386:22:USBH_LL_SubmitURB	24	static
usbh_conf.c:421:23:USBH_LL_GetURBState	0	static
usbh_conf.c:436:21:USBH_LL_DriverVBUS	8	static
usbh_conf.c:474:22:USBH_LL_SetToggle	0	static
usbh_conf.c:494:10:USBH_LL_GetToggle	0	static
usbh_conf.c:515:7:USBH_Delay	0	static
