gthr-default.h:229:1:int __gthread_key_delete(__gthread_key_t)	16	static
std_abs.h:70:3:constexpr double std::abs(double)	16	static
complex:1209:26:constexpr std::complex<double>::complex(double, double)	32	static
complex:1229:7:constexpr double std::complex<double>::real() const	16	static
complex:1233:7:constexpr double std::complex<double>::imag() const	16	static
complex:1257:7:std::complex<double>& std::complex<double>::operator=(double)	24	static
complex:1278:7:std::complex<double>& std::complex<double>::operator*=(double)	48	static
error_handling.hpp:25:13:void simple_fft::error_handling::GetErrorDescription(simple_fft::error_handling::EC_SimpleFFT, const char*&)	16	static
fft_impl.hpp:34:13:bool simple_fft::impl::isPowerOfTwo(std::size_t)	16	static
fft_impl.hpp:39:13:bool simple_fft::impl::checkNumElements(std::size_t, const char*&)	16	static
spectogram.cpp:3:8:double hanning(int, int)	24	static
spectogram.cpp:7:5:int _spectogram()	34448	static
complex:386:5:std::complex<_Tp> std::operator*(const std::complex<_Tp>&, const std::complex<_Tp>&) [with _Tp = double]	40	static
complex:356:5:std::complex<_Tp> std::operator-(const std::complex<_Tp>&, const std::complex<_Tp>&) [with _Tp = double]	40	static
complex:1305:9:std::complex<double>& std::complex<double>::operator+=(const std::complex<_Tp>&) [with _Tp = double]	24	static
fft.hpp:130:6:bool simple_fft::FFT(const TRealArray1D&, TComplexArray1D&, std::size_t, const char*&) [with TRealArray1D = double [512]; TComplexArray1D = std::complex<double> [512]]	24	static
complex:603:5:_Tp std::abs(const std::complex<_Tp>&) [with _Tp = double]	16	static
complex:1323:9:std::complex<double>& std::complex<double>::operator*=(const std::complex<_Tp>&) [with _Tp = double]	56	static
complex:1314:9:std::complex<double>& std::complex<double>::operator-=(const std::complex<_Tp>&) [with _Tp = double]	24	static
copy_array.hpp:41:6:void simple_fft::copy_array::copyArray(const TRealArray1D&, TComplexArray1D&, std::size_t) [with TComplexArray1D = std::complex<double> [512]; TRealArray1D = double [512]]	56	static
fft_impl.hpp:256:17:static bool simple_fft::impl::CFFT<TComplexArray1D, 1>::FFT_inplace(TComplexArray1D&, std::size_t, simple_fft::impl::FFT_direction, const char*&) [with TComplexArray1D = std::complex<double> [512]]	24	static
complex:574:5:_Tp std::__complex_abs(const std::complex<_Tp>&) [with _Tp = double]	64	static
fft_impl.hpp:125:6:void simple_fft::impl::rearrangeData(TComplexArray1D&, std::size_t) [with TComplexArray1D = std::complex<double> [512]]	56	static
fft_impl.hpp:190:6:bool simple_fft::impl::makeTransform(TComplexArray1D&, std::size_t, simple_fft::impl::FFT_direction, const char*&) [with TComplexArray1D = std::complex<double> [512]]	168	static
fft_impl.hpp:52:13:void simple_fft::impl::scaleValues(TComplexArray1D&, std::size_t) [with TComplexArray1D = std::complex<double> [512]]	48	static
stl_algobase.h:219:5:constexpr const _Tp& std::max(const _Tp&, const _Tp&) [with _Tp = double]	24	static
fft_impl.hpp:94:13:void simple_fft::impl::bufferExchangeHelper(TComplexArray1D&, std::size_t, std::size_t, complex_type&) [with TComplexArray1D = std::complex<double> [512]]	24	static
fft_impl.hpp:157:13:void simple_fft::impl::fftTransformHelper(TComplexArray1D&, std::size_t, std::size_t, complex_type&, complex_type) [with TComplexArray1D = std::complex<double> [512]]	48	static
complex:326:5:std::complex<_Tp> std::operator+(const std::complex<_Tp>&, const std::complex<_Tp>&) [with _Tp = double]	40	static
spectogram.cpp:102:1:void __static_initialization_and_destruction_0(int, int)	16	static
spectogram.cpp:102:1:cpp)	8	static
spectogram.cpp:102:1:cpp)	8	static
