new:168:14:void* operator new(std::size_t, void*)	16	static
gthr-default.h:229:1:int __gthread_key_delete(__gthread_key_t)	16	static
functional_hash.h:163:3:std::size_t std::hash<long unsigned int>::operator()(long unsigned int) const	16	static
stl_algobase.h:195:5:constexpr const _Tp& std::min(const _Tp&, const _Tp&) [with _Tp = int]	16	static
hashtable_policy.h:233:5:std::__detail::_Hash_node_base::_Hash_node_base()	16	static
hashtable_policy.h:446:5:std::__detail::_Mod_range_hashing::result_type std::__detail::_Mod_range_hashing::operator()(std::__detail::_Mod_range_hashing::first_argument_type, std::__detail::_Mod_range_hashing::second_argument_type) const	24	static
hashtable_policy.h:464:5:std::__detail::_Prime_rehash_policy::_Prime_rehash_policy(float)	16	static
hashtable_policy.h:477:5:std::size_t std::__detail::_Prime_rehash_policy::_M_bkt_for_elements(std::size_t) const	24	static
hashtable_policy.h:491:5:std::__detail::_Prime_rehash_policy::_State std::__detail::_Prime_rehash_policy::_M_state() const	16	static
stl_algobase.h:195:5:constexpr const _Tp& std::min(const _Tp&, const _Tp&) [with _Tp = unsigned int]	16	static
move.h:73:5:constexpr _Tp&& std::forward(typename std::remove_reference<_From>::type&) [with _Tp = bool]	16	static
move.h:73:5:constexpr _Tp&& std::forward(typename std::remove_reference<_From>::type&) [with _Tp = int]	16	static
limits:1278:7:static constexpr long long int std::numeric_limits<long long int>::min()	8	static
limits:1281:7:static constexpr long long int std::numeric_limits<long long int>::max()	8	static
stl_pair.h:198:12:std::pair<const long unsigned int, std::vector<unsigned char> >::~pair()	16	static
unordered_map.h:101:11:std::unordered_map<long unsigned int, std::vector<unsigned char> >::~unordered_map()	16	static
cmath:463:3:constexpr float std::sqrt(float)	16	static
complex:1060:26:constexpr std::complex<float>::complex(float, float)	24	static
complex:1078:7:constexpr float std::complex<float>::real() const	16	static
complex:1082:7:constexpr float std::complex<float>::imag() const	16	static
complex:1106:7:std::complex<float>& std::complex<float>::operator=(float)	16	static
complex:1127:7:std::complex<float>& std::complex<float>::operator*=(float)	16	static
stl_tree.h:173:5:std::_Rb_tree_header::_Rb_tree_header()	16	static
stl_tree.h:206:5:void std::_Rb_tree_header::_M_reset()	16	static
gaussian.h:20:14:float gaborator::erfc_inv(float)	16	static
gaussian.h:26:15:double gaborator::norm_gaussian(double, double)	32	static
gaussian.h:42:8:double gaborator::gaussian_edge(double, double)	40	static
gaussian.h:55:22:double gaborator::sd_t2f(double)	24	static
gaussian.h:59:22:double gaborator::sd_f2t(double)	24	static
gaussian.h:68:8:double gaborator::gaussian_area_support(double, double)	32	static
gaussian.h:76:8:double gaborator::gaussian_area_support_inv(double, double)	32	static
gaussian.h:101:8:double gaborator::gaussian_support(double, double)	32	static
gaussian.h:106:8:double gaborator::gaussian_support_inv(double, double)	32	static
affine_transform.h:15:5:gaborator::affine_transform::affine_transform()	16	static
affine_transform.h:16:5:gaborator::affine_transform::affine_transform(double, double)	32	static
affine_transform.h:17:5:gaborator::affine_transform::affine_transform(const gaborator::affine_transform&)	16	static
affine_transform.h:18:12:double gaborator::affine_transform::operator()(double) const	32	static
affine_transform.h:19:22:gaborator::affine_transform gaborator::affine_transform::inverse() const	40	static
ref.h:17:5:gaborator::refcounted::refcounted()	16	static
vector_math.h:61:21:std::complex<float> gaborator::complex_mul(std::complex<float>, std::complex<float>)	24	static
gaborator.h:56:1:int gaborator::next_power_of_two(int)	16	static
gaborator.h:70:1:bool gaborator::is_power_of_two(unsigned int)	16	static
gaborator.h:77:28:unsigned int gaborator::whichp2(unsigned int)	24	static
gaborator.h:103:1:double gaborator::sane_fmod(double, double)	40	static
gaborator.h:281:28:unsigned int gaborator::filet_part(unsigned int)	16	static
gaborator.h:388:10:void gaborator::zone_coefs_meta::init(const band_vector&)	40	static
gaborator.h:433:1:bool gaborator::bno_split(const gaborator::coefs_meta&, int, int&, unsigned int&, bool)	40	static
gaborator.h:477:5:int gaborator::bno_merge(const gaborator::coefs_meta&, int, unsigned int)	32	static
gaborator.h:607:19:int gaborator::coef_offset(int)	16	static
gaborator.h:615:1:int gaborator::band_scale_exp(const gaborator::zone_coefs_meta&, int, unsigned int)	24	static
gaborator.h:624:1:gaborator::coef_index_t gaborator::coef_time(const gaborator::zone_coefs_meta&, gaborator::slice_index_t, int, int)	48	static
gaborator.h:782:1:double gaborator::gaussian_windowed_lowpass_1(double, double, double)	48	static
gaborator.h:863:5:gaborator::parameters::parameters(unsigned int, double, double, double, double)	56	static
gaborator.h:901:10:void gaborator::parameters::init_v1()	16	static
gaborator.h:939:12:double gaborator::parameters::band_spacing_log2() const	24	static
gaborator.h:942:12:double gaborator::parameters::band_spacing() const	16	static
cmath:350:5:constexpr typename __gnu_cxx::__enable_if<std::__is_integer<_Tp>::__value, double>::__type std::log(_Tp) [with _Tp = int]	24	static
gaborator.h:946:12:double gaborator::parameters::sd() const	32	static
resample2.h:57:5:gaborator::p2_transform::p2_transform(int, int64_t)	24	static
resample2.h:59:5:gaborator::p2_transform::p2_transform(gaborator::affine_transform)	40	static
resample2.h:79:1:gaborator::affine_transform gaborator::zoom_p2(gaborator::affine_transform, int)	24	static
resample2.h:234:1:void gaborator::resample2_support(gaborator::affine_transform, int64_t, int64_t, int64_t&, int64_t&)	184	static
resample2.h:261:1:void gaborator::resample2_inv_support(gaborator::affine_transform, int64_t, int64_t, int64_t&, int64_t&)	184	static
resample2.h:290:5:gaborator::lanczos2_pow2_resampler::lanczos2_pow2_resampler(gaborator::affine_transform)	16	static
resample2.h:295:10:void gaborator::lanczos2_pow2_resampler::support(int64_t, int64_t, int64_t&, int64_t&) const	64	static
resample2.h:298:10:void gaborator::lanczos2_pow2_resampler::inv_support(int64_t, int64_t, int64_t&, int64_t&)	64	static
render.h:251:10:void gaborator::updated_nop::operator()(int64_t, int64_t, int64_t, int64_t)	24	static
spectogram.cpp:3:8:double hanning(int, int)	24	static
gaborator.h:646:8:gaborator::coefs<float, std::complex<float> >::~coefs()	16	static
spectogram.cpp:7:5:int _spectogram()	640	static
stl_algobase.h:219:5:constexpr const _Tp& std::max(const _Tp&, const _Tp&) [with _Tp = unsigned int]	16	static
allocator.h:131:7:std::allocator< <template-parameter-1-1> >::allocator() [with _Tp = unsigned char]	16	static
allocator.h:139:7:std::allocator< <template-parameter-1-1> >::~allocator() [with _Tp = unsigned char]	16	static
initializer_list:75:7:constexpr const _E* std::initializer_list<_E>::begin() const [with _E = unsigned char]	16	static
initializer_list:79:7:constexpr const _E* std::initializer_list<_E>::end() const [with _E = unsigned char]	24	static
stl_vector.h:383:7:std::vector<_Tp, _Alloc>::vector(std::initializer_list<_Tp>, const allocator_type&) [with _Tp = unsigned char; _Alloc = std::allocator<unsigned char>]	40	static
stl_vector.h:433:7:std::vector<_Tp, _Alloc>::~vector() [with _Tp = unsigned char; _Alloc = std::allocator<unsigned char>]	24	static
stl_pair.h:300:18:constexpr std::pair<_T1, _T2>::pair(_U1&&, const _T2&) [with _U1 = int; typename std::enable_if<std::_PCC<true, _T1, _T2>::_MoveCopyPair<true, _U1, _T2>(), bool>::type <anonymous> = 1; _T1 = const long unsigned int; _T2 = std::vector<unsigned char>]	24	static
allocator.h:131:7:std::allocator< <template-parameter-1-1> >::allocator() [with _Tp = std::pair<const long unsigned int, std::vector<unsigned char> >]	16	static
allocator.h:139:7:std::allocator< <template-parameter-1-1> >::~allocator() [with _Tp = std::pair<const long unsigned int, std::vector<unsigned char> >]	16	static
unordered_map.h:225:7:std::unordered_map<_Key, _Tp, _Hash, _Pred, _Alloc>::unordered_map(std::initializer_list<typename std::_Hashtable<_Key, std::pair<const _Key, _Tp>, _Alloc, std::__detail::_Select1st, _Pred, _Hash, std::__detail::_Mod_range_hashing, std::__detail::_Default_ranged_hash, std::__detail::_Prime_rehash_policy, std::__detail::_Hashtable_traits<std::__not_<std::__and_<std::__is_fast_hash<_Hash>, std::__detail::__is_noexcept_hash<_Key, _Hash> > >::value, false, true> >::value_type>, std::unordered_map<_Key, _Tp, _Hash, _Pred, _Alloc>::size_type, const hasher&, const key_equal&, const allocator_type&) [with _Key = long unsigned int; _Tp = std::vector<unsigned char>; _Hash = std::hash<long unsigned int>; _Pred = std::equal_to<long unsigned int>; _Alloc = std::allocator<std::pair<const long unsigned int, std::vector<unsigned char> > >]	40	static
hashtable_policy.h:1084:12:std::__detail::_Hashtable_ebo_helper<0, std::allocator<std::__detail::_Hash_node<std::pair<const long unsigned int, std::vector<unsigned char> >, false> >, true>::~_Hashtable_ebo_helper()	16	static
hashtable_policy.h:1997:12:std::__detail::_Hashtable_alloc<std::allocator<std::__detail::_Hash_node<std::pair<const long unsigned int, std::vector<unsigned char> >, false> > >::~_Hashtable_alloc()	16	static
hashtable.h:1351:5:std::_Hashtable<_Key, _Value, _Alloc, _ExtractKey, _Equal, _H1, _H2, _Hash, _RehashPolicy, _Traits>::~_Hashtable() [with _Key = long unsigned int; _Value = std::pair<const long unsigned int, std::vector<unsigned char> >; _Alloc = std::allocator<std::pair<const long unsigned int, std::vector<unsigned char> > >; _ExtractKey = std::__detail::_Select1st; _Equal = std::equal_to<long unsigned int>; _H1 = std::hash<long unsigned int>; _H2 = std::__detail::_Mod_range_hashing; _Hash = std::__detail::_Default_ranged_hash; _RehashPolicy = std::__detail::_Prime_rehash_policy; _Traits = std::__detail::_Hashtable_traits<false, false, true>]	16	static
vector_math.h:30:17:std::complex<_Tp> gaborator::complex_mul_naive(std::complex<_Tp>, std::complex<_Tp>) [with T = float]	48	static
alloc_traits.h:100:27:static constexpr bool __gnu_cxx::__alloc_traits<_Alloc>::_S_propagate_on_copy_assign() [with _Alloc = std::allocator<gaborator::band_coefs_meta>]	4	static
alloc_traits.h:109:27:static constexpr bool __gnu_cxx::__alloc_traits<_Alloc>::_S_always_equal() [with _Alloc = std::allocator<gaborator::band_coefs_meta>]	4	static
vector.tcc:179:5:std::vector<_Tp, _Alloc>& std::vector<_Tp, _Alloc>::operator=(const std::vector<_Tp, _Alloc>&) [with _Tp = gaborator::band_coefs_meta; _Alloc = std::allocator<gaborator::band_coefs_meta>]	40	static
stl_vector.h:563:7:std::vector<_Tp, _Alloc>::iterator std::vector<_Tp, _Alloc>::begin() [with _Tp = gaborator::band_coefs_meta; _Alloc = std::allocator<gaborator::band_coefs_meta>]	24	static
stl_vector.h:581:7:std::vector<_Tp, _Alloc>::iterator std::vector<_Tp, _Alloc>::end() [with _Tp = gaborator::band_coefs_meta; _Alloc = std::allocator<gaborator::band_coefs_meta>]	24	static
stl_iterator.h:880:5:bool __gnu_cxx::operator!=(const __gnu_cxx::__normal_iterator<_Iterator, _Container>&, const __gnu_cxx::__normal_iterator<_Iterator, _Container>&) [with _Iterator = gaborator::band_coefs_meta*; _Container = std::vector<gaborator::band_coefs_meta>]	24	static
stl_iterator.h:800:7:__gnu_cxx::__normal_iterator<_Iterator, _Container>& __gnu_cxx::__normal_iterator<_Iterator, _Container>::operator++() [with _Iterator = gaborator::band_coefs_meta*; _Container = std::vector<gaborator::band_coefs_meta>]	16	static
stl_iterator.h:792:7:__gnu_cxx::__normal_iterator<_Iterator, _Container>::reference __gnu_cxx::__normal_iterator<_Iterator, _Container>::operator*() const [with _Iterator = gaborator::band_coefs_meta*; _Container = std::vector<gaborator::band_coefs_meta>]	16	static
stl_vector.h:813:7:std::vector<_Tp, _Alloc>::const_reference std::vector<_Tp, _Alloc>::operator[](std::vector<_Tp, _Alloc>::size_type) const [with _Tp = gaborator::oct_coefs_meta; _Alloc = std::allocator<gaborator::oct_coefs_meta>]	16	static
stl_vector.h:670:7:std::vector<_Tp, _Alloc>::size_type std::vector<_Tp, _Alloc>::size() const [with _Tp = gaborator::band_coefs_meta; _Alloc = std::allocator<gaborator::band_coefs_meta>]	16	static
stl_vector.h:813:7:std::vector<_Tp, _Alloc>::const_reference std::vector<_Tp, _Alloc>::operator[](std::vector<_Tp, _Alloc>::size_type) const [with _Tp = gaborator::band_coefs_meta; _Alloc = std::allocator<gaborator::band_coefs_meta>]	16	static
allocator.h:131:7:std::allocator< <template-parameter-1-1> >::allocator() [with _Tp = float]	16	static
allocator.h:139:7:std::allocator< <template-parameter-1-1> >::~allocator() [with _Tp = float]	16	static
stl_vector.h:283:7:std::vector<_Tp, _Alloc>::vector(std::vector<_Tp, _Alloc>::size_type, const allocator_type&) [with _Tp = float; _Alloc = std::allocator<float>]	24	static
stl_vector.h:433:7:std::vector<_Tp, _Alloc>::~vector() [with _Tp = float; _Alloc = std::allocator<float>]	24	static
stl_vector.h:795:7:std::vector<_Tp, _Alloc>::reference std::vector<_Tp, _Alloc>::operator[](std::vector<_Tp, _Alloc>::size_type) [with _Tp = float; _Alloc = std::allocator<float>]	16	static
gaborator.h:1206:5:gaborator::analyzer<T>::analyzer(const gaborator::parameters&) [with T = float]	304	static
gaborator.h:2155:5:gaborator::analyzer<T>::~analyzer() [with T = float]	16	static
gaborator.h:648:5:gaborator::coefs<T, C>::coefs(const gaborator::analyzer<T>&, gaborator::shadow<T>*) [with T = float; C = std::complex<float>]	40	static
stl_vector.h:433:7:std::vector<_Tp, _Alloc>::~vector() [with _Tp = gaborator::sliced_coefs<std::complex<float> >; _Alloc = std::allocator<gaborator::sliced_coefs<std::complex<float> > >]	24	static
stl_vector.h:920:7:_Tp* std::vector<_Tp, _Alloc>::data() [with _Tp = float; _Alloc = std::allocator<float>]	16	static
stl_vector.h:670:7:std::vector<_Tp, _Alloc>::size_type std::vector<_Tp, _Alloc>::size() const [with _Tp = float; _Alloc = std::allocator<float>]	16	static
gaborator.h:2074:10:void gaborator::analyzer<T>::analyze(const T*, gaborator::sample_index_t, gaborator::sample_index_t, gaborator::coefs<T>&, int) const [with T = float]	56	static
gaborator.h:2137:9:int gaborator::analyzer<T>::bandpass_bands_begin() const [with T = float]	16	static
gaborator.h:2138:9:int gaborator::analyzer<T>::bandpass_bands_end() const [with T = float]	16	static
cmath:331:5:constexpr typename __gnu_cxx::__enable_if<std::__is_integer<_Tp>::__value, double>::__type std::ldexp(_Tp, int) [with _Tp = int]	24	static
render.h:485:6:void gaborator::render_p2scale(const gaborator::analyzer<T>&, const gaborator::coefs<T, C>&, int64_t, int64_t, int64_t, int64_t, int, int64_t, int64_t, int, OI, NORMF) [with OI = float*; T = float; C = std::complex<float>; NORMF = gaborator::complex_abs_fob<float>; RESAMPLER = gaborator::lanczos2_pow2_resampler]	160	static
new_allocator.h:79:7:__gnu_cxx::new_allocator<_Tp>::new_allocator() [with _Tp = unsigned char]	16	static
new_allocator.h:86:7:__gnu_cxx::new_allocator<_Tp>::~new_allocator() [with _Tp = unsigned char]	16	static
stl_vector.h:81:14:std::_Vector_base<unsigned char, std::allocator<unsigned char> >::_Vector_impl::~_Vector_impl()	16	static
stl_vector.h:129:7:std::_Vector_base<_Tp, _Alloc>::_Vector_base(const allocator_type&) [with _Tp = unsigned char; _Alloc = std::allocator<unsigned char>]	16	static
stl_vector.h:161:7:std::_Vector_base<_Tp, _Alloc>::~_Vector_base() [with _Tp = unsigned char; _Alloc = std::allocator<unsigned char>]	16	static
initializer_list:71:7:constexpr std::initializer_list<_E>::size_type std::initializer_list<_E>::size() const [with _E = unsigned char]	16	static
stl_vector.h:1319:2:void std::vector<_Tp, _Alloc>::_M_range_initialize(_ForwardIterator, _ForwardIterator, std::forward_iterator_tag) [with _ForwardIterator = const unsigned char*; _Tp = unsigned char; _Alloc = std::allocator<unsigned char>]	40	static
stl_vector.h:115:7:std::_Vector_base<_Tp, _Alloc>::_Tp_alloc_type& std::_Vector_base<_Tp, _Alloc>::_M_get_Tp_allocator() [with _Tp = unsigned char; _Alloc = std::allocator<unsigned char>]	16	static
stl_construct.h:203:5:void std::_Destroy(_ForwardIterator, _ForwardIterator, std::allocator<_T2>&) [with _ForwardIterator = unsigned char*; _Tp = unsigned char]	24	static
stl_vector.h:326:7:std::vector<_Tp, _Alloc>::vector(const std::vector<_Tp, _Alloc>&) [with _Tp = unsigned char; _Alloc = std::allocator<unsigned char>]	40	static
new_allocator.h:79:7:__gnu_cxx::new_allocator<_Tp>::new_allocator() [with _Tp = std::pair<const long unsigned int, std::vector<unsigned char> >]	16	static
new_allocator.h:86:7:__gnu_cxx::new_allocator<_Tp>::~new_allocator() [with _Tp = std::pair<const long unsigned int, std::vector<unsigned char> >]	16	static
initializer_list:75:7:constexpr const _E* std::initializer_list<_E>::begin() const [with _E = std::pair<const long unsigned int, std::vector<unsigned char> >]	16	static
initializer_list:79:7:constexpr const _E* std::initializer_list<_E>::end() const [with _E = std::pair<const long unsigned int, std::vector<unsigned char> >]	24	static
hashtable.h:447:7:std::_Hashtable<_Key, _Value, _Alloc, _ExtractKey, _Equal, _H1, _H2, _Hash, _RehashPolicy, _Traits>::_Hashtable(std::initializer_list<_Value>, std::_Hashtable<_Key, _Value, _Alloc, _ExtractKey, _Equal, _H1, _H2, _Hash, _RehashPolicy, _Traits>::size_type, const _H1&, const key_equal&, const allocator_type&) [with _Key = long unsigned int; _Value = std::pair<const long unsigned int, std::vector<unsigned char> >; _Alloc = std::allocator<std::pair<const long unsigned int, std::vector<unsigned char> > >; _ExtractKey = std::__detail::_Select1st; _Equal = std::equal_to<long unsigned int>; _H1 = std::hash<long unsigned int>; _H2 = std::__detail::_Mod_range_hashing; _Hash = std::__detail::_Default_ranged_hash; _RehashPolicy = std::__detail::_Prime_rehash_policy; _Traits = std::__detail::_Hashtable_traits<false, false, true>]	72	static
allocator.h:139:7:std::allocator< <template-parameter-1-1> >::~allocator() [with _Tp = std::__detail::_Hash_node<std::pair<const long unsigned int, std::vector<unsigned char> >, false>]	16	static
hashtable.h:2025:5:void std::_Hashtable<_Key, _Value, _Alloc, _ExtractKey, _Equal, _H1, _H2, _Hash, _RehashPolicy, _Traits>::clear() [with _Key = long unsigned int; _Value = std::pair<const long unsigned int, std::vector<unsigned char> >; _Alloc = std::allocator<std::pair<const long unsigned int, std::vector<unsigned char> > >; _ExtractKey = std::__detail::_Select1st; _Equal = std::equal_to<long unsigned int>; _H1 = std::hash<long unsigned int>; _H2 = std::__detail::_Mod_range_hashing; _Hash = std::__detail::_Default_ranged_hash; _RehashPolicy = std::__detail::_Prime_rehash_policy; _Traits = std::__detail::_Hashtable_traits<false, false, true>]	16	static
hashtable.h:367:7:void std::_Hashtable<_Key, _Value, _Alloc, _ExtractKey, _Equal, _H1, _H2, _Hash, _RehashPolicy, _Traits>::_M_deallocate_buckets() [with _Key = long unsigned int; _Value = std::pair<const long unsigned int, std::vector<unsigned char> >; _Alloc = std::allocator<std::pair<const long unsigned int, std::vector<unsigned char> > >; _ExtractKey = std::__detail::_Select1st; _Equal = std::equal_to<long unsigned int>; _H1 = std::hash<long unsigned int>; _H2 = std::__detail::_Mod_range_hashing; _Hash = std::__detail::_Default_ranged_hash; _RehashPolicy = std::__detail::_Prime_rehash_policy; _Traits = std::__detail::_Hashtable_traits<false, false, true>]	16	static
stl_vector.h:115:7:std::_Vector_base<_Tp, _Alloc>::_Tp_alloc_type& std::_Vector_base<_Tp, _Alloc>::_M_get_Tp_allocator() [with _Tp = gaborator::band_coefs_meta; _Alloc = std::allocator<gaborator::band_coefs_meta>]	16	static
stl_vector.h:119:7:const _Tp_alloc_type& std::_Vector_base<_Tp, _Alloc>::_M_get_Tp_allocator() const [with _Tp = gaborator::band_coefs_meta; _Alloc = std::allocator<gaborator::band_coefs_meta>]	16	static
allocator.h:164:5:bool std::operator!=(const std::allocator<_CharT>&, const std::allocator<_CharT>&) [with _Tp = gaborator::band_coefs_meta]	16	static
stl_vector.h:1247:7:void std::vector<_Tp, _Alloc>::clear() [with _Tp = gaborator::band_coefs_meta; _Alloc = std::allocator<gaborator::band_coefs_meta>]	16	static
stl_vector.h:176:7:void std::_Vector_base<_Tp, _Alloc>::_M_deallocate(std::_Vector_base<_Tp, _Alloc>::pointer, std::size_t) [with _Tp = gaborator::band_coefs_meta; _Alloc = std::allocator<gaborator::band_coefs_meta>]	24	static
alloc_traits.h:520:17:void std::__alloc_on_copy(_Alloc&, const _Alloc&) [with _Alloc = std::allocator<gaborator::band_coefs_meta>]	24	static
stl_vector.h:750:7:std::vector<_Tp, _Alloc>::size_type std::vector<_Tp, _Alloc>::capacity() const [with _Tp = gaborator::band_coefs_meta; _Alloc = std::allocator<gaborator::band_coefs_meta>]	16	static
stl_vector.h:572:7:std::vector<_Tp, _Alloc>::const_iterator std::vector<_Tp, _Alloc>::begin() const [with _Tp = gaborator::band_coefs_meta; _Alloc = std::allocator<gaborator::band_coefs_meta>]	24	static
stl_vector.h:590:7:std::vector<_Tp, _Alloc>::const_iterator std::vector<_Tp, _Alloc>::end() const [with _Tp = gaborator::band_coefs_meta; _Alloc = std::allocator<gaborator::band_coefs_meta>]	24	static
stl_vector.h:1257:2:std::vector<_Tp, _Alloc>::pointer std::vector<_Tp, _Alloc>::_M_allocate_and_copy(std::vector<_Tp, _Alloc>::size_type, _ForwardIterator, _ForwardIterator) [with _ForwardIterator = __gnu_cxx::__normal_iterator<const gaborator::band_coefs_meta*, std::vector<gaborator::band_coefs_meta> >; _Tp = gaborator::band_coefs_meta; _Alloc = std::allocator<gaborator::band_coefs_meta>]	32	static
stl_construct.h:203:5:void std::_Destroy(_ForwardIterator, _ForwardIterator, std::allocator<_T2>&) [with _ForwardIterator = gaborator::band_coefs_meta*; _Tp = gaborator::band_coefs_meta]	24	static
stl_algobase.h:446:5:_OI std::copy(_II, _II, _OI) [with _II = __gnu_cxx::__normal_iterator<const gaborator::band_coefs_meta*, std::vector<gaborator::band_coefs_meta> >; _OI = __gnu_cxx::__normal_iterator<gaborator::band_coefs_meta*, std::vector<gaborator::band_coefs_meta> >]	32	static
stl_construct.h:203:5:void std::_Destroy(_ForwardIterator, _ForwardIterator, std::allocator<_T2>&) [with _ForwardIterator = __gnu_cxx::__normal_iterator<gaborator::band_coefs_meta*, std::vector<gaborator::band_coefs_meta> >; _Tp = gaborator::band_coefs_meta]	24	static
stl_algobase.h:446:5:_OI std::copy(_II, _II, _OI) [with _II = gaborator::band_coefs_meta*; _OI = gaborator::band_coefs_meta*]	32	static
stl_uninitialized.h:287:5:_ForwardIterator std::__uninitialized_copy_a(_InputIterator, _InputIterator, _ForwardIterator, std::allocator<_Tp>&) [with _InputIterator = gaborator::band_coefs_meta*; _ForwardIterator = gaborator::band_coefs_meta*; _Tp = gaborator::band_coefs_meta]	24	static
stl_iterator.h:779:7:__gnu_cxx::__normal_iterator<_Iterator, _Container>::__normal_iterator(const _Iterator&) [with _Iterator = gaborator::band_coefs_meta*; _Container = std::vector<gaborator::band_coefs_meta>]	16	static
stl_iterator.h:844:7:const _Iterator& __gnu_cxx::__normal_iterator<_Iterator, _Container>::base() const [with _Iterator = gaborator::band_coefs_meta*; _Container = std::vector<gaborator::band_coefs_meta>]	16	static
new_allocator.h:79:7:__gnu_cxx::new_allocator<_Tp>::new_allocator() [with _Tp = float]	16	static
new_allocator.h:86:7:__gnu_cxx::new_allocator<_Tp>::~new_allocator() [with _Tp = float]	16	static
stl_vector.h:81:14:std::_Vector_base<float, std::allocator<float> >::_Vector_impl::~_Vector_impl()	16	static
stl_vector.h:136:7:std::_Vector_base<_Tp, _Alloc>::_Vector_base(std::size_t, const allocator_type&) [with _Tp = float; _Alloc = std::allocator<float>]	24	static
stl_vector.h:161:7:std::_Vector_base<_Tp, _Alloc>::~_Vector_base() [with _Tp = float; _Alloc = std::allocator<float>]	16	static
stl_vector.h:1344:7:void std::vector<_Tp, _Alloc>::_M_default_initialize(std::vector<_Tp, _Alloc>::size_type) [with _Tp = float; _Alloc = std::allocator<float>]	24	static
stl_vector.h:115:7:std::_Vector_base<_Tp, _Alloc>::_Tp_alloc_type& std::_Vector_base<_Tp, _Alloc>::_M_get_Tp_allocator() [with _Tp = float; _Alloc = std::allocator<float>]	16	static
stl_construct.h:203:5:void std::_Destroy(_ForwardIterator, _ForwardIterator, std::allocator<_T2>&) [with _ForwardIterator = float*; _Tp = float]	24	static
stl_vector.h:259:7:std::vector<_Tp, _Alloc>::vector() [with _Tp = gaborator::octave<float>; _Alloc = std::allocator<gaborator::octave<float> >]	16	static
stl_vector.h:433:7:std::vector<_Tp, _Alloc>::~vector() [with _Tp = gaborator::octave<float>; _Alloc = std::allocator<gaborator::octave<float> >]	24	static
stl_vector.h:259:7:std::vector<_Tp, _Alloc>::vector() [with _Tp = gaborator::ref<gaborator::zone<float> >; _Alloc = std::allocator<gaborator::ref<gaborator::zone<float> > >]	16	static
stl_vector.h:433:7:std::vector<_Tp, _Alloc>::~vector() [with _Tp = gaborator::ref<gaborator::zone<float> >; _Alloc = std::allocator<gaborator::ref<gaborator::zone<float> > >]	24	static
stl_vector.h:259:7:std::vector<_Tp, _Alloc>::vector() [with _Tp = gaborator::ref<gaborator::analyzer<float>::plan>; _Alloc = std::allocator<gaborator::ref<gaborator::analyzer<float>::plan> >]	16	static
stl_vector.h:433:7:std::vector<_Tp, _Alloc>::~vector() [with _Tp = gaborator::ref<gaborator::analyzer<float>::plan>; _Alloc = std::allocator<gaborator::ref<gaborator::analyzer<float>::plan> >]	24	static
ref.h:40:5:gaborator::ref<T>::ref() [with T = gaborator::coefs_meta]	16	static
ref.h:48:5:gaborator::ref<T>::~ref() [with T = gaborator::coefs_meta]	16	static
gaborator.h:1584:12:double gaborator::analyzer<T>::ff_sd(double) const [with T = float]	32	static
stl_algobase.h:219:5:constexpr const _Tp& std::max(const _Tp&, const _Tp&) [with _Tp = double]	24	static
gaborator.h:1641:12:double gaborator::analyzer<T>::bandpass_band_ff(double) const [with T = float]	24	static
gaborator.h:1595:12:double gaborator::analyzer<T>::time_sd(double) const [with T = float]	32	static
gaborator.h:2149:12:double gaborator::analyzer<T>::band_ff(int) const [with T = float]	24	static
gaborator.h:1626:12:double gaborator::analyzer<T>::synthesis_support_multiplier() const [with T = float]	24	static
gaborator.h:1409:10:void gaborator::analyzer<T>::make_zones() [with T = float]	80	static
ref.h:40:5:gaborator::ref<T>::ref() [with T = gaborator::analyzer<float>::plan]	16	static
ref.h:48:5:gaborator::ref<T>::~ref() [with T = gaborator::analyzer<float>::plan]	16	static
gaborator.h:330:8:gaborator::downsampling_params<float>::downsampling_params()	16	static
gaborator.h:330:8:gaborator::downsampling_params<float>::~downsampling_params()	16	static
stl_tree.h:688:4:std::_Rb_tree<_Key, _Val, _KeyOfValue, _Compare, _Alloc>::_Rb_tree_impl<_Key_compare, <anonymous> >::_Rb_tree_impl() [with _Key_compare = std::less<int>; bool <anonymous> = true; _Key = int; _Val = std::pair<const int, gaborator::fft<std::complex<float>*>*>; _KeyOfValue = std::_Select1st<std::pair<const int, gaborator::fft<std::complex<float>*>*> >; _Compare = std::less<int>; _Alloc = std::allocator<std::pair<const int, gaborator::fft<std::complex<float>*>*> >]	16	static
stl_tree.h:677:16:std::_Rb_tree<int, std::pair<const int, gaborator::fft<std::complex<float>*>*>, std::_Select1st<std::pair<const int, gaborator::fft<std::complex<float>*>*> >, std::less<int>, std::allocator<std::pair<const int, gaborator::fft<std::complex<float>*>*> > >::_Rb_tree_impl<std::less<int>, true>::~_Rb_tree_impl()	16	static
stl_tree.h:913:7:std::_Rb_tree<_Key, _Val, _KeyOfValue, _Compare, _Alloc>::_Rb_tree() [with _Key = int; _Val = std::pair<const int, gaborator::fft<std::complex<float>*>*>; _KeyOfValue = std::_Select1st<std::pair<const int, gaborator::fft<std::complex<float>*>*> >; _Compare = std::less<int>; _Alloc = std::allocator<std::pair<const int, gaborator::fft<std::complex<float>*>*> >]	16	static
stl_map.h:177:7:std::map<_Key, _Tp, _Compare, _Alloc>::map() [with _Key = int; _Tp = gaborator::fft<std::complex<float>*>*; _Compare = std::less<int>; _Alloc = std::allocator<std::pair<const int, gaborator::fft<std::complex<float>*>*> >]	16	static
stl_map.h:294:7:std::map<_Key, _Tp, _Compare, _Alloc>::~map() [with _Key = int; _Tp = gaborator::fft<std::complex<float>*>*; _Compare = std::less<int>; _Alloc = std::allocator<std::pair<const int, gaborator::fft<std::complex<float>*>*> >]	16	static
pool.h:22:8:gaborator::pool<gaborator::fft<std::complex<float>*>, int>::pool()	16	static
gaborator.h:2213:9:gaborator::analyzer<T>::plan::plan(gaborator::analyzer<T>*, bool, unsigned int, double) [with T = float]	88	static
ref.h:41:5:gaborator::ref<T>::ref(T*) [with T = gaborator::analyzer<float>::plan]	16	static
ref.h:47:10:gaborator::ref<T>& gaborator::ref<T>::operator=(const gaborator::ref<T>&) [with T = gaborator::analyzer<float>::plan]	16	static
ref.h:61:8:T* gaborator::ref<T>::operator->() const [with T = gaborator::analyzer<float>::plan]	16	static
stl_vector.h:939:7:void std::vector<_Tp, _Alloc>::push_back(const value_type&) [with _Tp = gaborator::ref<gaborator::analyzer<float>::plan>; _Alloc = std::allocator<gaborator::ref<gaborator::analyzer<float>::plan> >]	16	static
stl_vector.h:670:7:std::vector<_Tp, _Alloc>::size_type std::vector<_Tp, _Alloc>::size() const [with _Tp = gaborator::ref<gaborator::analyzer<float>::plan>; _Alloc = std::allocator<gaborator::ref<gaborator::analyzer<float>::plan> >]	16	static
gaborator.h:2341:10:void gaborator::analyzer<T>::make_band_plans(int, bool) [with T = float]	144	static
stl_vector.h:795:7:std::vector<_Tp, _Alloc>::reference std::vector<_Tp, _Alloc>::operator[](std::vector<_Tp, _Alloc>::size_type) [with _Tp = gaborator::ref<gaborator::analyzer<float>::plan>; _Alloc = std::allocator<gaborator::ref<gaborator::analyzer<float>::plan> >]	16	static
gaborator.h:413:5:gaborator::coefs_meta::coefs_meta()	16	static
gaborator.h:2505:17:gaborator::coefs_meta* gaborator::analyzer<T>::make_meta(int) const [with T = float]	80	static
ref.h:41:5:gaborator::ref<T>::ref(T*) [with T = gaborator::coefs_meta]	16	static
ref.h:47:10:gaborator::ref<T>& gaborator::ref<T>::operator=(const gaborator::ref<T>&) [with T = gaborator::coefs_meta]	16	static
allocator.h:131:7:std::allocator< <template-parameter-1-1> >::allocator() [with _Tp = gaborator::sliced_coefs<std::complex<float> >]	16	static
allocator.h:139:7:std::allocator< <template-parameter-1-1> >::~allocator() [with _Tp = gaborator::sliced_coefs<std::complex<float> >]	16	static
stl_vector.h:283:7:std::vector<_Tp, _Alloc>::vector(std::vector<_Tp, _Alloc>::size_type, const allocator_type&) [with _Tp = gaborator::sliced_coefs<std::complex<float> >; _Alloc = std::allocator<gaborator::sliced_coefs<std::complex<float> > >]	24	static
ref.h:60:8:T* gaborator::ref<T>::get() const [with T = gaborator::coefs_meta]	16	static
stl_vector.h:670:7:std::vector<_Tp, _Alloc>::size_type std::vector<_Tp, _Alloc>::size() const [with _Tp = gaborator::sliced_coefs<std::complex<float> >; _Alloc = std::allocator<gaborator::sliced_coefs<std::complex<float> > >]	16	static
stl_vector.h:795:7:std::vector<_Tp, _Alloc>::reference std::vector<_Tp, _Alloc>::operator[](std::vector<_Tp, _Alloc>::size_type) [with _Tp = gaborator::sliced_coefs<std::complex<float> >; _Alloc = std::allocator<gaborator::sliced_coefs<std::complex<float> > >]	16	static
stl_vector.h:795:7:std::vector<_Tp, _Alloc>::reference std::vector<_Tp, _Alloc>::operator[](std::vector<_Tp, _Alloc>::size_type) [with _Tp = gaborator::oct_coefs_meta; _Alloc = std::allocator<gaborator::oct_coefs_meta>]	16	static
stl_vector.h:81:14:std::_Vector_base<gaborator::sliced_coefs<std::complex<float> >, std::allocator<gaborator::sliced_coefs<std::complex<float> > > >::_Vector_impl::~_Vector_impl()	16	static
stl_vector.h:161:7:std::_Vector_base<_Tp, _Alloc>::~_Vector_base() [with _Tp = gaborator::sliced_coefs<std::complex<float> >; _Alloc = std::allocator<gaborator::sliced_coefs<std::complex<float> > >]	16	static
stl_vector.h:115:7:std::_Vector_base<_Tp, _Alloc>::_Tp_alloc_type& std::_Vector_base<_Tp, _Alloc>::_M_get_Tp_allocator() [with _Tp = gaborator::sliced_coefs<std::complex<float> >; _Alloc = std::allocator<gaborator::sliced_coefs<std::complex<float> > >]	16	static
stl_construct.h:203:5:void std::_Destroy(_ForwardIterator, _ForwardIterator, std::allocator<_T2>&) [with _ForwardIterator = gaborator::sliced_coefs<std::complex<float> >*; _Tp = gaborator::sliced_coefs<std::complex<float> >]	24	static
stl_vector.h:1557:2:_Up* std::vector<_Tp, _Alloc>::_M_data_ptr(_Up*) const [with _Up = float; _Tp = float; _Alloc = std::allocator<float>]	16	static
gaborator.h:2080:10:void gaborator::analyzer<T>::analyze1(const T*, gaborator::sample_index_t, gaborator::sample_index_t, gaborator::coefs<T>&, int, int) const [with T = float]	112	static
render.h:322:67:gaborator::render_incremental(const gaborator::analyzer<T>&, const gaborator::coefs<T, C>&, gaborator::affine_transform, gaborator::affine_transform, int64_t, int64_t, int64_t, int64_t, int64_t, int64_t, OI, int64_t, NORMF, UPDATEDF)::<lambda(int64_t, int64_t&, int64_t&)> [with OI = float*; T = float; C = std::complex<float>; NORMF = gaborator::complex_abs_fob<float>; RESAMPLER = gaborator::lanczos2_pow2_resampler; UPDATEDF = gaborator::updated_nop]	176	static
render.h:286:6:void gaborator::render_incremental(const gaborator::analyzer<T>&, const gaborator::coefs<T, C>&, gaborator::affine_transform, gaborator::affine_transform, int64_t, int64_t, int64_t, int64_t, int64_t, int64_t, OI, int64_t, NORMF, UPDATEDF) [with OI = float*; T = float; C = std::complex<float>; NORMF = gaborator::complex_abs_fob<float>; RESAMPLER = gaborator::lanczos2_pow2_resampler; UPDATEDF = gaborator::updated_nop]	576	static
stl_vector.h:92:2:std::_Vector_base<_Tp, _Alloc>::_Vector_impl::_Vector_impl(const _Tp_alloc_type&) [with _Tp = unsigned char; _Alloc = std::allocator<unsigned char>]	16	static
stl_vector.h:176:7:void std::_Vector_base<_Tp, _Alloc>::_M_deallocate(std::_Vector_base<_Tp, _Alloc>::pointer, std::size_t) [with _Tp = unsigned char; _Alloc = std::allocator<unsigned char>]	24	static
stl_iterator_base_types.h:205:5:constexpr typename std::iterator_traits<_Iterator>::iterator_category std::__iterator_category(const _Iter&) [with _Iter = const unsigned char*]	16	static
stl_iterator_base_funcs.h:138:5:typename std::iterator_traits<_Iterator>::difference_type std::distance(_InputIterator, _InputIterator) [with _InputIterator = const unsigned char*]	32	static
stl_vector.h:169:7:std::_Vector_base<_Tp, _Alloc>::pointer std::_Vector_base<_Tp, _Alloc>::_M_allocate(std::size_t) [with _Tp = unsigned char; _Alloc = std::allocator<unsigned char>]	16	static
stl_uninitialized.h:287:5:_ForwardIterator std::__uninitialized_copy_a(_InputIterator, _InputIterator, _ForwardIterator, std::allocator<_Tp>&) [with _InputIterator = const unsigned char*; _ForwardIterator = unsigned char*; _Tp = unsigned char]	24	static
stl_construct.h:127:5:void std::_Destroy(_ForwardIterator, _ForwardIterator) [with _ForwardIterator = unsigned char*]	16	static
stl_vector.h:670:7:std::vector<_Tp, _Alloc>::size_type std::vector<_Tp, _Alloc>::size() const [with _Tp = unsigned char; _Alloc = std::allocator<unsigned char>]	16	static
alloc_traits.h:94:19:static _Alloc __gnu_cxx::__alloc_traits<_Alloc>::_S_select_on_copy(const _Alloc&) [with _Alloc = std::allocator<unsigned char>]	16	static
stl_vector.h:119:7:const _Tp_alloc_type& std::_Vector_base<_Tp, _Alloc>::_M_get_Tp_allocator() const [with _Tp = unsigned char; _Alloc = std::allocator<unsigned char>]	16	static
stl_vector.h:136:7:std::_Vector_base<_Tp, _Alloc>::_Vector_base(std::size_t, const allocator_type&) [with _Tp = unsigned char; _Alloc = std::allocator<unsigned char>]	24	static
stl_vector.h:572:7:std::vector<_Tp, _Alloc>::const_iterator std::vector<_Tp, _Alloc>::begin() const [with _Tp = unsigned char; _Alloc = std::allocator<unsigned char>]	24	static
stl_vector.h:590:7:std::vector<_Tp, _Alloc>::const_iterator std::vector<_Tp, _Alloc>::end() const [with _Tp = unsigned char; _Alloc = std::allocator<unsigned char>]	24	static
stl_uninitialized.h:287:5:_ForwardIterator std::__uninitialized_copy_a(_InputIterator, _InputIterator, _ForwardIterator, std::allocator<_Tp>&) [with _InputIterator = __gnu_cxx::__normal_iterator<const unsigned char*, std::vector<unsigned char> >; _ForwardIterator = unsigned char*; _Tp = unsigned char]	24	static
initializer_list:71:7:constexpr std::initializer_list<_E>::size_type std::initializer_list<_E>::size() const [with _E = std::pair<const long unsigned int, std::vector<unsigned char> >]	16	static
hashtable.h:955:7:std::_Hashtable<_Key, _Value, _Alloc, _ExtractKey, _Equal, _H1, _H2, _Hash, _RehashPolicy, _Traits>::_Hashtable(_InputIterator, _InputIterator, std::_Hashtable<_Key, _Value, _Alloc, _ExtractKey, _Equal, _H1, _H2, _Hash, _RehashPolicy, _Traits>::size_type, const _H1&, const _H2&, const _Hash&, const _Equal&, const _ExtractKey&, const allocator_type&) [with _InputIterator = const std::pair<const long unsigned int, std::vector<unsigned char> >*; _Key = long unsigned int; _Value = std::pair<const long unsigned int, std::vector<unsigned char> >; _Alloc = std::allocator<std::pair<const long unsigned int, std::vector<unsigned char> > >; _ExtractKey = std::__detail::_Select1st; _Equal = std::equal_to<long unsigned int>; _H1 = std::hash<long unsigned int>; _H2 = std::__detail::_Mod_range_hashing; _Hash = std::__detail::_Default_ranged_hash; _RehashPolicy = std::__detail::_Prime_rehash_policy; _Traits = std::__detail::_Hashtable_traits<false, false, true>]	72	static
new_allocator.h:86:7:__gnu_cxx::new_allocator<_Tp>::~new_allocator() [with _Tp = std::__detail::_Hash_node<std::pair<const long unsigned int, std::vector<unsigned char> >, false>]	16	static
hashtable.h:376:7:std::_Hashtable<_Key, _Value, _Alloc, _ExtractKey, _Equal, _H1, _H2, _Hash, _RehashPolicy, _Traits>::__node_type* std::_Hashtable<_Key, _Value, _Alloc, _ExtractKey, _Equal, _H1, _H2, _Hash, _RehashPolicy, _Traits>::_M_begin() const [with _Key = long unsigned int; _Value = std::pair<const long unsigned int, std::vector<unsigned char> >; _Alloc = std::allocator<std::pair<const long unsigned int, std::vector<unsigned char> > >; _ExtractKey = std::__detail::_Select1st; _Equal = std::equal_to<long unsigned int>; _H1 = std::hash<long unsigned int>; _H2 = std::__detail::_Mod_range_hashing; _Hash = std::__detail::_Default_ranged_hash; _RehashPolicy = std::__detail::_Prime_rehash_policy; _Traits = std::__detail::_Hashtable_traits<false, false, true>]	16	static
hashtable_policy.h:2091:5:void std::__detail::_Hashtable_alloc<_NodeAlloc>::_M_deallocate_nodes(std::__detail::_Hashtable_alloc<_NodeAlloc>::__node_type*) [with _NodeAlloc = std::allocator<std::__detail::_Hash_node<std::pair<const long unsigned int, std::vector<unsigned char> >, false> >]	24	static
hashtable.h:358:7:void std::_Hashtable<_Key, _Value, _Alloc, _ExtractKey, _Equal, _H1, _H2, _Hash, _RehashPolicy, _Traits>::_M_deallocate_buckets(std::_Hashtable<_Key, _Value, _Alloc, _ExtractKey, _Equal, _H1, _H2, _Hash, _RehashPolicy, _Traits>::__bucket_type*, std::_Hashtable<_Key, _Value, _Alloc, _ExtractKey, _Equal, _H1, _H2, _Hash, _RehashPolicy, _Traits>::size_type) [with _Key = long unsigned int; _Value = std::pair<const long unsigned int, std::vector<unsigned char> >; _Alloc = std::allocator<std::pair<const long unsigned int, std::vector<unsigned char> > >; _ExtractKey = std::__detail::_Select1st; _Equal = std::equal_to<long unsigned int>; _H1 = std::hash<long unsigned int>; _H2 = std::__detail::_Mod_range_hashing; _Hash = std::__detail::_Default_ranged_hash; _RehashPolicy = std::__detail::_Prime_rehash_policy; _Traits = std::__detail::_Hashtable_traits<false, false, true>]	24	static
stl_vector.h:1511:7:void std::vector<_Tp, _Alloc>::_M_erase_at_end(std::vector<_Tp, _Alloc>::pointer) [with _Tp = gaborator::band_coefs_meta; _Alloc = std::allocator<gaborator::band_coefs_meta>]	24	static
alloc_traits.h:461:7:static void std::allocator_traits<std::allocator<_CharT> >::deallocate(std::allocator_traits<std::allocator<_CharT> >::allocator_type&, std::allocator_traits<std::allocator<_CharT> >::pointer, std::allocator_traits<std::allocator<_CharT> >::size_type) [with _Tp = gaborator::band_coefs_meta]	24	static
alloc_traits.h:516:5:void std::__do_alloc_on_copy(_Alloc&, const _Alloc&, std::false_type) [with _Alloc = std::allocator<gaborator::band_coefs_meta>]	24	static
stl_iterator.h:779:7:__gnu_cxx::__normal_iterator<_Iterator, _Container>::__normal_iterator(const _Iterator&) [with _Iterator = const gaborator::band_coefs_meta*; _Container = std::vector<gaborator::band_coefs_meta>]	16	static
stl_vector.h:169:7:std::_Vector_base<_Tp, _Alloc>::pointer std::_Vector_base<_Tp, _Alloc>::_M_allocate(std::size_t) [with _Tp = gaborator::band_coefs_meta; _Alloc = std::allocator<gaborator::band_coefs_meta>]	16	static
stl_uninitialized.h:287:5:_ForwardIterator std::__uninitialized_copy_a(_InputIterator, _InputIterator, _ForwardIterator, std::allocator<_Tp>&) [with _InputIterator = __gnu_cxx::__normal_iterator<const gaborator::band_coefs_meta*, std::vector<gaborator::band_coefs_meta> >; _ForwardIterator = gaborator::band_coefs_meta*; _Tp = gaborator::band_coefs_meta]	24	static
stl_construct.h:127:5:void std::_Destroy(_ForwardIterator, _ForwardIterator) [with _ForwardIterator = gaborator::band_coefs_meta*]	16	static
cpp_type_traits.h:408:5:_Iterator std::__miter_base(_Iterator) [with _Iterator = __gnu_cxx::__normal_iterator<const gaborator::band_coefs_meta*, std::vector<gaborator::band_coefs_meta> >]	16	static
stl_algobase.h:420:5:_OI std::__copy_move_a2(_II, _II, _OI) [with bool _IsMove = false; _II = __gnu_cxx::__normal_iterator<const gaborator::band_coefs_meta*, std::vector<gaborator::band_coefs_meta> >; _OI = __gnu_cxx::__normal_iterator<gaborator::band_coefs_meta*, std::vector<gaborator::band_coefs_meta> >]	40	static
stl_construct.h:127:5:void std::_Destroy(_ForwardIterator, _ForwardIterator) [with _ForwardIterator = __gnu_cxx::__normal_iterator<gaborator::band_coefs_meta*, std::vector<gaborator::band_coefs_meta> >]	16	static
cpp_type_traits.h:408:5:_Iterator std::__miter_base(_Iterator) [with _Iterator = gaborator::band_coefs_meta*]	16	static
stl_algobase.h:420:5:_OI std::__copy_move_a2(_II, _II, _OI) [with bool _IsMove = false; _II = gaborator::band_coefs_meta*; _OI = gaborator::band_coefs_meta*]	32	static
stl_uninitialized.h:115:5:_ForwardIterator std::uninitialized_copy(_InputIterator, _InputIterator, _ForwardIterator) [with _InputIterator = gaborator::band_coefs_meta*; _ForwardIterator = gaborator::band_coefs_meta*]	32	static
stl_vector.h:92:2:std::_Vector_base<_Tp, _Alloc>::_Vector_impl::_Vector_impl(const _Tp_alloc_type&) [with _Tp = float; _Alloc = std::allocator<float>]	16	static
stl_vector.h:185:7:void std::_Vector_base<_Tp, _Alloc>::_M_create_storage(std::size_t) [with _Tp = float; _Alloc = std::allocator<float>]	16	static
stl_vector.h:176:7:void std::_Vector_base<_Tp, _Alloc>::_M_deallocate(std::_Vector_base<_Tp, _Alloc>::pointer, std::size_t) [with _Tp = float; _Alloc = std::allocator<float>]	24	static
stl_uninitialized.h:643:5:_ForwardIterator std::__uninitialized_default_n_a(_ForwardIterator, _Size, std::allocator<_Tp>&) [with _ForwardIterator = float*; _Size = unsigned int; _Tp = float]	24	static
stl_construct.h:127:5:void std::_Destroy(_ForwardIterator, _ForwardIterator) [with _ForwardIterator = float*]	16	static
stl_vector.h:81:14:std::_Vector_base<gaborator::octave<float>, std::allocator<gaborator::octave<float> > >::_Vector_impl::~_Vector_impl()	16	static
stl_vector.h:126:7:std::_Vector_base<_Tp, _Alloc>::_Vector_base() [with _Tp = gaborator::octave<float>; _Alloc = std::allocator<gaborator::octave<float> >]	16	static
stl_vector.h:161:7:std::_Vector_base<_Tp, _Alloc>::~_Vector_base() [with _Tp = gaborator::octave<float>; _Alloc = std::allocator<gaborator::octave<float> >]	16	static
stl_vector.h:115:7:std::_Vector_base<_Tp, _Alloc>::_Tp_alloc_type& std::_Vector_base<_Tp, _Alloc>::_M_get_Tp_allocator() [with _Tp = gaborator::octave<float>; _Alloc = std::allocator<gaborator::octave<float> >]	16	static
stl_construct.h:203:5:void std::_Destroy(_ForwardIterator, _ForwardIterator, std::allocator<_T2>&) [with _ForwardIterator = gaborator::octave<float>*; _Tp = gaborator::octave<float>]	24	static
stl_vector.h:81:14:std::_Vector_base<gaborator::ref<gaborator::zone<float> >, std::allocator<gaborator::ref<gaborator::zone<float> > > >::_Vector_impl::~_Vector_impl()	16	static
stl_vector.h:126:7:std::_Vector_base<_Tp, _Alloc>::_Vector_base() [with _Tp = gaborator::ref<gaborator::zone<float> >; _Alloc = std::allocator<gaborator::ref<gaborator::zone<float> > >]	16	static
stl_vector.h:161:7:std::_Vector_base<_Tp, _Alloc>::~_Vector_base() [with _Tp = gaborator::ref<gaborator::zone<float> >; _Alloc = std::allocator<gaborator::ref<gaborator::zone<float> > >]	16	static
stl_vector.h:115:7:std::_Vector_base<_Tp, _Alloc>::_Tp_alloc_type& std::_Vector_base<_Tp, _Alloc>::_M_get_Tp_allocator() [with _Tp = gaborator::ref<gaborator::zone<float> >; _Alloc = std::allocator<gaborator::ref<gaborator::zone<float> > >]	16	static
stl_construct.h:203:5:void std::_Destroy(_ForwardIterator, _ForwardIterator, std::allocator<_T2>&) [with _ForwardIterator = gaborator::ref<gaborator::zone<float> >*; _Tp = gaborator::ref<gaborator::zone<float> >]	24	static
stl_vector.h:81:14:std::_Vector_base<gaborator::ref<gaborator::analyzer<float>::plan>, std::allocator<gaborator::ref<gaborator::analyzer<float>::plan> > >::_Vector_impl::~_Vector_impl()	16	static
stl_vector.h:126:7:std::_Vector_base<_Tp, _Alloc>::_Vector_base() [with _Tp = gaborator::ref<gaborator::analyzer<float>::plan>; _Alloc = std::allocator<gaborator::ref<gaborator::analyzer<float>::plan> >]	16	static
stl_vector.h:161:7:std::_Vector_base<_Tp, _Alloc>::~_Vector_base() [with _Tp = gaborator::ref<gaborator::analyzer<float>::plan>; _Alloc = std::allocator<gaborator::ref<gaborator::analyzer<float>::plan> >]	16	static
stl_vector.h:115:7:std::_Vector_base<_Tp, _Alloc>::_Tp_alloc_type& std::_Vector_base<_Tp, _Alloc>::_M_get_Tp_allocator() [with _Tp = gaborator::ref<gaborator::analyzer<float>::plan>; _Alloc = std::allocator<gaborator::ref<gaborator::analyzer<float>::plan> >]	16	static
stl_construct.h:203:5:void std::_Destroy(_ForwardIterator, _ForwardIterator, std::allocator<_T2>&) [with _ForwardIterator = gaborator::ref<gaborator::analyzer<float>::plan>*; _Tp = gaborator::ref<gaborator::analyzer<float>::plan>]	24	static
ref.h:49:10:void gaborator::ref<T>::reset() [with T = gaborator::coefs_meta]	16	static
gaborator.h:2143:9:int gaborator::analyzer<T>::band_lowpass() const [with T = float]	16	static
gaborator.h:1447:10:void gaborator::analyzer<T>::make_zone(int, unsigned int, int, int, bool, int) [with T = float]	88	static
move.h:98:5:constexpr typename std::remove_reference< <template-parameter-1-1> >::type&& std::move(_Tp&&) [with _Tp = gaborator::octave<float>&]	16	static
stl_vector.h:953:7:void std::vector<_Tp, _Alloc>::push_back(std::vector<_Tp, _Alloc>::value_type&&) [with _Tp = gaborator::octave<float>; _Alloc = std::allocator<gaborator::octave<float> >]	16	static
stl_vector.h:895:7:std::vector<_Tp, _Alloc>::reference std::vector<_Tp, _Alloc>::back() [with _Tp = gaborator::octave<float>; _Alloc = std::allocator<gaborator::octave<float> >]	24	static
stl_vector.h:795:7:std::vector<_Tp, _Alloc>::reference std::vector<_Tp, _Alloc>::operator[](std::vector<_Tp, _Alloc>::size_type) [with _Tp = gaborator::ref<gaborator::zone<float> >; _Alloc = std::allocator<gaborator::ref<gaborator::zone<float> > >]	16	static
ref.h:60:8:T* gaborator::ref<T>::get() const [with T = gaborator::zone<float>]	16	static
stl_vector.h:670:7:std::vector<_Tp, _Alloc>::size_type std::vector<_Tp, _Alloc>::size() const [with _Tp = gaborator::octave<float>; _Alloc = std::allocator<gaborator::octave<float> >]	16	static
ref.h:49:10:void gaborator::ref<T>::reset() [with T = gaborator::analyzer<float>::plan]	16	static
stl_vector.h:259:7:std::vector<_Tp, _Alloc>::vector() [with _Tp = float; _Alloc = std::allocator<float>]	16	static
allocator.h:131:7:std::allocator< <template-parameter-1-1> >::allocator() [with _Tp = std::_Rb_tree_node<std::pair<const int, gaborator::fft<std::complex<float>*>*> >]	16	static
allocator.h:139:7:std::allocator< <template-parameter-1-1> >::~allocator() [with _Tp = std::_Rb_tree_node<std::pair<const int, gaborator::fft<std::complex<float>*>*> >]	16	static
stl_tree.h:146:7:std::_Rb_tree_key_compare<_Key_compare>::_Rb_tree_key_compare() [with _Key_compare = std::less<int>]	16	static
stl_tree.h:948:7:std::_Rb_tree<_Key, _Val, _KeyOfValue, _Compare, _Alloc>::~_Rb_tree() [with _Key = int; _Val = std::pair<const int, gaborator::fft<std::complex<float>*>*>; _KeyOfValue = std::_Select1st<std::pair<const int, gaborator::fft<std::complex<float>*>*> >; _Compare = std::less<int>; _Alloc = std::allocator<std::pair<const int, gaborator::fft<std::complex<float>*>*> >]	16	static
move.h:73:5:constexpr _Tp&& std::forward(typename std::remove_reference<_From>::type&) [with _Tp = const int&]	16	static
move.h:73:5:constexpr _Tp&& std::forward(typename std::remove_reference<_From>::type&) [with _Tp = gaborator::fft<std::complex<float>*>*]	16	static
stl_pair.h:314:18:constexpr std::pair<_T1, _T2>::pair(const _T1&, _U2&&) [with _U2 = gaborator::fft<std::complex<float>*>*; typename std::enable_if<std::_PCC<true, _T1, _T2>::_CopyMovePair<true, _T1, _U2>(), bool>::type <anonymous> = 1; _T1 = int; _T2 = gaborator::fft<std::complex<float>*>*]	24	static
stl_pair.h:519:5:constexpr std::pair<typename std::__decay_and_strip<_Tp>::__type, typename std::__decay_and_strip<_T2>::__type> std::make_pair(_T1&&, _T2&&) [with _T1 = const int&; _T2 = gaborator::fft<std::complex<float>*>*]	32	static
pool.h:29:8:T* gaborator::pool<T, K>::get(const K&) [with T = gaborator::fft<std::complex<float>*>; K = int]	48	static
stl_vector.h:689:7:void std::vector<_Tp, _Alloc>::resize(std::vector<_Tp, _Alloc>::size_type) [with _Tp = float; _Alloc = std::allocator<float>]	16	static
stl_vector.h:563:7:std::vector<_Tp, _Alloc>::iterator std::vector<_Tp, _Alloc>::begin() [with _Tp = float; _Alloc = std::allocator<float>]	24	static
stl_vector.h:581:7:std::vector<_Tp, _Alloc>::iterator std::vector<_Tp, _Alloc>::end() [with _Tp = float; _Alloc = std::allocator<float>]	24	static
stl_algobase.h:446:5:_OI std::copy(_II, _II, _OI) [with _II = __gnu_cxx::__normal_iterator<float*, std::vector<float> >; _OI = __gnu_cxx::__normal_iterator<float*, std::vector<float> >]	32	static
gaborator.h:991:6:void gaborator::scale_vector(V&, S) [with V = std::vector<float>; S = double]	48	static
ref.h:65:10:void gaborator::ref<T>::_incref() [with T = gaborator::analyzer<float>::plan]	16	static
ref.h:53:10:void gaborator::ref<T>::reset(T*) [with T = gaborator::analyzer<float>::plan]	16	static
move.h:73:5:constexpr _Tp&& std::forward(typename std::remove_reference<_From>::type&) [with _Tp = const gaborator::ref<gaborator::analyzer<float>::plan>&]	16	static
alloc_traits.h:474:2:) [with _Up = gaborator::ref<gaborator::analyzer<float>::plan>; _Args = {const gaborator::ref<gaborator::analyzer<float>::plan>&}; _Tp = gaborator::ref<gaborator::analyzer<float>::plan>]	24	static
stl_vector.h:581:7:std::vector<_Tp, _Alloc>::iterator std::vector<_Tp, _Alloc>::end() [with _Tp = gaborator::ref<gaborator::analyzer<float>::plan>; _Alloc = std::allocator<gaborator::ref<gaborator::analyzer<float>::plan> >]	24	static
vector.tcc:394:7:) [with _Args = {const gaborator::ref<gaborator::analyzer<float>::plan>&}; _Tp = gaborator::ref<gaborator::analyzer<float>::plan>; _Alloc = std::allocator<gaborator::ref<gaborator::analyzer<float>::plan> >]	56	static
ref.h:60:8:T* gaborator::ref<T>::get() const [with T = gaborator::analyzer<float>::plan]	16	static
stl_vector.h:670:7:std::vector<_Tp, _Alloc>::size_type std::vector<_Tp, _Alloc>::size() const [with _Tp = gaborator::ref<gaborator::zone<float> >; _Alloc = std::allocator<gaborator::ref<gaborator::zone<float> > >]	16	static
gaborator.h:2386:10:void gaborator::analyzer<T>::make_band_plans_2(std::vector<gaborator::ref<gaborator::band_params<T> > >&, int, bool, bool) [with T = float]	160	static
stl_vector.h:670:7:std::vector<_Tp, _Alloc>::size_type std::vector<_Tp, _Alloc>::size() const [with _Tp = gaborator::ref<gaborator::band_params<float> >; _Alloc = std::allocator<gaborator::ref<gaborator::band_params<float> > >]	16	static
stl_vector.h:795:7:std::vector<_Tp, _Alloc>::reference std::vector<_Tp, _Alloc>::operator[](std::vector<_Tp, _Alloc>::size_type) [with _Tp = gaborator::ref<gaborator::band_params<float> >; _Alloc = std::allocator<gaborator::ref<gaborator::band_params<float> > >]	16	static
ref.h:60:8:T* gaborator::ref<T>::get() const [with T = gaborator::band_params<float>]	16	static
stl_vector.h:795:7:std::vector<_Tp, _Alloc>::reference std::vector<_Tp, _Alloc>::operator[](std::vector<_Tp, _Alloc>::size_type) [with _Tp = gaborator::band_plan<float>; _Alloc = std::allocator<gaborator::band_plan<float> >]	16	static
gaborator.h:2488:5:void gaborator::analyzer<T>::accumulate_power(gaborator::analyzer<T>::plan&, gaborator::band_params<T>*, gaborator::band_plan<T>*, T*) [with T = float]	48	static
move.h:98:5:constexpr typename std::remove_reference< <template-parameter-1-1> >::type&& std::move(_Tp&&) [with _Tp = std::vector<float>&]	16	static
stl_vector.h:461:7:std::vector<_Tp, _Alloc>& std::vector<_Tp, _Alloc>::operator=(std::vector<_Tp, _Alloc>&&) [with _Tp = float; _Alloc = std::allocator<float>]	32	static
pod_vector.h:27:5:gaborator::pod_vector<T>::pod_vector() [with T = std::complex<float>]	16	static
pod_vector.h:35:5:gaborator::pod_vector<T>::~pod_vector() [with T = std::complex<float>]	16	static
pod_vector.h:94:17:gaborator::pod_vector<T>& gaborator::pod_vector<T>::operator=(gaborator::pod_vector<T>&&) [with T = std::complex<float>]	16	static
stl_vector.h:1247:7:void std::vector<_Tp, _Alloc>::clear() [with _Tp = gaborator::ref<gaborator::band_params<float> >; _Alloc = std::allocator<gaborator::ref<gaborator::band_params<float> > >]	16	static
stl_vector.h:259:7:std::vector<_Tp, _Alloc>::vector() [with _Tp = gaborator::zone_coefs_meta; _Alloc = std::allocator<gaborator::zone_coefs_meta>]	16	static
stl_vector.h:433:7:std::vector<_Tp, _Alloc>::~vector() [with _Tp = gaborator::zone_coefs_meta; _Alloc = std::allocator<gaborator::zone_coefs_meta>]	24	static
stl_vector.h:259:7:std::vector<_Tp, _Alloc>::vector() [with _Tp = gaborator::oct_coefs_meta; _Alloc = std::allocator<gaborator::oct_coefs_meta>]	16	static
stl_vector.h:433:7:std::vector<_Tp, _Alloc>::~vector() [with _Tp = gaborator::oct_coefs_meta; _Alloc = std::allocator<gaborator::oct_coefs_meta>]	24	static
stl_vector.h:689:7:void std::vector<_Tp, _Alloc>::resize(std::vector<_Tp, _Alloc>::size_type) [with _Tp = gaborator::zone_coefs_meta; _Alloc = std::allocator<gaborator::zone_coefs_meta>]	16	static
stl_vector.h:813:7:std::vector<_Tp, _Alloc>::const_reference std::vector<_Tp, _Alloc>::operator[](std::vector<_Tp, _Alloc>::size_type) const [with _Tp = gaborator::ref<gaborator::zone<float> >; _Alloc = std::allocator<gaborator::ref<gaborator::zone<float> > >]	16	static
allocator.h:131:7:std::allocator< <template-parameter-1-1> >::allocator() [with _Tp = gaborator::band_coefs_meta]	16	static
allocator.h:139:7:std::allocator< <template-parameter-1-1> >::~allocator() [with _Tp = gaborator::band_coefs_meta]	16	static
stl_vector.h:283:7:std::vector<_Tp, _Alloc>::vector(std::vector<_Tp, _Alloc>::size_type, const allocator_type&) [with _Tp = gaborator::band_coefs_meta; _Alloc = std::allocator<gaborator::band_coefs_meta>]	24	static
stl_vector.h:433:7:std::vector<_Tp, _Alloc>::~vector() [with _Tp = gaborator::band_coefs_meta; _Alloc = std::allocator<gaborator::band_coefs_meta>]	24	static
ref.h:61:8:T* gaborator::ref<T>::operator->() const [with T = gaborator::band_params<float>]	16	static
stl_vector.h:795:7:std::vector<_Tp, _Alloc>::reference std::vector<_Tp, _Alloc>::operator[](std::vector<_Tp, _Alloc>::size_type) [with _Tp = gaborator::band_coefs_meta; _Alloc = std::allocator<gaborator::band_coefs_meta>]	16	static
stl_vector.h:795:7:std::vector<_Tp, _Alloc>::reference std::vector<_Tp, _Alloc>::operator[](std::vector<_Tp, _Alloc>::size_type) [with _Tp = gaborator::zone_coefs_meta; _Alloc = std::allocator<gaborator::zone_coefs_meta>]	16	static
stl_vector.h:689:7:void std::vector<_Tp, _Alloc>::resize(std::vector<_Tp, _Alloc>::size_type) [with _Tp = gaborator::oct_coefs_meta; _Alloc = std::allocator<gaborator::oct_coefs_meta>]	16	static
stl_vector.h:813:7:std::vector<_Tp, _Alloc>::const_reference std::vector<_Tp, _Alloc>::operator[](std::vector<_Tp, _Alloc>::size_type) const [with _Tp = gaborator::octave<float>; _Alloc = std::allocator<gaborator::octave<float> >]	16	static
ref.h:65:10:void gaborator::ref<T>::_incref() [with T = gaborator::coefs_meta]	16	static
ref.h:53:10:void gaborator::ref<T>::reset(T*) [with T = gaborator::coefs_meta]	16	static
new_allocator.h:79:7:__gnu_cxx::new_allocator<_Tp>::new_allocator() [with _Tp = gaborator::sliced_coefs<std::complex<float> >]	16	static
new_allocator.h:86:7:__gnu_cxx::new_allocator<_Tp>::~new_allocator() [with _Tp = gaborator::sliced_coefs<std::complex<float> >]	16	static
stl_vector.h:136:7:std::_Vector_base<_Tp, _Alloc>::_Vector_base(std::size_t, const allocator_type&) [with _Tp = gaborator::sliced_coefs<std::complex<float> >; _Alloc = std::allocator<gaborator::sliced_coefs<std::complex<float> > >]	24	static
stl_vector.h:1344:7:void std::vector<_Tp, _Alloc>::_M_default_initialize(std::vector<_Tp, _Alloc>::size_type) [with _Tp = gaborator::sliced_coefs<std::complex<float> >; _Alloc = std::allocator<gaborator::sliced_coefs<std::complex<float> > >]	24	static
stl_vector.h:176:7:void std::_Vector_base<_Tp, _Alloc>::_M_deallocate(std::_Vector_base<_Tp, _Alloc>::pointer, std::size_t) [with _Tp = gaborator::sliced_coefs<std::complex<float> >; _Alloc = std::allocator<gaborator::sliced_coefs<std::complex<float> > >]	24	static
stl_construct.h:127:5:void std::_Destroy(_ForwardIterator, _ForwardIterator) [with _ForwardIterator = gaborator::sliced_coefs<std::complex<float> >*]	16	static
gaborator.h:1083:5:gaborator::buffers<T>::buffers(unsigned int, unsigned int) [with T = float]	24	static
gaborator.h:1098:5:gaborator::buffers<T>::~buffers() [with T = float]	16	static
gaborator.h:1782:5:void gaborator::analyzer<T>::analyze_sliced(gaborator::buffers<T>&, int, const T*, gaborator::sample_index_t, gaborator::sample_index_t, double, gaborator::coefs<T>&) const [with T = float]	464	static
stl_algobase.h:219:5:constexpr const _Tp& std::max(const _Tp&, const _Tp&) [with _Tp = long long int]	16	static
stl_algobase.h:195:5:constexpr const _Tp& std::min(const _Tp&, const _Tp&) [with _Tp = long long int]	16	static
gaborator.h:1609:12:double gaborator::analyzer<T>::analysis_support(double) const [with T = float]	32	static
gaborator.h:2166:9:int gaborator::analyzer<T>::band_scale_exp(int) const [with T = float]	40	static
gaborator.h:1159:6:void gaborator::get_band_coef_bounds(const gaborator::coefs<T, C>&, int, gaborator::coef_index_t&, gaborator::coef_index_t&) [with T = float; C = std::complex<float>]	48	static
render.h:172:4:OI gaborator::render_noyscale(const gaborator::analyzer<T>&, const gaborator::coefs<T, C>&, gaborator::affine_transform, int64_t, int64_t, int64_t, int64_t, OI, int64_t, NORMF) [with OI = float*; T = float; C = std::complex<float>; NORMF = gaborator::complex_abs_fob<float>; RESAMPLER = gaborator::lanczos2_pow2_resampler]	88	static
pod_vector.h:30:14:gaborator::pod_vector<T>::pod_vector(size_t) [with T = float]	16	static
pod_vector.h:35:5:gaborator::pod_vector<T>::~pod_vector() [with T = float]	16	static
pod_vector.h:48:8:T* gaborator::pod_vector<T>::data() [with T = float]	16	static
render.h:203:5:gaborator::transverse_source<T, OI>::transverse_source(T*, int64_t, int64_t, int64_t, int64_t, int64_t) [with T = float; OI = float*]	24	static
render.h:235:5:gaborator::stride_iterator<I>::stride_iterator(I, size_t) [with I = float*]	24	static
resample2.h:292:8:OI gaborator::lanczos2_pow2_resampler::operator()(const S&, int64_t, int64_t, OI) const [with S = gaborator::transverse_source<float, float*>; OI = gaborator::stride_iterator<float*>]	88	static
allocator.h:133:7:std::allocator< <template-parameter-1-1> >::allocator(const std::allocator< <template-parameter-1-1> >&) [with _Tp = unsigned char]	16	static
alloc_traits.h:461:7:static void std::allocator_traits<std::allocator<_CharT> >::deallocate(std::allocator_traits<std::allocator<_CharT> >::allocator_type&, std::allocator_traits<std::allocator<_CharT> >::pointer, std::allocator_traits<std::allocator<_CharT> >::size_type) [with _Tp = unsigned char]	24	static
stl_iterator_base_funcs.h:98:5:constexpr typename std::iterator_traits<_Iterator>::difference_type std::__distance(_RandomAccessIterator, _RandomAccessIterator, std::random_access_iterator_tag) [with _RandomAccessIterator = const unsigned char*]	24	static
alloc_traits.h:435:7:static _Tp* std::allocator_traits<std::allocator<_CharT> >::allocate(std::allocator_traits<std::allocator<_CharT> >::allocator_type&, std::allocator_traits<std::allocator<_CharT> >::size_type) [with _Tp = unsigned char]	16	static
stl_uninitialized.h:115:5:_ForwardIterator std::uninitialized_copy(_InputIterator, _InputIterator, _ForwardIterator) [with _InputIterator = const unsigned char*; _ForwardIterator = unsigned char*]	32	static
stl_construct.h:117:9:static void std::_Destroy_aux<true>::__destroy(_ForwardIterator, _ForwardIterator) [with _ForwardIterator = unsigned char*]	16	static
alloc_traits.h:504:7:static std::allocator_traits<std::allocator<_CharT> >::allocator_type std::allocator_traits<std::allocator<_CharT> >::select_on_container_copy_construction(const allocator_type&) [with _Tp = unsigned char]	16	static
stl_vector.h:185:7:void std::_Vector_base<_Tp, _Alloc>::_M_create_storage(std::size_t) [with _Tp = unsigned char; _Alloc = std::allocator<unsigned char>]	16	static
stl_iterator.h:779:7:__gnu_cxx::__normal_iterator<_Iterator, _Container>::__normal_iterator(const _Iterator&) [with _Iterator = const unsigned char*; _Container = std::vector<unsigned char>]	16	static
stl_uninitialized.h:115:5:_ForwardIterator std::uninitialized_copy(_InputIterator, _InputIterator, _ForwardIterator) [with _InputIterator = __gnu_cxx::__normal_iterator<const unsigned char*, std::vector<unsigned char> >; _ForwardIterator = unsigned char*]	32	static
hashtable.h:392:7:std::_Hashtable<_Key, _Value, _Alloc, _ExtractKey, _Equal, _H1, _H2, _Hash, _RehashPolicy, _Traits>::_Hashtable(const _H1&, const _H2&, const _Hash&, const _Equal&, const _ExtractKey&, const allocator_type&) [with _Key = long unsigned int; _Value = std::pair<const long unsigned int, std::vector<unsigned char> >; _Alloc = std::allocator<std::pair<const long unsigned int, std::vector<unsigned char> > >; _ExtractKey = std::__detail::_Select1st; _Equal = std::equal_to<long unsigned int>; _H1 = std::hash<long unsigned int>; _H2 = std::__detail::_Mod_range_hashing; _Hash = std::__detail::_Default_ranged_hash; _RehashPolicy = std::__detail::_Prime_rehash_policy; _Traits = std::__detail::_Hashtable_traits<false, false, true>]	40	static
hashtable_policy.h:78:5:typename std::iterator_traits<_Iterator>::difference_type std::__detail::__distance_fw(_Iterator, _Iterator) [with _Iterator = const std::pair<const long unsigned int, std::vector<unsigned char> >*]	24	static
hashtable.h:346:7:std::_Hashtable<_Key, _Value, _Alloc, _ExtractKey, _Equal, _H1, _H2, _Hash, _RehashPolicy, _Traits>::__bucket_type* std::_Hashtable<_Key, _Value, _Alloc, _ExtractKey, _Equal, _H1, _H2, _Hash, _RehashPolicy, _Traits>::_M_allocate_buckets(std::_Hashtable<_Key, _Value, _Alloc, _ExtractKey, _Equal, _H1, _H2, _Hash, _RehashPolicy, _Traits>::size_type) [with _Key = long unsigned int; _Value = std::pair<const long unsigned int, std::vector<unsigned char> >; _Alloc = std::allocator<std::pair<const long unsigned int, std::vector<unsigned char> > >; _ExtractKey = std::__detail::_Select1st; _Equal = std::equal_to<long unsigned int>; _H1 = std::hash<long unsigned int>; _H2 = std::__detail::_Mod_range_hashing; _Hash = std::__detail::_Default_ranged_hash; _RehashPolicy = std::__detail::_Prime_rehash_policy; _Traits = std::__detail::_Hashtable_traits<false, false, true>]	16	static
hashtable_policy.h:839:7:std::__detail::_Insert_base<_Key, _Value, _Alloc, _ExtractKey, _Equal, _H1, _H2, _Hash, _RehashPolicy, _Traits>::__ireturn_type std::__detail::_Insert_base<_Key, _Value, _Alloc, _ExtractKey, _Equal, _H1, _H2, _Hash, _RehashPolicy, _Traits>::insert(const value_type&) [with _Key = long unsigned int; _Value = std::pair<const long unsigned int, std::vector<unsigned char> >; _Alloc = std::allocator<std::pair<const long unsigned int, std::vector<unsigned char> > >; _ExtractKey = std::__detail::_Select1st; _Equal = std::equal_to<long unsigned int>; _H1 = std::hash<long unsigned int>; _H2 = std::__detail::_Mod_range_hashing; _Hash = std::__detail::_Default_ranged_hash; _RehashPolicy = std::__detail::_Prime_rehash_policy; _Traits = std::__detail::_Hashtable_traits<false, false, true>]	56	static
hashtable_policy.h:297:7:std::__detail::_Hash_node<_Value, false>* std::__detail::_Hash_node<_Value, false>::_M_next() const [with _Value = std::pair<const long unsigned int, std::vector<unsigned char> >]	16	static
hashtable_policy.h:2079:5:void std::__detail::_Hashtable_alloc<_NodeAlloc>::_M_deallocate_node(std::__detail::_Hashtable_alloc<_NodeAlloc>::__node_type*) [with _NodeAlloc = std::allocator<std::__detail::_Hash_node<std::pair<const long unsigned int, std::vector<unsigned char> >, false> >]	24	static
hashtable.h:335:7:bool std::_Hashtable<_Key, _Value, _Alloc, _ExtractKey, _Equal, _H1, _H2, _Hash, _RehashPolicy, _Traits>::_M_uses_single_bucket(std::_Hashtable<_Key, _Value, _Alloc, _ExtractKey, _Equal, _H1, _H2, _Hash, _RehashPolicy, _Traits>::__bucket_type*) const [with _Key = long unsigned int; _Value = std::pair<const long unsigned int, std::vector<unsigned char> >; _Alloc = std::allocator<std::pair<const long unsigned int, std::vector<unsigned char> > >; _ExtractKey = std::__detail::_Select1st; _Equal = std::equal_to<long unsigned int>; _H1 = std::hash<long unsigned int>; _H2 = std::__detail::_Mod_range_hashing; _Hash = std::__detail::_Default_ranged_hash; _RehashPolicy = std::__detail::_Prime_rehash_policy; _Traits = std::__detail::_Hashtable_traits<false, false, true>]	16	static
hashtable_policy.h:2115:5:void std::__detail::_Hashtable_alloc<_NodeAlloc>::_M_deallocate_buckets(std::__detail::_Hashtable_alloc<_NodeAlloc>::__node_base**, std::size_t) [with _NodeAlloc = std::allocator<std::__detail::_Hash_node<std::pair<const long unsigned int, std::vector<unsigned char> >, false> >]	32	static
new_allocator.h:116:7:void __gnu_cxx::new_allocator<_Tp>::deallocate(__gnu_cxx::new_allocator<_Tp>::pointer, __gnu_cxx::new_allocator<_Tp>::size_type) [with _Tp = gaborator::band_coefs_meta]	24	static
alloc_traits.h:435:7:static _Tp* std::allocator_traits<std::allocator<_CharT> >::allocate(std::allocator_traits<std::allocator<_CharT> >::allocator_type&, std::allocator_traits<std::allocator<_CharT> >::size_type) [with _Tp = gaborator::band_coefs_meta]	16	static
stl_uninitialized.h:115:5:_ForwardIterator std::uninitialized_copy(_InputIterator, _InputIterator, _ForwardIterator) [with _InputIterator = __gnu_cxx::__normal_iterator<const gaborator::band_coefs_meta*, std::vector<gaborator::band_coefs_meta> >; _ForwardIterator = gaborator::band_coefs_meta*]	32	static
stl_construct.h:117:9:static void std::_Destroy_aux<true>::__destroy(_ForwardIterator, _ForwardIterator) [with _ForwardIterator = gaborator::band_coefs_meta*]	16	static
stl_iterator.h:983:5:_Iterator std::__niter_base(__gnu_cxx::__normal_iterator<_Iterator, _Container>) [with _Iterator = const gaborator::band_coefs_meta*; _Container = std::vector<gaborator::band_coefs_meta>]	16	static
stl_iterator.h:983:5:_Iterator std::__niter_base(__gnu_cxx::__normal_iterator<_Iterator, _Container>) [with _Iterator = gaborator::band_coefs_meta*; _Container = std::vector<gaborator::band_coefs_meta>]	16	static
stl_algobase.h:375:5:_OI std::__copy_move_a(_II, _II, _OI) [with bool _IsMove = false; _II = const gaborator::band_coefs_meta*; _OI = gaborator::band_coefs_meta*]	32	static
stl_construct.h:117:9:static void std::_Destroy_aux<true>::__destroy(_ForwardIterator, _ForwardIterator) [with _ForwardIterator = __gnu_cxx::__normal_iterator<gaborator::band_coefs_meta*, std::vector<gaborator::band_coefs_meta> >]	16	static
stl_algobase.h:277:5:_Iterator std::__niter_base(_Iterator) [with _Iterator = gaborator::band_coefs_meta*]	16	static
stl_algobase.h:375:5:_OI std::__copy_move_a(_II, _II, _OI) [with bool _IsMove = false; _II = gaborator::band_coefs_meta*; _OI = gaborator::band_coefs_meta*]	32	static
stl_uninitialized.h:99:9:static _ForwardIterator std::__uninitialized_copy<true>::__uninit_copy(_InputIterator, _InputIterator, _ForwardIterator) [with _InputIterator = gaborator::band_coefs_meta*; _ForwardIterator = gaborator::band_coefs_meta*]	24	static
allocator.h:133:7:std::allocator< <template-parameter-1-1> >::allocator(const std::allocator< <template-parameter-1-1> >&) [with _Tp = float]	16	static
stl_vector.h:169:7:std::_Vector_base<_Tp, _Alloc>::pointer std::_Vector_base<_Tp, _Alloc>::_M_allocate(std::size_t) [with _Tp = float; _Alloc = std::allocator<float>]	16	static
alloc_traits.h:461:7:static void std::allocator_traits<std::allocator<_CharT> >::deallocate(std::allocator_traits<std::allocator<_CharT> >::allocator_type&, std::allocator_traits<std::allocator<_CharT> >::pointer, std::allocator_traits<std::allocator<_CharT> >::size_type) [with _Tp = float]	24	static
stl_uninitialized.h:574:5:_ForwardIterator std::__uninitialized_default_n(_ForwardIterator, _Size) [with _ForwardIterator = float*; _Size = unsigned int]	24	static
stl_construct.h:117:9:static void std::_Destroy_aux<true>::__destroy(_ForwardIterator, _ForwardIterator) [with _ForwardIterator = float*]	16	static
stl_vector.h:88:2:std::_Vector_base<_Tp, _Alloc>::_Vector_impl::_Vector_impl() [with _Tp = gaborator::octave<float>; _Alloc = std::allocator<gaborator::octave<float> >]	16	static
allocator.h:139:7:std::allocator< <template-parameter-1-1> >::~allocator() [with _Tp = gaborator::octave<float>]	16	static
stl_vector.h:176:7:void std::_Vector_base<_Tp, _Alloc>::_M_deallocate(std::_Vector_base<_Tp, _Alloc>::pointer, std::size_t) [with _Tp = gaborator::octave<float>; _Alloc = std::allocator<gaborator::octave<float> >]	24	static
stl_construct.h:127:5:void std::_Destroy(_ForwardIterator, _ForwardIterator) [with _ForwardIterator = gaborator::octave<float>*]	16	static
stl_vector.h:88:2:std::_Vector_base<_Tp, _Alloc>::_Vector_impl::_Vector_impl() [with _Tp = gaborator::ref<gaborator::zone<float> >; _Alloc = std::allocator<gaborator::ref<gaborator::zone<float> > >]	16	static
allocator.h:139:7:std::allocator< <template-parameter-1-1> >::~allocator() [with _Tp = gaborator::ref<gaborator::zone<float> >]	16	static
stl_vector.h:176:7:void std::_Vector_base<_Tp, _Alloc>::_M_deallocate(std::_Vector_base<_Tp, _Alloc>::pointer, std::size_t) [with _Tp = gaborator::ref<gaborator::zone<float> >; _Alloc = std::allocator<gaborator::ref<gaborator::zone<float> > >]	24	static
stl_construct.h:127:5:void std::_Destroy(_ForwardIterator, _ForwardIterator) [with _ForwardIterator = gaborator::ref<gaborator::zone<float> >*]	16	static
stl_vector.h:88:2:std::_Vector_base<_Tp, _Alloc>::_Vector_impl::_Vector_impl() [with _Tp = gaborator::ref<gaborator::analyzer<float>::plan>; _Alloc = std::allocator<gaborator::ref<gaborator::analyzer<float>::plan> >]	16	static
allocator.h:139:7:std::allocator< <template-parameter-1-1> >::~allocator() [with _Tp = gaborator::ref<gaborator::analyzer<float>::plan>]	16	static
stl_vector.h:176:7:void std::_Vector_base<_Tp, _Alloc>::_M_deallocate(std::_Vector_base<_Tp, _Alloc>::pointer, std::size_t) [with _Tp = gaborator::ref<gaborator::analyzer<float>::plan>; _Alloc = std::allocator<gaborator::ref<gaborator::analyzer<float>::plan> >]	24	static
stl_construct.h:127:5:void std::_Destroy(_ForwardIterator, _ForwardIterator) [with _ForwardIterator = gaborator::ref<gaborator::analyzer<float>::plan>*]	16	static
ref.h:70:10:void gaborator::ref<T>::_decref() [with T = gaborator::coefs_meta]	16	static
gaborator.h:828:5:gaborator::zone<T>::zone() [with T = float]	16	static
ref.h:41:5:gaborator::ref<T>::ref(T*) [with T = gaborator::zone<float>]	16	static
ref.h:48:5:gaborator::ref<T>::~ref() [with T = gaborator::zone<float>]	16	static
move.h:98:5:constexpr typename std::remove_reference< <template-parameter-1-1> >::type&& std::move(_Tp&&) [with _Tp = gaborator::ref<gaborator::zone<float> >&]	16	static
stl_vector.h:953:7:void std::vector<_Tp, _Alloc>::push_back(std::vector<_Tp, _Alloc>::value_type&&) [with _Tp = gaborator::ref<gaborator::zone<float> >; _Alloc = std::allocator<gaborator::ref<gaborator::zone<float> > >]	16	static
pod_vector.h:27:5:gaborator::pod_vector<T>::pod_vector() [with T = float]	16	static
gaborator.h:312:8:gaborator::band_params<float>::band_params()	16	static
gaborator.h:1529:5:gaborator::band_params<T>* gaborator::analyzer<T>::make_band(int, double, bool, bool) [with T = float]	112	static
gaborator.h:849:6:void gaborator::push(std::vector<gaborator::ref<gaborator::band_params<T> > >&, gaborator::band_params<T>*) [with T = float]	24	static
move.h:73:5:constexpr _Tp&& std::forward(typename std::remove_reference<_From>::type&) [with _Tp = gaborator::octave<float>]	16	static
vector.tcc:95:7:) [with _Args = {gaborator::octave<float>}; _Tp = gaborator::octave<float>; _Alloc = std::allocator<gaborator::octave<float> >]	24	static
stl_vector.h:581:7:std::vector<_Tp, _Alloc>::iterator std::vector<_Tp, _Alloc>::end() [with _Tp = gaborator::octave<float>; _Alloc = std::allocator<gaborator::octave<float> >]	24	static
stl_iterator.h:840:7:__gnu_cxx::__normal_iterator<_Iterator, _Container> __gnu_cxx::__normal_iterator<_Iterator, _Container>::operator-(__gnu_cxx::__normal_iterator<_Iterator, _Container>::difference_type) const [with _Iterator = gaborator::octave<float>*; _Container = std::vector<gaborator::octave<float>, std::allocator<gaborator::octave<float> > >]	24	static
stl_iterator.h:792:7:__gnu_cxx::__normal_iterator<_Iterator, _Container>::reference __gnu_cxx::__normal_iterator<_Iterator, _Container>::operator*() const [with _Iterator = gaborator::octave<float>*; _Container = std::vector<gaborator::octave<float>, std::allocator<gaborator::octave<float> > >]	16	static
ref.h:70:10:void gaborator::ref<T>::_decref() [with T = gaborator::analyzer<float>::plan]	16	static
stl_vector.h:126:7:std::_Vector_base<_Tp, _Alloc>::_Vector_base() [with _Tp = float; _Alloc = std::allocator<float>]	16	static
new_allocator.h:79:7:__gnu_cxx::new_allocator<_Tp>::new_allocator() [with _Tp = std::_Rb_tree_node<std::pair<const int, gaborator::fft<std::complex<float>*>*> >]	16	static
new_allocator.h:86:7:__gnu_cxx::new_allocator<_Tp>::~new_allocator() [with _Tp = std::_Rb_tree_node<std::pair<const int, gaborator::fft<std::complex<float>*>*> >]	16	static
stl_tree.h:1850:5:void std::_Rb_tree<_Key, _Val, _KeyOfValue, _Compare, _Alloc>::_M_erase(std::_Rb_tree<_Key, _Val, _KeyOfValue, _Compare, _Alloc>::_Link_type) [with _Key = int; _Val = std::pair<const int, gaborator::fft<std::complex<float>*>*>; _KeyOfValue = std::_Select1st<std::pair<const int, gaborator::fft<std::complex<float>*>*> >; _Compare = std::less<int>; _Alloc = std::allocator<std::pair<const int, gaborator::fft<std::complex<float>*>*> >]	24	static
stl_tree.h:736:7:std::_Rb_tree_node<_Val>* std::_Rb_tree<_Key, _Val, _KeyOfValue, _Compare, _Alloc>::_M_begin() [with _Key = int; _Val = std::pair<const int, gaborator::fft<std::complex<float>*>*>; _KeyOfValue = std::_Select1st<std::pair<const int, gaborator::fft<std::complex<float>*>*> >; _Compare = std::less<int>; _Alloc = std::allocator<std::pair<const int, gaborator::fft<std::complex<float>*>*> >]	16	static
move.h:73:5:constexpr _Tp&& std::forward(typename std::remove_reference<_From>::type&) [with _Tp = std::pair<int, gaborator::fft<std::complex<float>*>*>]	16	static
stl_map.h:809:2:std::pair<typename std::_Rb_tree<_Key, std::pair<const _Key, _Tp>, std::_Select1st<std::pair<const _Key, _Tp> >, _Compare, typename __gnu_cxx::__alloc_traits<_Allocator>::rebind<std::pair<const _Key, _Tp> >::other>::iterator, bool> std::map<_Key, _Tp, _Compare, _Alloc>::insert(_Pair&&) [with _Pair = std::pair<int, gaborator::fft<std::complex<float>*>*>; <template-parameter-2-2> = void; _Key = int; _Tp = gaborator::fft<std::complex<float>*>*; _Compare = std::less<int>; _Alloc = std::allocator<std::pair<const int, gaborator::fft<std::complex<float>*>*> >]	32	static
stl_tree.h:277:7:_Tp& std::_Rb_tree_iterator<_Tp>::operator*() const [with _Tp = std::pair<const int, gaborator::fft<std::complex<float>*>*>]	16	static
fft_naive.h:32:5:gaborator::fft<I>::fft(unsigned int) [with I = std::complex<float>*]	32	static
vector.tcc:554:5:void std::vector<_Tp, _Alloc>::_M_default_append(std::vector<_Tp, _Alloc>::size_type) [with _Tp = float; _Alloc = std::allocator<float>]	40	static
stl_vector.h:1511:7:void std::vector<_Tp, _Alloc>::_M_erase_at_end(std::vector<_Tp, _Alloc>::pointer) [with _Tp = float; _Alloc = std::allocator<float>]	24	static
stl_iterator.h:779:7:__gnu_cxx::__normal_iterator<_Iterator, _Container>::__normal_iterator(const _Iterator&) [with _Iterator = float*; _Container = std::vector<float>]	16	static
cpp_type_traits.h:408:5:_Iterator std::__miter_base(_Iterator) [with _Iterator = __gnu_cxx::__normal_iterator<float*, std::vector<float> >]	16	static
stl_algobase.h:420:5:_OI std::__copy_move_a2(_II, _II, _OI) [with bool _IsMove = false; _II = __gnu_cxx::__normal_iterator<float*, std::vector<float> >; _OI = __gnu_cxx::__normal_iterator<float*, std::vector<float> >]	40	static
stl_iterator.h:880:5:bool __gnu_cxx::operator!=(const __gnu_cxx::__normal_iterator<_Iterator, _Container>&, const __gnu_cxx::__normal_iterator<_Iterator, _Container>&) [with _Iterator = float*; _Container = std::vector<float>]	24	static
stl_iterator.h:800:7:__gnu_cxx::__normal_iterator<_Iterator, _Container>& __gnu_cxx::__normal_iterator<_Iterator, _Container>::operator++() [with _Iterator = float*; _Container = std::vector<float>]	16	static
stl_iterator.h:792:7:__gnu_cxx::__normal_iterator<_Iterator, _Container>::reference __gnu_cxx::__normal_iterator<_Iterator, _Container>::operator*() const [with _Iterator = float*; _Container = std::vector<float>]	16	static
ref.h:27:6:void gaborator::incref(T&) [with T = gaborator::analyzer<float>::plan]	16	static
new_allocator.h:135:2:) [with _Up = gaborator::ref<gaborator::analyzer<float>::plan>; _Args = {const gaborator::ref<gaborator::analyzer<float>::plan>&}; _Tp = gaborator::ref<gaborator::analyzer<float>::plan>]	32	static
stl_iterator.h:779:7:__gnu_cxx::__normal_iterator<_Iterator, _Container>::__normal_iterator(const _Iterator&) [with _Iterator = gaborator::ref<gaborator::analyzer<float>::plan>*; _Container = std::vector<gaborator::ref<gaborator::analyzer<float>::plan>, std::allocator<gaborator::ref<gaborator::analyzer<float>::plan> > >]	16	static
stl_vector.h:1497:7:std::vector<_Tp, _Alloc>::size_type std::vector<_Tp, _Alloc>::_M_check_len(std::vector<_Tp, _Alloc>::size_type, const char*) const [with _Tp = gaborator::ref<gaborator::analyzer<float>::plan>; _Alloc = std::allocator<gaborator::ref<gaborator::analyzer<float>::plan> >]	40	static
stl_vector.h:563:7:std::vector<_Tp, _Alloc>::iterator std::vector<_Tp, _Alloc>::begin() [with _Tp = gaborator::ref<gaborator::analyzer<float>::plan>; _Alloc = std::allocator<gaborator::ref<gaborator::analyzer<float>::plan> >]	24	static
[...]
move.h:98:5:constexpr typename std::remove_reference< <template-parameter-1-1> >::type&& std::move(_Tp&&) [with _Tp = std::vector<gaborator::band_coefs_meta>&]	16	static
stl_vector.h:344:7:std::vector<_Tp, _Alloc>::vector(std::vector<_Tp, _Alloc>&&) [with _Tp = gaborator::band_coefs_meta; _Alloc = std::allocator<gaborator::band_coefs_meta>]	24	static
stl_iterator.h:1241:5:base())) std::__miter_base(std::move_iterator<_IteratorL>) [with _Iterator = gaborator::oct_coefs_meta*]	16	static
stl_algobase.h:420:5:_OI std::__copy_move_a2(_II, _II, _OI) [with bool _IsMove = true; _II = gaborator::oct_coefs_meta*; _OI = gaborator::oct_coefs_meta*]	32	static
stl_vector.h:126:7:std::_Vector_base<_Tp, _Alloc>::_Vector_base() [with _Tp = gaborator::ref<gaborator::oct_coefs<std::complex<float> > >; _Alloc = std::allocator<gaborator::ref<gaborator::oct_coefs<std::complex<float> > > >]	16	static
new_allocator.h:116:7:void __gnu_cxx::new_allocator<_Tp>::deallocate(__gnu_cxx::new_allocator<_Tp>::pointer, __gnu_cxx::new_allocator<_Tp>::size_type) [with _Tp = gaborator::ref<gaborator::oct_coefs<std::complex<float> > >]	24	static
stl_construct.h:97:5:void std::_Destroy(_Tp*) [with _Tp = gaborator::ref<gaborator::oct_coefs<std::complex<float> > >]	16	static
vector.tcc:554:5:void std::vector<_Tp, _Alloc>::_M_default_append(std::vector<_Tp, _Alloc>::size_type) [with _Tp = gaborator::ref<gaborator::oct_coefs<std::complex<float> > >; _Alloc = std::allocator<gaborator::ref<gaborator::oct_coefs<std::complex<float> > > >]	40	static
stl_vector.h:1511:7:void std::vector<_Tp, _Alloc>::_M_erase_at_end(std::vector<_Tp, _Alloc>::pointer) [with _Tp = gaborator::ref<gaborator::oct_coefs<std::complex<float> > >; _Alloc = std::allocator<gaborator::ref<gaborator::oct_coefs<std::complex<float> > > >]	24	static
ref.h:44:5:gaborator::ref<T>::ref(const gaborator::ref<T>&) [with T = gaborator::oct_coefs<std::complex<float> >]	16	static
ref.h:48:5:gaborator::ref<T>::~ref() [with T = gaborator::oct_coefs<std::complex<float> >]	16	static
ref.h:47:10:gaborator::ref<T>& gaborator::ref<T>::operator=(const gaborator::ref<T>&) [with T = gaborator::oct_coefs<std::complex<float> >]	16	static
stl_algobase.h:681:5:typename __gnu_cxx::__enable_if<(! std::__is_scalar<_Tp>::__value), void>::__type std::__fill_a(_ForwardIterator, _ForwardIterator, const _Tp&) [with _ForwardIterator = std::complex<float>*; _Tp = std::complex<float>]	24	static
gaborator.h:578:16:gaborator::oct_coefs<C>* gaborator::get_existing_coefs(const gaborator::sliced_coefs<CT>&, gaborator::slice_index_t) [with CT = std::complex<float>]	32	static
render.h:103:10:void gaborator::abs_writer_dest<C, OI>::process_existing_slice(C*, size_t) [with C = std::complex<float>; OI = float*]	24	static
render.h:107:10:void gaborator::abs_writer_dest<C, OI>::process_missing_slice(size_t) [with C = std::complex<float>; OI = float*]	24	static
gaborator.h:2570:6:void gaborator::foreach_slice(unsigned int, gaborator::coef_index_t, gaborator::coef_index_t, F) [with F = gaborator::row_foreach_slice<T, D, C>::operator()(gaborator::coef_index_t, gaborator::coef_index_t, D&) const [with T = float; D = gaborator::abs_writer_dest<std::complex<float>, float*>; C = std::complex<float>]::<lambda(gaborator::slice_index_t, unsigned int, unsigned int)>]	88	static
hashtable_policy.h:255:7:const _Value* std::__detail::_Hash_node_value_base<_Value>::_M_valptr() const [with _Value = std::pair<const long unsigned int, std::vector<unsigned char> >]	16	static
move.h:73:5:constexpr _Tp&& std::forward(typename std::remove_reference<_From>::type&) [with _Tp = const gaborator::ref<gaborator::zone<float> >&]	16	static
stl_construct.h:74:5:) [with _T1 = gaborator::ref<gaborator::zone<float> >; _Args = {const gaborator::ref<gaborator::zone<float> >&}]	24	static
new_allocator.h:129:7:__gnu_cxx::new_allocator<_Tp>::size_type __gnu_cxx::new_allocator<_Tp>::max_size() const [with _Tp = gaborator::ref<gaborator::band_params<float> >]	16	static
stl_uninitialized.h:76:9:static _ForwardIterator std::__uninitialized_copy<_TrivialValueTypes>::__uninit_copy(_InputIterator, _InputIterator, _ForwardIterator) [with _InputIterator = const gaborator::ref<gaborator::band_params<float> >*; _ForwardIterator = gaborator::ref<gaborator::band_params<float> >*; bool _TrivialValueTypes = false]	32	static
stl_iterator.h:1241:5:base())) std::__miter_base(std::move_iterator<_IteratorL>) [with _Iterator = gaborator::octave<float>*]	16	static
stl_algobase.h:420:5:_OI std::__copy_move_a2(_II, _II, _OI) [with bool _IsMove = true; _II = gaborator::octave<float>*; _OI = gaborator::octave<float>*]	32	static
aligned_buffer.h:66:7:const void* __gnu_cxx::__aligned_membuf<_Tp>::_M_addr() const [with _Tp = std::pair<const int, gaborator::fft<std::complex<float>*>*>]	16	static
new_allocator.h:99:7:_Tp* __gnu_cxx::new_allocator<_Tp>::allocate(__gnu_cxx::new_allocator<_Tp>::size_type, const void*) [with _Tp = std::_Rb_tree_node<std::pair<const int, gaborator::fft<std::complex<float>*>*> >]	24	static
new_allocator.h:135:2:) [with _Up = std::pair<const int, gaborator::fft<std::complex<float>*>*>; _Args = {std::pair<int, gaborator::fft<std::complex<float>*>*>}; _Tp = std::_Rb_tree_node<std::pair<const int, gaborator::fft<std::complex<float>*>*> >]	32	static
new_allocator.h:129:7:__gnu_cxx::new_allocator<_Tp>::size_type __gnu_cxx::new_allocator<_Tp>::max_size() const [with _Tp = std::complex<float>]	16	static
stl_iterator.h:1045:7:std::move_iterator<_Iterator>::iterator_type std::move_iterator<_Iterator>::base() const [with _Iterator = float*]	16	static
stl_algobase.h:375:5:_OI std::__copy_move_a(_II, _II, _OI) [with bool _IsMove = true; _II = float*; _OI = float*]	32	static
stl_iterator.h:1124:5:bool std::operator==(const std::move_iterator<_IteratorL>&, const std::move_iterator<_IteratorL>&) [with _Iterator = gaborator::band_plan<float>*]	24	static
stl_vector.h:344:7:std::vector<_Tp, _Alloc>::vector(std::vector<_Tp, _Alloc>&&) [with _Tp = float; _Alloc = std::allocator<float>]	24	static
pod_vector.h:76:5:gaborator::pod_vector<T>::pod_vector(gaborator::pod_vector<T>&&) [with T = std::complex<float>]	16	static
stl_vector.h:88:2:std::_Vector_base<_Tp, _Alloc>::_Vector_impl::_Vector_impl() [with _Tp = gaborator::band_coefs_meta; _Alloc = std::allocator<gaborator::band_coefs_meta>]	16	static
stl_iterator.h:1045:7:std::move_iterator<_Iterator>::iterator_type std::move_iterator<_Iterator>::base() const [with _Iterator = gaborator::zone_coefs_meta*]	16	static
stl_vector.h:144:7:std::_Vector_base<_Tp, _Alloc>::_Vector_base(std::_Vector_base<_Tp, _Alloc>&&) [with _Tp = gaborator::band_coefs_meta; _Alloc = std::allocator<gaborator::band_coefs_meta>]	24	static
stl_iterator.h:1045:7:std::move_iterator<_Iterator>::iterator_type std::move_iterator<_Iterator>::base() const [with _Iterator = gaborator::oct_coefs_meta*]	16	static
cpp_type_traits.h:408:5:_Iterator std::__miter_base(_Iterator) [with _Iterator = gaborator::oct_coefs_meta*]	16	static
stl_algobase.h:375:5:_OI std::__copy_move_a(_II, _II, _OI) [with bool _IsMove = true; _II = gaborator::oct_coefs_meta*; _OI = gaborator::oct_coefs_meta*]	32	static
stl_vector.h:88:2:std::_Vector_base<_Tp, _Alloc>::_Vector_impl::_Vector_impl() [with _Tp = gaborator::ref<gaborator::oct_coefs<std::complex<float> > >; _Alloc = std::allocator<gaborator::ref<gaborator::oct_coefs<std::complex<float> > > >]	16	static
stl_uninitialized.h:643:5:_ForwardIterator std::__uninitialized_default_n_a(_ForwardIterator, _Size, std::allocator<_Tp>&) [with _ForwardIterator = gaborator::ref<gaborator::oct_coefs<std::complex<float> > >*; _Size = unsigned int; _Tp = gaborator::ref<gaborator::oct_coefs<std::complex<float> > >]	24	static
stl_vector.h:1497:7:std::vector<_Tp, _Alloc>::size_type std::vector<_Tp, _Alloc>::_M_check_len(std::vector<_Tp, _Alloc>::size_type, const char*) const [with _Tp = gaborator::ref<gaborator::oct_coefs<std::complex<float> > >; _Alloc = std::allocator<gaborator::ref<gaborator::oct_coefs<std::complex<float> > > >]	40	static
stl_vector.h:169:7:std::_Vector_base<_Tp, _Alloc>::pointer std::_Vector_base<_Tp, _Alloc>::_M_allocate(std::size_t) [with _Tp = gaborator::ref<gaborator::oct_coefs<std::complex<float> > >; _Alloc = std::allocator<gaborator::ref<gaborator::oct_coefs<std::complex<float> > > >]	16	static
stl_uninitialized.h:305:5:_ForwardIterator std::__uninitialized_move_if_noexcept_a(_InputIterator, _InputIterator, _ForwardIterator, _Allocator&) [with _InputIterator = gaborator::ref<gaborator::oct_coefs<std::complex<float> > >*; _ForwardIterator = gaborator::ref<gaborator::oct_coefs<std::complex<float> > >*; _Allocator = std::allocator<gaborator::ref<gaborator::oct_coefs<std::complex<float> > > >]	32	static
ref.h:49:10:void gaborator::ref<T>::reset() [with T = gaborator::oct_coefs<std::complex<float> >]	16	static
gaborator.h:192:5:const T* gaborator::range_vector<T, I>::get(I) const [with T = gaborator::ref<gaborator::oct_coefs<std::complex<float> > >; I = long long int]	24	static
ref.h:60:8:T* gaborator::ref<T>::get() const [with T = gaborator::oct_coefs<std::complex<float> >]	16	static
vector_math.h:290:1:void gaborator::complex_magnitude(I*, O*, size_t) [with I = std::complex<float>; O = float]	24	static
aligned_buffer.h:113:7:const _Tp* __gnu_cxx::__aligned_buffer<_Tp>::_M_ptr() const [with _Tp = std::pair<const long unsigned int, std::vector<unsigned char> >]	16	static
move.h:73:5:constexpr _Tp&& std::forward(typename std::remove_reference<_From>::type&) [with _Tp = const gaborator::ref<gaborator::band_params<float> >&]	16	static
stl_construct.h:74:5:) [with _T1 = gaborator::ref<gaborator::band_params<float> >; _Args = {const gaborator::ref<gaborator::band_params<float> >&}]	24	static
stl_iterator.h:1045:7:std::move_iterator<_Iterator>::iterator_type std::move_iterator<_Iterator>::base() const [with _Iterator = gaborator::octave<float>*]	16	static
cpp_type_traits.h:408:5:_Iterator std::__miter_base(_Iterator) [with _Iterator = gaborator::octave<float>*]	16	static
stl_algobase.h:277:5:_Iterator std::__niter_base(_Iterator) [with _Iterator = gaborator::octave<float>*]	16	static
stl_algobase.h:375:5:_OI std::__copy_move_a(_II, _II, _OI) [with bool _IsMove = true; _II = gaborator::octave<float>*; _OI = gaborator::octave<float>*]	32	static
new_allocator.h:129:7:__gnu_cxx::new_allocator<_Tp>::size_type __gnu_cxx::new_allocator<_Tp>::max_size() const [with _Tp = std::_Rb_tree_node<std::pair<const int, gaborator::fft<std::complex<float>*>*> >]	16	static
stl_pair.h:349:12:constexpr std::pair<_T1, _T2>::pair(std::pair<_U1, _U2>&&) [with _U1 = int; _U2 = gaborator::fft<std::complex<float>*>*; typename std::enable_if<(std::_PCC<((! std::is_same<_T1, _U1>::value) || (! std::is_same<_T2, _U2>::value)), _T1, _T2>::_MoveConstructiblePair<_U1, _U2>() && std::_PCC<((! std::is_same<_T1, _U1>::value) || (! std::is_same<_T2, _U2>::value)), _T1, _T2>::_ImplicitlyMoveConvertiblePair<_U1, _U2>()), bool>::type <anonymous> = 1; _T1 = const int; _T2 = gaborator::fft<std::complex<float>*>*]	16	static
stl_algobase.h:357:9:static _Tp* std::__copy_move<_IsMove, true, std::random_access_iterator_tag>::__copy_m(const _Tp*, const _Tp*, _Tp*) [with _Tp = float; bool _IsMove = true]	32	static
stl_iterator.h:1045:7:std::move_iterator<_Iterator>::iterator_type std::move_iterator<_Iterator>::base() const [with _Iterator = gaborator::band_plan<float>*]	16	static
stl_vector.h:144:7:std::_Vector_base<_Tp, _Alloc>::_Vector_base(std::_Vector_base<_Tp, _Alloc>&&) [with _Tp = float; _Alloc = std::allocator<float>]	24	static
move.h:98:5:constexpr typename std::remove_reference< <template-parameter-1-1> >::type&& std::move(_Tp&&) [with _Tp = std::allocator<gaborator::band_coefs_meta>&]	16	static
stl_vector.h:97:2:std::_Vector_base<_Tp, _Alloc>::_Vector_impl::_Vector_impl(std::_Vector_base<_Tp, _Alloc>::_Tp_alloc_type&&) [with _Tp = gaborator::band_coefs_meta; _Alloc = std::allocator<gaborator::band_coefs_meta>]	16	static
stl_vector.h:103:7:void std::_Vector_base<_Tp, _Alloc>::_Vector_impl::_M_swap_data(std::_Vector_base<_Tp, _Alloc>::_Vector_impl&) [with _Tp = gaborator::band_coefs_meta; _Alloc = std::allocator<gaborator::band_coefs_meta>]	16	static
stl_algobase.h:357:9:static _Tp* std::__copy_move<_IsMove, true, std::random_access_iterator_tag>::__copy_m(const _Tp*, const _Tp*, _Tp*) [with _Tp = gaborator::oct_coefs_meta; bool _IsMove = true]	32	static
allocator.h:131:7:std::allocator< <template-parameter-1-1> >::allocator() [with _Tp = gaborator::ref<gaborator::oct_coefs<std::complex<float> > >]	16	static
stl_uninitialized.h:574:5:_ForwardIterator std::__uninitialized_default_n(_ForwardIterator, _Size) [with _ForwardIterator = gaborator::ref<gaborator::oct_coefs<std::complex<float> > >*; _Size = unsigned int]	24	static
stl_vector.h:675:7:std::vector<_Tp, _Alloc>::size_type std::vector<_Tp, _Alloc>::max_size() const [with _Tp = gaborator::ref<gaborator::oct_coefs<std::complex<float> > >; _Alloc = std::allocator<gaborator::ref<gaborator::oct_coefs<std::complex<float> > > >]	16	static
alloc_traits.h:435:7:static _Tp* std::allocator_traits<std::allocator<_CharT> >::allocate(std::allocator_traits<std::allocator<_CharT> >::allocator_type&, std::allocator_traits<std::allocator<_CharT> >::size_type) [with _Tp = gaborator::ref<gaborator::oct_coefs<std::complex<float> > >]	16	static
stl_iterator.h:1221:5:_ReturnType std::__make_move_if_noexcept_iterator(_Tp*) [with _Tp = gaborator::ref<gaborator::oct_coefs<std::complex<float> > >; _ReturnType = const gaborator::ref<gaborator::oct_coefs<std::complex<float> > >*]	16	static
stl_uninitialized.h:287:5:_ForwardIterator std::__uninitialized_copy_a(_InputIterator, _InputIterator, _ForwardIterator, std::allocator<_Tp>&) [with _InputIterator = const gaborator::ref<gaborator::oct_coefs<std::complex<float> > >*; _ForwardIterator = gaborator::ref<gaborator::oct_coefs<std::complex<float> > >*; _Tp = gaborator::ref<gaborator::oct_coefs<std::complex<float> > >]	24	static
gaborator.h:185:14:const T* gaborator::range_vector<T, I>::unchecked_get(I) const [with T = gaborator::ref<gaborator::oct_coefs<std::complex<float> > >; I = long long int]	32	static
vector_math.h:93:1:void gaborator::complex_magnitude_naive(I*, O*, size_t) [with I = std::complex<float>; O = float]	48	static
aligned_buffer.h:103:7:const void* __gnu_cxx::__aligned_buffer<_Tp>::_M_addr() const [with _Tp = std::pair<const long unsigned int, std::vector<unsigned char> >]	16	static
stl_algobase.h:357:9:static _Tp* std::__copy_move<_IsMove, true, std::random_access_iterator_tag>::__copy_m(const _Tp*, const _Tp*, _Tp*) [with _Tp = gaborator::octave<float>; bool _IsMove = true]	32	static
stl_vector.h:97:2:std::_Vector_base<_Tp, _Alloc>::_Vector_impl::_Vector_impl(std::_Vector_base<_Tp, _Alloc>::_Tp_alloc_type&&) [with _Tp = float; _Alloc = std::allocator<float>]	16	static
move.h:98:5:constexpr typename std::remove_reference< <template-parameter-1-1> >::type&& std::move(_Tp&&) [with _Tp = gaborator::band_coefs_meta*&]	16	static
move.h:187:5:typename std::enable_if<std::__and_<std::__not_<std::__is_tuple_like<_Tp> >, std::is_move_constructible<_Tp>, std::is_move_assignable<_Tp> >::value>::type std::swap(_Tp&, _Tp&) [with _Tp = gaborator::band_coefs_meta*]	24	static
new_allocator.h:79:7:__gnu_cxx::new_allocator<_Tp>::new_allocator() [with _Tp = gaborator::ref<gaborator::oct_coefs<std::complex<float> > >]	16	static
stl_uninitialized.h:521:9:static _ForwardIterator std::__uninitialized_default_n_1<_TrivialValueType>::__uninit_default_n(_ForwardIterator, _Size) [with _ForwardIterator = gaborator::ref<gaborator::oct_coefs<std::complex<float> > >*; _Size = unsigned int; bool _TrivialValueType = false]	24	static
alloc_traits.h:495:7:static std::allocator_traits<std::allocator<_CharT> >::size_type std::allocator_traits<std::allocator<_CharT> >::max_size(const allocator_type&) [with _Tp = gaborator::ref<gaborator::oct_coefs<std::complex<float> > >]	16	static
stl_vector.h:119:7:const _Tp_alloc_type& std::_Vector_base<_Tp, _Alloc>::_M_get_Tp_allocator() const [with _Tp = gaborator::ref<gaborator::oct_coefs<std::complex<float> > >; _Alloc = std::allocator<gaborator::ref<gaborator::oct_coefs<std::complex<float> > > >]	16	static
new_allocator.h:99:7:_Tp* __gnu_cxx::new_allocator<_Tp>::allocate(__gnu_cxx::new_allocator<_Tp>::size_type, const void*) [with _Tp = gaborator::ref<gaborator::oct_coefs<std::complex<float> > >]	24	static
stl_uninitialized.h:115:5:_ForwardIterator std::uninitialized_copy(_InputIterator, _InputIterator, _ForwardIterator) [with _InputIterator = const gaborator::ref<gaborator::oct_coefs<std::complex<float> > >*; _ForwardIterator = gaborator::ref<gaborator::oct_coefs<std::complex<float> > >*]	32	static
stl_vector.h:813:7:std::vector<_Tp, _Alloc>::const_reference std::vector<_Tp, _Alloc>::operator[](std::vector<_Tp, _Alloc>::size_type) const [with _Tp = gaborator::ref<gaborator::oct_coefs<std::complex<float> > >; _Alloc = std::allocator<gaborator::ref<gaborator::oct_coefs<std::complex<float> > > >]	16	static
stl_construct.h:74:5:) [with _T1 = gaborator::ref<gaborator::oct_coefs<std::complex<float> > >; _Args = {}]	16	static
new_allocator.h:129:7:__gnu_cxx::new_allocator<_Tp>::size_type __gnu_cxx::new_allocator<_Tp>::max_size() const [with _Tp = gaborator::ref<gaborator::oct_coefs<std::complex<float> > >]	16	static
stl_uninitialized.h:76:9:static _ForwardIterator std::__uninitialized_copy<_TrivialValueTypes>::__uninit_copy(_InputIterator, _InputIterator, _ForwardIterator) [with _InputIterator = const gaborator::ref<gaborator::oct_coefs<std::complex<float> > >*; _ForwardIterator = gaborator::ref<gaborator::oct_coefs<std::complex<float> > >*; bool _TrivialValueTypes = false]	32	static
ref.h:40:5:gaborator::ref<T>::ref() [with T = gaborator::oct_coefs<std::complex<float> >]	16	static
move.h:73:5:constexpr _Tp&& std::forward(typename std::remove_reference<_From>::type&) [with _Tp = const gaborator::ref<gaborator::oct_coefs<std::complex<float> > >&]	16	static
stl_construct.h:74:5:) [with _T1 = gaborator::ref<gaborator::oct_coefs<std::complex<float> > >; _Args = {const gaborator::ref<gaborator::oct_coefs<std::complex<float> > >&}]	24	static
spectogram.cpp:76:1:void __static_initialization_and_destruction_0(int, int)	896	static
pool.h:24:5:gaborator::pool<T, K>::~pool() [with T = gaborator::fft<std::complex<float>*>; K = int]	32	static
stl_map.h:348:7:std::map<_Key, _Tp, _Compare, _Alloc>::iterator std::map<_Key, _Tp, _Compare, _Alloc>::begin() [with _Key = int; _Tp = gaborator::fft<std::complex<float>*>*; _Compare = std::less<int>; _Alloc = std::allocator<std::pair<const int, gaborator::fft<std::complex<float>*>*> >]	16	static
stl_map.h:366:7:std::map<_Key, _Tp, _Compare, _Alloc>::iterator std::map<_Key, _Tp, _Compare, _Alloc>::end() [with _Key = int; _Tp = gaborator::fft<std::complex<float>*>*; _Compare = std::less<int>; _Alloc = std::allocator<std::pair<const int, gaborator::fft<std::complex<float>*>*> >]	16	static
stl_tree.h:319:7:bool std::_Rb_tree_iterator<_Tp>::operator!=(const _Self&) const [with _Tp = std::pair<const int, gaborator::fft<std::complex<float>*>*>]	16	static
stl_tree.h:292:7:std::_Rb_tree_iterator<_Tp>::_Self std::_Rb_tree_iterator<_Tp>::operator++(int) [with _Tp = std::pair<const int, gaborator::fft<std::complex<float>*>*>]	24	static
fft_naive.h:33:5:gaborator::fft<I>::~fft() [with I = std::complex<float>*]	16	static
stl_tree.h:968:7:std::_Rb_tree<_Key, _Val, _KeyOfValue, _Compare, _Alloc>::iterator std::_Rb_tree<_Key, _Val, _KeyOfValue, _Compare, _Alloc>::end() [with _Key = int; _Val = std::pair<const int, gaborator::fft<std::complex<float>*>*>; _KeyOfValue = std::_Select1st<std::pair<const int, gaborator::fft<std::complex<float>*>*> >; _Compare = std::less<int>; _Alloc = std::allocator<std::pair<const int, gaborator::fft<std::complex<float>*>*> >]	24	static
spectogram.cpp:76:1:cpp)	8	static
spectogram.cpp:76:1:cpp)	8	static
