Archive member included to satisfy reference by file (symbol)

C:\Users\rprch\STM32Cube\Repository\STM32Cube_FW_F4_V1.25.2\Middlewares\ST\STM32_Audio\Addons\PDM\Lib\libPDMFilter_CM4_GCC_wc32.a(pdm_filter.o)
                              Drivers/BSP/STM32F411E-Discovery/stm32f411e_discovery_audio.o (PDM_Filter_Init)
C:\Users\rprch\STM32Cube\Repository\STM32Cube_FW_F4_V1.25.2\Middlewares\ST\STM32_Audio\Addons\PDM\Lib\libPDMFilter_CM4_GCC_wc32.a(stm32_crc_lock.o)
                              C:\Users\rprch\STM32Cube\Repository\STM32Cube_FW_F4_V1.25.2\Middlewares\ST\STM32_Audio\Addons\PDM\Lib\libPDMFilter_CM4_GCC_wc32.a(pdm_filter.o) (CRC_Lock)
c:/st/stm32cubeide_1.4.0/stm32cubeide/plugins/com.st.stm32cube.ide.mcu.externaltools.gnu-tools-for-stm32.7-2018-q2-update.win32_1.4.0.202007081208/tools/bin/../lib/gcc/arm-none-eabi/7.3.1/../../../../arm-none-eabi/lib/thumb/v7e-m/fpv4-sp/hard\libc_nano.a(lib_a-errno.o)
                              Core/Src/syscalls.o (__errno)
c:/st/stm32cubeide_1.4.0/stm32cubeide/plugins/com.st.stm32cube.ide.mcu.externaltools.gnu-tools-for-stm32.7-2018-q2-update.win32_1.4.0.202007081208/tools/bin/../lib/gcc/arm-none-eabi/7.3.1/../../../../arm-none-eabi/lib/thumb/v7e-m/fpv4-sp/hard\libc_nano.a(lib_a-exit.o)
                              c:/st/stm32cubeide_1.4.0/stm32cubeide/plugins/com.st.stm32cube.ide.mcu.externaltools.gnu-tools-for-stm32.7-2018-q2-update.win32_1.4.0.202007081208/tools/bin/../lib/gcc/arm-none-eabi/7.3.1/../../../../arm-none-eabi/lib/thumb/v7e-m/fpv4-sp/hard/crt0.o (exit)
c:/st/stm32cubeide_1.4.0/stm32cubeide/plugins/com.st.stm32cube.ide.mcu.externaltools.gnu-tools-for-stm32.7-2018-q2-update.win32_1.4.0.202007081208/tools/bin/../lib/gcc/arm-none-eabi/7.3.1/../../../../arm-none-eabi/lib/thumb/v7e-m/fpv4-sp/hard\libc_nano.a(lib_a-fopen.o)
                              USB_HOST/App/usb_host.o (fopen)
c:/st/stm32cubeide_1.4.0/stm32cubeide/plugins/com.st.stm32cube.ide.mcu.externaltools.gnu-tools-for-stm32.7-2018-q2-update.win32_1.4.0.202007081208/tools/bin/../lib/gcc/arm-none-eabi/7.3.1/../../../../arm-none-eabi/lib/thumb/v7e-m/fpv4-sp/hard\libc_nano.a(lib_a-fseek.o)
                              c:/st/stm32cubeide_1.4.0/stm32cubeide/plugins/com.st.stm32cube.ide.mcu.externaltools.gnu-tools-for-stm32.7-2018-q2-update.win32_1.4.0.202007081208/tools/bin/../lib/gcc/arm-none-eabi/7.3.1/../../../../arm-none-eabi/lib/thumb/v7e-m/fpv4-sp/hard\libc_nano.a(lib_a-fopen.o) (_fseek_r)
c:/st/stm32cubeide_1.4.0/stm32cubeide/plugins/com.st.stm32cube.ide.mcu.externaltools.gnu-tools-for-stm32.7-2018-q2-update.win32_1.4.0.202007081208/tools/bin/../lib/gcc/arm-none-eabi/7.3.1/../../../../arm-none-eabi/lib/thumb/v7e-m/fpv4-sp/hard\libc_nano.a(lib_a-fseeko.o)
                              c:/st/stm32cubeide_1.4.0/stm32cubeide/plugins/com.st.stm32cube.ide.mcu.externaltools.gnu-tools-for-stm32.7-2018-q2-update.win32_1.4.0.202007081208/tools/bin/../lib/gcc/arm-none-eabi/7.3.1/../../../../arm-none-eabi/lib/thumb/v7e-m/fpv4-sp/hard\libc_nano.a(lib_a-fseek.o) (_fseeko_r)
c:/st/stm32cubeide_1.4.0/stm32cubeide/plugins/com.st.stm32cube.ide.mcu.externaltools.gnu-tools-for-stm32.7-2018-q2-update.win32_1.4.0.202007081208/tools/bin/../lib/gcc/arm-none-eabi/7.3.1/../../../../arm-none-eabi/lib/thumb/v7e-m/fpv4-sp/hard\libc_nano.a(lib_a-impure.o)
                              c:/st/stm32cubeide_1.4.0/stm32cubeide/plugins/com.st.stm32cube.ide.mcu.externaltools.gnu-tools-for-stm32.7-2018-q2-update.win32_1.4.0.202007081208/tools/bin/../lib/gcc/arm-none-eabi/7.3.1/../../../../arm-none-eabi/lib/thumb/v7e-m/fpv4-sp/hard\libc_nano.a(lib_a-exit.o) (_global_impure_ptr)
c:/st/stm32cubeide_1.4.0/stm32cubeide/plugins/com.st.stm32cube.ide.mcu.externaltools.gnu-tools-for-stm32.7-2018-q2-update.win32_1.4.0.202007081208/tools/bin/../lib/gcc/arm-none-eabi/7.3.1/../../../../arm-none-eabi/lib/thumb/v7e-m/fpv4-sp/hard\libc_nano.a(lib_a-init.o)
                              c:/st/stm32cubeide_1.4.0/stm32cubeide/plugins/com.st.stm32cube.ide.mcu.externaltools.gnu-tools-for-stm32.7-2018-q2-update.win32_1.4.0.202007081208/tools/bin/../lib/gcc/arm-none-eabi/7.3.1/../../../../arm-none-eabi/lib/thumb/v7e-m/fpv4-sp/hard/crt0.o (__libc_init_array)
c:/st/stm32cubeide_1.4.0/stm32cubeide/plugins/com.st.stm32cube.ide.mcu.externaltools.gnu-tools-for-stm32.7-2018-q2-update.win32_1.4.0.202007081208/tools/bin/../lib/gcc/arm-none-eabi/7.3.1/../../../../arm-none-eabi/lib/thumb/v7e-m/fpv4-sp/hard\libc_nano.a(lib_a-makebuf.o)
                              c:/st/stm32cubeide_1.4.0/stm32cubeide/plugins/com.st.stm32cube.ide.mcu.externaltools.gnu-tools-for-stm32.7-2018-q2-update.win32_1.4.0.202007081208/tools/bin/../lib/gcc/arm-none-eabi/7.3.1/../../../../arm-none-eabi/lib/thumb/v7e-m/fpv4-sp/hard\libc_nano.a(lib_a-fseeko.o) (__smakebuf_r)
[...]
Memory Configuration

Name             Origin             Length             Attributes
RAM              0x0000000020000000 0x0000000000020000 xrw
FLASH            0x0000000008000000 0x0000000000080000 xr
*default*        0x0000000000000000 0xffffffffffffffff

Linker script and memory map

LOAD c:/st/stm32cubeide_1.4.0/stm32cubeide/plugins/com.st.stm32cube.ide.mcu.externaltools.gnu-tools-for-stm32.7-2018-q2-update.win32_1.4.0.202007081208/tools/bin/../lib/gcc/arm-none-eabi/7.3.1/thumb/v7e-m/fpv4-sp/hard/crti.o
LOAD c:/st/stm32cubeide_1.4.0/stm32cubeide/plugins/com.st.stm32cube.ide.mcu.externaltools.gnu-tools-for-stm32.7-2018-q2-update.win32_1.4.0.202007081208/tools/bin/../lib/gcc/arm-none-eabi/7.3.1/thumb/v7e-m/fpv4-sp/hard/crtbegin.o
LOAD c:/st/stm32cubeide_1.4.0/stm32cubeide/plugins/com.st.stm32cube.ide.mcu.externaltools.gnu-tools-for-stm32.7-2018-q2-update.win32_1.4.0.202007081208/tools/bin/../lib/gcc/arm-none-eabi/7.3.1/../../../../arm-none-eabi/lib/thumb/v7e-m/fpv4-sp/hard/crt0.o
LOAD Core/Src/gpio.o
LOAD Core/Src/i2c.o
LOAD Core/Src/i2s.o
LOAD Core/Src/main.o
LOAD Core/Src/spi.o
LOAD Core/Src/stm32f4xx_hal_msp.o
LOAD Core/Src/stm32f4xx_it.o
LOAD Core/Src/syscalls.o
LOAD Core/Src/sysmem.o
LOAD Core/Src/system_stm32f4xx.o
LOAD Core/Startup/startup_stm32f411vetx.o
LOAD Drivers/BSP/Components/cs43l22.o
LOAD Drivers/BSP/Components/lsm303dlhc.o
LOAD Drivers/BSP/STM32F411E-Discovery/stm32f411e_discovery.o
LOAD Drivers/BSP/STM32F411E-Discovery/stm32f411e_discovery_accelerometer.o
LOAD Drivers/BSP/STM32F411E-Discovery/stm32f411e_discovery_audio.o
LOAD Drivers/STM32F4xx_HAL_Driver/Src/stm32f4xx_hal.o
LOAD Drivers/STM32F4xx_HAL_Driver/Src/stm32f4xx_hal_cortex.o
LOAD Drivers/STM32F4xx_HAL_Driver/Src/stm32f4xx_hal_dma.o
LOAD Drivers/STM32F4xx_HAL_Driver/Src/stm32f4xx_hal_dma_ex.o
LOAD Drivers/STM32F4xx_HAL_Driver/Src/stm32f4xx_hal_exti.o
LOAD Drivers/STM32F4xx_HAL_Driver/Src/stm32f4xx_hal_flash.o
LOAD Drivers/STM32F4xx_HAL_Driver/Src/stm32f4xx_hal_flash_ex.o
LOAD Drivers/STM32F4xx_HAL_Driver/Src/stm32f4xx_hal_flash_ramfunc.o
LOAD Drivers/STM32F4xx_HAL_Driver/Src/stm32f4xx_hal_gpio.o
LOAD Drivers/STM32F4xx_HAL_Driver/Src/stm32f4xx_hal_hcd.o
LOAD Drivers/STM32F4xx_HAL_Driver/Src/stm32f4xx_hal_i2c.o
LOAD Drivers/STM32F4xx_HAL_Driver/Src/stm32f4xx_hal_i2c_ex.o
LOAD Drivers/STM32F4xx_HAL_Driver/Src/stm32f4xx_hal_i2s.o
LOAD Drivers/STM32F4xx_HAL_Driver/Src/stm32f4xx_hal_i2s_ex.o
LOAD Drivers/STM32F4xx_HAL_Driver/Src/stm32f4xx_hal_pwr.o
LOAD Drivers/STM32F4xx_HAL_Driver/Src/stm32f4xx_hal_pwr_ex.o
LOAD Drivers/STM32F4xx_HAL_Driver/Src/stm32f4xx_hal_rcc.o
LOAD Drivers/STM32F4xx_HAL_Driver/Src/stm32f4xx_hal_rcc_ex.o
LOAD Drivers/STM32F4xx_HAL_Driver/Src/stm32f4xx_hal_spi.o
LOAD Drivers/STM32F4xx_HAL_Driver/Src/stm32f4xx_hal_tim.o
LOAD Drivers/STM32F4xx_HAL_Driver/Src/stm32f4xx_hal_tim_ex.o
LOAD Drivers/STM32F4xx_HAL_Driver/Src/stm32f4xx_ll_usb.o
LOAD FATFS/App/fatfs.o
LOAD FATFS/Target/usbh_diskio.o
LOAD Middlewares/ST/STM32_USB_Host_Library/Class/MSC/Src/usbh_msc.o
LOAD Middlewares/ST/STM32_USB_Host_Library/Class/MSC/Src/usbh_msc_bot.o
LOAD Middlewares/ST/STM32_USB_Host_Library/Class/MSC/Src/usbh_msc_scsi.o
LOAD Middlewares/ST/STM32_USB_Host_Library/Core/Src/usbh_core.o
LOAD Middlewares/ST/STM32_USB_Host_Library/Core/Src/usbh_ctlreq.o
LOAD Middlewares/ST/STM32_USB_Host_Library/Core/Src/usbh_ioreq.o
LOAD Middlewares/ST/STM32_USB_Host_Library/Core/Src/usbh_pipes.o
LOAD Middlewares/Third_Party/FatFs/src/diskio.o
LOAD Middlewares/Third_Party/FatFs/src/ff.o
LOAD Middlewares/Third_Party/FatFs/src/ff_gen_drv.o
LOAD Middlewares/Third_Party/FatFs/src/option/syscall.o
LOAD USB_HOST/App/usb_host.o
LOAD USB_HOST/Target/usbh_conf.o
LOAD USB_HOST/Target/usbh_platform.o
LOAD C:\Users\rprch\STM32Cube\Repository\STM32Cube_FW_F4_V1.25.2\Middlewares\ST\STM32_Audio\Addons\PDM\Lib\libPDMFilter_CM4_GCC_wc32.a
START GROUP
LOAD c:/st/stm32cubeide_1.4.0/stm32cubeide/plugins/com.st.stm32cube.ide.mcu.externaltools.gnu-tools-for-stm32.7-2018-q2-update.win32_1.4.0.202007081208/tools/bin/../lib/gcc/arm-none-eabi/7.3.1/../../../../arm-none-eabi/lib/thumb/v7e-m/fpv4-sp/hard\libc_nano.a
LOAD c:/st/stm32cubeide_1.4.0/stm32cubeide/plugins/com.st.stm32cube.ide.mcu.externaltools.gnu-tools-for-stm32.7-2018-q2-update.win32_1.4.0.202007081208/tools/bin/../lib/gcc/arm-none-eabi/7.3.1/../../../../arm-none-eabi/lib/thumb/v7e-m/fpv4-sp/hard\libm.a
END GROUP
START GROUP
LOAD c:/st/stm32cubeide_1.4.0/stm32cubeide/plugins/com.st.stm32cube.ide.mcu.externaltools.gnu-tools-for-stm32.7-2018-q2-update.win32_1.4.0.202007081208/tools/bin/../lib/gcc/arm-none-eabi/7.3.1/thumb/v7e-m/fpv4-sp/hard\libgcc.a
LOAD c:/st/stm32cubeide_1.4.0/stm32cubeide/plugins/com.st.stm32cube.ide.mcu.externaltools.gnu-tools-for-stm32.7-2018-q2-update.win32_1.4.0.202007081208/tools/bin/../lib/gcc/arm-none-eabi/7.3.1/../../../../arm-none-eabi/lib/thumb/v7e-m/fpv4-sp/hard\libc_nano.a
END GROUP
START GROUP
LOAD c:/st/stm32cubeide_1.4.0/stm32cubeide/plugins/com.st.stm32cube.ide.mcu.externaltools.gnu-tools-for-stm32.7-2018-q2-update.win32_1.4.0.202007081208/tools/bin/../lib/gcc/arm-none-eabi/7.3.1/thumb/v7e-m/fpv4-sp/hard\libgcc.a
LOAD c:/st/stm32cubeide_1.4.0/stm32cubeide/plugins/com.st.stm32cube.ide.mcu.externaltools.gnu-tools-for-stm32.7-2018-q2-update.win32_1.4.0.202007081208/tools/bin/../lib/gcc/arm-none-eabi/7.3.1/../../../../arm-none-eabi/lib/thumb/v7e-m/fpv4-sp/hard\libc_nano.a
LOAD c:/st/stm32cubeide_1.4.0/stm32cubeide/plugins/com.st.stm32cube.ide.mcu.externaltools.gnu-tools-for-stm32.7-2018-q2-update.win32_1.4.0.202007081208/tools/bin/../lib/gcc/arm-none-eabi/7.3.1/../../../../arm-none-eabi/lib/thumb/v7e-m/fpv4-sp/hard\libnosys.a
END GROUP
START GROUP
LOAD c:/st/stm32cubeide_1.4.0/stm32cubeide/plugins/com.st.stm32cube.ide.mcu.externaltools.gnu-tools-for-stm32.7-2018-q2-update.win32_1.4.0.202007081208/tools/bin/../lib/gcc/arm-none-eabi/7.3.1/thumb/v7e-m/fpv4-sp/hard\libgcc.a
LOAD c:/st/stm32cubeide_1.4.0/stm32cubeide/plugins/com.st.stm32cube.ide.mcu.externaltools.gnu-tools-for-stm32.7-2018-q2-update.win32_1.4.0.202007081208/tools/bin/../lib/gcc/arm-none-eabi/7.3.1/../../../../arm-none-eabi/lib/thumb/v7e-m/fpv4-sp/hard\libc_nano.a
LOAD c:/st/stm32cubeide_1.4.0/stm32cubeide/plugins/com.st.stm32cube.ide.mcu.externaltools.gnu-tools-for-stm32.7-2018-q2-update.win32_1.4.0.202007081208/tools/bin/../lib/gcc/arm-none-eabi/7.3.1/../../../../arm-none-eabi/lib/thumb/v7e-m/fpv4-sp/hard\libnosys.a
END GROUP
LOAD c:/st/stm32cubeide_1.4.0/stm32cubeide/plugins/com.st.stm32cube.ide.mcu.externaltools.gnu-tools-for-stm32.7-2018-q2-update.win32_1.4.0.202007081208/tools/bin/../lib/gcc/arm-none-eabi/7.3.1/thumb/v7e-m/fpv4-sp/hard/crtend.o
LOAD c:/st/stm32cubeide_1.4.0/stm32cubeide/plugins/com.st.stm32cube.ide.mcu.externaltools.gnu-tools-for-stm32.7-2018-q2-update.win32_1.4.0.202007081208/tools/bin/../lib/gcc/arm-none-eabi/7.3.1/thumb/v7e-m/fpv4-sp/hard/crtn.o
                0x0000000020020000                _estack = (ORIGIN (RAM) + LENGTH (RAM))
                0x0000000000000400                _Min_Heap_Size = 0x400
                0x0000000000000800                _Min_Stack_Size = 0x800

.isr_vector     0x0000000008000000      0x198
                0x0000000008000000                . = ALIGN (0x4)
 *(.isr_vector)
 .isr_vector    0x0000000008000000      0x198 Core/Startup/startup_stm32f411vetx.o
                0x0000000008000000                g_pfnVectors
                0x0000000008000198                . = ALIGN (0x4)

.text           0x0000000008000198     0xedb8
                0x0000000008000198                . = ALIGN (0x4)
 *(.text)
 .text          0x0000000008000198       0x40 c:/st/stm32cubeide_1.4.0/stm32cubeide/plugins/com.st.stm32cube.ide.mcu.externaltools.gnu-tools-for-stm32.7-2018-q2-update.win32_1.4.0.202007081208/tools/bin/../lib/gcc/arm-none-eabi/7.3.1/thumb/v7e-m/fpv4-sp/hard/crtbegin.o
 .text          0x00000000080001d8      0x378 c:/st/stm32cubeide_1.4.0/stm32cubeide/plugins/com.st.stm32cube.ide.mcu.externaltools.gnu-tools-for-stm32.7-2018-q2-update.win32_1.4.0.202007081208/tools/bin/../lib/gcc/arm-none-eabi/7.3.1/thumb/v7e-m/fpv4-sp/hard\libgcc.a(_arm_addsubdf3.o)
                0x00000000080001d8                __aeabi_drsub
                0x00000000080001e0                __aeabi_dsub
                0x00000000080001e0                __subdf3
                0x00000000080001e4                __aeabi_dadd
                0x00000000080001e4                __adddf3
                0x000000000800045c                __floatunsidf
                0x000000000800045c                __aeabi_ui2d
                0x000000000800047c                __floatsidf
                0x000000000800047c                __aeabi_i2d
                0x00000000080004a0                __aeabi_f2d
                0x00000000080004a0                __extendsfdf2
                0x00000000080004e4                __floatundidf
                0x00000000080004e4                __aeabi_ul2d
                0x00000000080004f4                __floatdidf
                0x00000000080004f4                __aeabi_l2d
 .text          0x0000000008000550       0xa0 c:/st/stm32cubeide_1.4.0/stm32cubeide/plugins/com.st.stm32cube.ide.mcu.externaltools.gnu-tools-for-stm32.7-2018-q2-update.win32_1.4.0.202007081208/tools/bin/../lib/gcc/arm-none-eabi/7.3.1/thumb/v7e-m/fpv4-sp/hard\libgcc.a(_arm_truncdfsf2.o)
                0x0000000008000550                __truncdfsf2
                0x0000000008000550                __aeabi_d2f
 .text          0x00000000080005f0       0x30 c:/st/stm32cubeide_1.4.0/stm32cubeide/plugins/com.st.stm32cube.ide.mcu.externaltools.gnu-tools-for-stm32.7-2018-q2-update.win32_1.4.0.202007081208/tools/bin/../lib/gcc/arm-none-eabi/7.3.1/thumb/v7e-m/fpv4-sp/hard\libgcc.a(_aeabi_uldivmod.o)
                0x00000000080005f0                __aeabi_uldivmod
 .text          0x0000000008000620      0x2cc c:/st/stm32cubeide_1.4.0/stm32cubeide/plugins/com.st.stm32cube.ide.mcu.externaltools.gnu-tools-for-stm32.7-2018-q2-update.win32_1.4.0.202007081208/tools/bin/../lib/gcc/arm-none-eabi/7.3.1/thumb/v7e-m/fpv4-sp/hard\libgcc.a(_udivmoddi4.o)
                0x0000000008000620                __udivmoddi4
 .text          0x00000000080008ec        0x4 c:/st/stm32cubeide_1.4.0/stm32cubeide/plugins/com.st.stm32cube.ide.mcu.externaltools.gnu-tools-for-stm32.7-2018-q2-update.win32_1.4.0.202007081208/tools/bin/../lib/gcc/arm-none-eabi/7.3.1/thumb/v7e-m/fpv4-sp/hard\libgcc.a(_dvmd_tls.o)
                0x00000000080008ec                __aeabi_idiv0
                0x00000000080008ec                __aeabi_ldiv0
 *(.text*)
 .text.MX_GPIO_Init
                0x00000000080008f0      0x1b4 Core/Src/gpio.o
                0x00000000080008f0                MX_GPIO_Init
 .text.MX_I2C1_Init
                0x0000000008000aa4       0x5c Core/Src/i2c.o
                0x0000000008000aa4                MX_I2C1_Init
 .text.HAL_I2C_MspInit
                0x0000000008000b00       0x90 Core/Src/i2c.o
                0x0000000008000b00                HAL_I2C_MspInit
 .text.MX_I2S2_Init
                0x0000000008000b90       0x5c Core/Src/i2s.o
                0x0000000008000b90                MX_I2S2_Init
 .text.MX_I2S3_Init
                0x0000000008000bec       0x60 Core/Src/i2s.o
                0x0000000008000bec                MX_I2S3_Init
 .text.HAL_I2S_MspInit
                0x0000000008000c4c      0x19c Core/Src/i2s.o
                0x0000000008000c4c                HAL_I2S_MspInit
 .text.main     0x0000000008000de8       0xc8 Core/Src/main.o
                0x0000000008000de8                main
 .text.SystemClock_Config
                0x0000000008000eb0      0x108 Core/Src/main.o
                0x0000000008000eb0                SystemClock_Config
 .text.Error_Handler
                0x0000000008000fb8        0xe Core/Src/main.o
                0x0000000008000fb8                Error_Handler
 *fill*         0x0000000008000fc6        0x2 
 .text.MX_SPI1_Init
                0x0000000008000fc8       0x6c Core/Src/spi.o
                0x0000000008000fc8                MX_SPI1_Init
 .text.HAL_SPI_MspInit
                0x0000000008001034       0x90 Core/Src/spi.o
                0x0000000008001034                HAL_SPI_MspInit
 .text.HAL_MspInit
                0x00000000080010c4       0x50 Core/Src/stm32f4xx_hal_msp.o
                0x00000000080010c4                HAL_MspInit
 .text.NMI_Handler
                0x0000000008001114        0xe Core/Src/stm32f4xx_it.o
                0x0000000008001114                NMI_Handler
 .text.HardFault_Handler
                0x0000000008001122        0x6 Core/Src/stm32f4xx_it.o
                0x0000000008001122                HardFault_Handler
 .text.MemManage_Handler
                0x0000000008001128        0x6 Core/Src/stm32f4xx_it.o
                0x0000000008001128                MemManage_Handler
 .text.BusFault_Handler
                0x000000000800112e        0x6 Core/Src/stm32f4xx_it.o
                0x000000000800112e                BusFault_Handler
 .text.UsageFault_Handler
                0x0000000008001134        0x6 Core/Src/stm32f4xx_it.o
                0x0000000008001134                UsageFault_Handler
 .text.SVC_Handler
                0x000000000800113a        0xe Core/Src/stm32f4xx_it.o
                0x000000000800113a                SVC_Handler
 .text.DebugMon_Handler
                0x0000000008001148        0xe Core/Src/stm32f4xx_it.o
                0x0000000008001148                DebugMon_Handler
 .text.PendSV_Handler
                0x0000000008001156        0xe Core/Src/stm32f4xx_it.o
                0x0000000008001156                PendSV_Handler
 .text.SysTick_Handler
                0x0000000008001164        0xc Core/Src/stm32f4xx_it.o
                0x0000000008001164                SysTick_Handler
 .text.OTG_FS_IRQHandler
                0x0000000008001170       0x14 Core/Src/stm32f4xx_it.o
                0x0000000008001170                OTG_FS_IRQHandler
 .text._sbrk    0x0000000008001184       0x6c Core/Src/sysmem.o
                0x0000000008001184                _sbrk
 .text.SystemInit
                0x00000000080011f0       0x2c Core/Src/system_stm32f4xx.o
                0x00000000080011f0                SystemInit
 .text.Reset_Handler
                0x000000000800121c       0x50 Core/Startup/startup_stm32f411vetx.o
                0x000000000800121c                Reset_Handler
 .text.Default_Handler
                0x000000000800126c        0x2 Core/Startup/startup_stm32f411vetx.o
                0x000000000800126c                RTC_Alarm_IRQHandler
                0x000000000800126c                EXTI2_IRQHandler
                0x000000000800126c                SPI4_IRQHandler
                0x000000000800126c                TIM1_CC_IRQHandler
                0x000000000800126c                DMA2_Stream5_IRQHandler
                0x000000000800126c                DMA1_Stream5_IRQHandler
                0x000000000800126c                PVD_IRQHandler
                0x000000000800126c                SDIO_IRQHandler
                0x000000000800126c                TAMP_STAMP_IRQHandler
                0x000000000800126c                EXTI3_IRQHandler
                0x000000000800126c                TIM1_UP_TIM10_IRQHandler
                0x000000000800126c                I2C3_ER_IRQHandler
                0x000000000800126c                EXTI0_IRQHandler
                0x000000000800126c                I2C2_EV_IRQHandler
                0x000000000800126c                DMA1_Stream2_IRQHandler
                0x000000000800126c                FPU_IRQHandler
                0x000000000800126c                DMA2_Stream2_IRQHandler
                0x000000000800126c                SPI1_IRQHandler
                0x000000000800126c                TIM1_BRK_TIM9_IRQHandler
                0x000000000800126c                DMA2_Stream3_IRQHandler
                0x000000000800126c                USART6_IRQHandler
                0x000000000800126c                DMA2_Stream0_IRQHandler
                0x000000000800126c                TIM4_IRQHandler
                0x000000000800126c                I2C1_EV_IRQHandler
                0x000000000800126c                DMA1_Stream6_IRQHandler
                0x000000000800126c                DMA1_Stream1_IRQHandler
                0x000000000800126c                TIM3_IRQHandler
                0x000000000800126c                RCC_IRQHandler
                0x000000000800126c                Default_Handler
                0x000000000800126c                EXTI15_10_IRQHandler
                0x000000000800126c                ADC_IRQHandler
                0x000000000800126c                DMA1_Stream7_IRQHandler
                0x000000000800126c                SPI5_IRQHandler
                0x000000000800126c                TIM5_IRQHandler
                0x000000000800126c                DMA2_Stream7_IRQHandler
                0x000000000800126c                I2C3_EV_IRQHandler
                0x000000000800126c                EXTI9_5_IRQHandler
                0x000000000800126c                RTC_WKUP_IRQHandler
                0x000000000800126c                SPI2_IRQHandler
                0x000000000800126c                DMA1_Stream0_IRQHandler
                0x000000000800126c                EXTI4_IRQHandler
                0x000000000800126c                WWDG_IRQHandler
                0x000000000800126c                TIM2_IRQHandler
                0x000000000800126c                OTG_FS_WKUP_IRQHandler
                0x000000000800126c                TIM1_TRG_COM_TIM11_IRQHandler
                0x000000000800126c                EXTI1_IRQHandler
                0x000000000800126c                USART2_IRQHandler
                0x000000000800126c                I2C2_ER_IRQHandler
                0x000000000800126c                DMA2_Stream1_IRQHandler
                0x000000000800126c                FLASH_IRQHandler
                0x000000000800126c                DMA2_Stream4_IRQHandler
                0x000000000800126c                USART1_IRQHandler
                0x000000000800126c                SPI3_IRQHandler
                0x000000000800126c                DMA1_Stream4_IRQHandler
                0x000000000800126c                I2C1_ER_IRQHandler
                0x000000000800126c                DMA2_Stream6_IRQHandler
                0x000000000800126c                DMA1_Stream3_IRQHandler
 *fill*         0x000000000800126e        0x2 
 .text.HAL_I2S_TxCpltCallback
                0x0000000008001270       0x24 Drivers/BSP/STM32F411E-Discovery/stm32f411e_discovery_audio.o
                0x0000000008001270                HAL_I2S_TxCpltCallback
 .text.BSP_AUDIO_OUT_TransferComplete_CallBack
                0x0000000008001294        0xe Drivers/BSP/STM32F411E-Discovery/stm32f411e_discovery_audio.o
                0x0000000008001294                BSP_AUDIO_OUT_TransferComplete_CallBack
 .text.BSP_AUDIO_OUT_Error_CallBack
                0x00000000080012a2        0xe Drivers/BSP/STM32F411E-Discovery/stm32f411e_discovery_audio.o
                0x00000000080012a2                BSP_AUDIO_OUT_Error_CallBack
 .text.BSP_AUDIO_IN_Init
                0x00000000080012b0       0x54 Drivers/BSP/STM32F411E-Discovery/stm32f411e_discovery_audio.o
                0x00000000080012b0                BSP_AUDIO_IN_Init
 .text.BSP_AUDIO_IN_Record
                0x0000000008001304       0x30 Drivers/BSP/STM32F411E-Discovery/stm32f411e_discovery_audio.o
                0x0000000008001304                BSP_AUDIO_IN_Record
 .text.BSP_AUDIO_IN_Stop
                0x0000000008001334       0x24 Drivers/BSP/STM32F411E-Discovery/stm32f411e_discovery_audio.o
                0x0000000008001334                BSP_AUDIO_IN_Stop
 .text.HAL_I2S_RxCpltCallback
                0x0000000008001358       0x14 Drivers/BSP/STM32F411E-Discovery/stm32f411e_discovery_audio.o
                0x0000000008001358                HAL_I2S_RxCpltCallback
 .text.HAL_I2S_RxHalfCpltCallback
                0x000000000800136c       0x14 Drivers/BSP/STM32F411E-Discovery/stm32f411e_discovery_audio.o
                0x000000000800136c                HAL_I2S_RxHalfCpltCallback
 .text.BSP_AUDIO_IN_ClockConfig
                0x0000000008001380       0x60 Drivers/BSP/STM32F411E-Discovery/stm32f411e_discovery_audio.o
                0x0000000008001380                BSP_AUDIO_IN_ClockConfig
 .text.BSP_AUDIO_IN_MspInit
                0x00000000080013e0      0x15c Drivers/BSP/STM32F411E-Discovery/stm32f411e_discovery_audio.o
                0x00000000080013e0                BSP_AUDIO_IN_MspInit
 .text.BSP_AUDIO_IN_TransferComplete_CallBack
                0x000000000800153c        0xe Drivers/BSP/STM32F411E-Discovery/stm32f411e_discovery_audio.o
                0x000000000800153c                BSP_AUDIO_IN_TransferComplete_CallBack
 .text.BSP_AUDIO_IN_HalfTransfer_CallBack
                0x000000000800154a        0xe Drivers/BSP/STM32F411E-Discovery/stm32f411e_discovery_audio.o
                0x000000000800154a                BSP_AUDIO_IN_HalfTransfer_CallBack
 .text.BSP_AUDIO_IN_Error_Callback
                0x0000000008001558        0xe Drivers/BSP/STM32F411E-Discovery/stm32f411e_discovery_audio.o
                0x0000000008001558                BSP_AUDIO_IN_Error_Callback
 *fill*         0x0000000008001566        0x2 
 .text.PDMDecoder_Init
                0x0000000008001568      0x134 Drivers/BSP/STM32F411E-Discovery/stm32f411e_discovery_audio.o
 .text.I2S2_Init
                0x000000000800169c       0x70 Drivers/BSP/STM32F411E-Discovery/stm32f411e_discovery_audio.o
 .text.HAL_I2S_ErrorCallback
                0x000000000800170c       0x34 Drivers/BSP/STM32F411E-Discovery/stm32f411e_discovery_audio.o
                0x000000000800170c                HAL_I2S_ErrorCallback
 .text.HAL_Init
                0x0000000008001740       0x44 Drivers/STM32F4xx_HAL_Driver/Src/stm32f4xx_hal.o
                0x0000000008001740                HAL_Init
 .text.HAL_InitTick
                0x0000000008001784       0x60 Drivers/STM32F4xx_HAL_Driver/Src/stm32f4xx_hal.o
                0x0000000008001784                HAL_InitTick
 .text.HAL_IncTick
                0x00000000080017e4       0x28 Drivers/STM32F4xx_HAL_Driver/Src/stm32f4xx_hal.o
                0x00000000080017e4                HAL_IncTick
 .text.HAL_GetTick
                0x000000000800180c       0x18 Drivers/STM32F4xx_HAL_Driver/Src/stm32f4xx_hal.o
                0x000000000800180c                HAL_GetTick
 .text.HAL_Delay
                0x0000000008001824       0x44 Drivers/STM32F4xx_HAL_Driver/Src/stm32f4xx_hal.o
                0x0000000008001824                HAL_Delay
 .text.__NVIC_SetPriorityGrouping
                0x0000000008001868       0x48 Drivers/STM32F4xx_HAL_Driver/Src/stm32f4xx_hal_cortex.o
 .text.__NVIC_GetPriorityGrouping
                0x00000000080018b0       0x1c Drivers/STM32F4xx_HAL_Driver/Src/stm32f4xx_hal_cortex.o
 .text.__NVIC_EnableIRQ
                0x00000000080018cc       0x3c Drivers/STM32F4xx_HAL_Driver/Src/stm32f4xx_hal_cortex.o
 .text.__NVIC_SetPriority
                0x0000000008001908       0x54 Drivers/STM32F4xx_HAL_Driver/Src/stm32f4xx_hal_cortex.o
 .text.NVIC_EncodePriority
                0x000000000800195c       0x66 Drivers/STM32F4xx_HAL_Driver/Src/stm32f4xx_hal_cortex.o
 *fill*         0x00000000080019c2        0x2 
 .text.SysTick_Config
                0x00000000080019c4       0x44 Drivers/STM32F4xx_HAL_Driver/Src/stm32f4xx_hal_cortex.o
 .text.HAL_NVIC_SetPriorityGrouping
                0x0000000008001a08       0x16 Drivers/STM32F4xx_HAL_Driver/Src/stm32f4xx_hal_cortex.o
                0x0000000008001a08                HAL_NVIC_SetPriorityGrouping
 .text.HAL_NVIC_SetPriority
                0x0000000008001a1e       0x38 Drivers/STM32F4xx_HAL_Driver/Src/stm32f4xx_hal_cortex.o
                0x0000000008001a1e                HAL_NVIC_SetPriority
 .text.HAL_NVIC_EnableIRQ
                0x0000000008001a56       0x1c Drivers/STM32F4xx_HAL_Driver/Src/stm32f4xx_hal_cortex.o
                0x0000000008001a56                HAL_NVIC_EnableIRQ
 .text.HAL_SYSTICK_Config
                0x0000000008001a72       0x18 Drivers/STM32F4xx_HAL_Driver/Src/stm32f4xx_hal_cortex.o
                0x0000000008001a72                HAL_SYSTICK_Config
 *fill*         0x0000000008001a8a        0x2 
 .text.HAL_DMA_Init
                0x0000000008001a8c      0x15c Drivers/STM32F4xx_HAL_Driver/Src/stm32f4xx_hal_dma.o
                0x0000000008001a8c                HAL_DMA_Init
 .text.HAL_DMA_DeInit
                0x0000000008001be8       0xbc Drivers/STM32F4xx_HAL_Driver/Src/stm32f4xx_hal_dma.o
                0x0000000008001be8                HAL_DMA_DeInit
 .text.HAL_DMA_Start_IT
                0x0000000008001ca4       0xb0 Drivers/STM32F4xx_HAL_Driver/Src/stm32f4xx_hal_dma.o
                0x0000000008001ca4                HAL_DMA_Start_IT
 .text.HAL_DMA_Abort
                0x0000000008001d54       0xe0 Drivers/STM32F4xx_HAL_Driver/Src/stm32f4xx_hal_dma.o
                0x0000000008001d54                HAL_DMA_Abort
 .text.DMA_SetConfig
                0x0000000008001e34       0x5c Drivers/STM32F4xx_HAL_Driver/Src/stm32f4xx_hal_dma.o
 .text.DMA_CalcBaseAndBitshift
                0x0000000008001e90       0x6c Drivers/STM32F4xx_HAL_Driver/Src/stm32f4xx_hal_dma.o
 .text.DMA_CheckFifoParam
                0x0000000008001efc       0xf4 Drivers/STM32F4xx_HAL_Driver/Src/stm32f4xx_hal_dma.o
 .text.HAL_GPIO_Init
                0x0000000008001ff0      0x304 Drivers/STM32F4xx_HAL_Driver/Src/stm32f4xx_hal_gpio.o
                0x0000000008001ff0                HAL_GPIO_Init
 .text.HAL_GPIO_WritePin
                0x00000000080022f4       0x32 Drivers/STM32F4xx_HAL_Driver/Src/stm32f4xx_hal_gpio.o
                0x00000000080022f4                HAL_GPIO_WritePin
 .text.HAL_HCD_Init
                0x0000000008002326       0xc4 Drivers/STM32F4xx_HAL_Driver/Src/stm32f4xx_hal_hcd.o
                0x0000000008002326                HAL_HCD_Init
 .text.HAL_HCD_HC_Init
                0x00000000080023ea      0x130 Drivers/STM32F4xx_HAL_Driver/Src/stm32f4xx_hal_hcd.o
                0x00000000080023ea                HAL_HCD_HC_Init
 .text.HAL_HCD_HC_Halt
                0x000000000800251a       0x46 Drivers/STM32F4xx_HAL_Driver/Src/stm32f4xx_hal_hcd.o
                0x000000000800251a                HAL_HCD_HC_Halt
 .text.HAL_HCD_HC_SubmitRequest
                0x0000000008002560      0x2e4 Drivers/STM32F4xx_HAL_Driver/Src/stm32f4xx_hal_hcd.o
                0x0000000008002560                HAL_HCD_HC_SubmitRequest
 .text.HAL_HCD_IRQHandler
                0x0000000008002844      0x208 Drivers/STM32F4xx_HAL_Driver/Src/stm32f4xx_hal_hcd.o
                0x0000000008002844                HAL_HCD_IRQHandler
 .text.HAL_HCD_Start
                0x0000000008002a4c       0x46 Drivers/STM32F4xx_HAL_Driver/Src/stm32f4xx_hal_hcd.o
                0x0000000008002a4c                HAL_HCD_Start
 .text.HAL_HCD_Stop
                0x0000000008002a92       0x3a Drivers/STM32F4xx_HAL_Driver/Src/stm32f4xx_hal_hcd.o
                0x0000000008002a92                HAL_HCD_Stop
 .text.HAL_HCD_ResetPort
                0x0000000008002acc       0x1c Drivers/STM32F4xx_HAL_Driver/Src/stm32f4xx_hal_hcd.o
                0x0000000008002acc                HAL_HCD_ResetPort
 .text.HAL_HCD_HC_GetURBState
                0x0000000008002ae8       0x2a Drivers/STM32F4xx_HAL_Driver/Src/stm32f4xx_hal_hcd.o
                0x0000000008002ae8                HAL_HCD_HC_GetURBState
 .text.HAL_HCD_HC_GetXferCount
                0x0000000008002b12       0x2a Drivers/STM32F4xx_HAL_Driver/Src/stm32f4xx_hal_hcd.o
                0x0000000008002b12                HAL_HCD_HC_GetXferCount
 .text.HAL_HCD_GetCurrentFrame
                0x0000000008002b3c       0x1c Drivers/STM32F4xx_HAL_Driver/Src/stm32f4xx_hal_hcd.o
                0x0000000008002b3c                HAL_HCD_GetCurrentFrame
 .text.HAL_HCD_GetCurrentSpeed
                0x0000000008002b58       0x1c Drivers/STM32F4xx_HAL_Driver/Src/stm32f4xx_hal_hcd.o
                0x0000000008002b58                HAL_HCD_GetCurrentSpeed
 .text.HCD_HC_IN_IRQHandler
                0x0000000008002b74      0x86a Drivers/STM32F4xx_HAL_Driver/Src/stm32f4xx_hal_hcd.o
 .text.HCD_HC_OUT_IRQHandler
                0x00000000080033de      0x6ea Drivers/STM32F4xx_HAL_Driver/Src/stm32f4xx_hal_hcd.o
 .text.HCD_RXQLVL_IRQHandler
                0x0000000008003ac8      0x158 Drivers/STM32F4xx_HAL_Driver/Src/stm32f4xx_hal_hcd.o
 .text.HCD_Port_IRQHandler
                0x0000000008003c20       0xe6 Drivers/STM32F4xx_HAL_Driver/Src/stm32f4xx_hal_hcd.o
 *fill*         0x0000000008003d06        0x2 
 .text.HAL_I2C_Init
                0x0000000008003d08      0x270 Drivers/STM32F4xx_HAL_Driver/Src/stm32f4xx_hal_i2c.o
                0x0000000008003d08                HAL_I2C_Init
 .text.HAL_I2S_Init
                0x0000000008003f78      0x280 Drivers/STM32F4xx_HAL_Driver/Src/stm32f4xx_hal_i2s.o
                0x0000000008003f78                HAL_I2S_Init
 .text.HAL_I2S_Receive_DMA
                0x00000000080041f8      0x178 Drivers/STM32F4xx_HAL_Driver/Src/stm32f4xx_hal_i2s.o
                0x00000000080041f8                HAL_I2S_Receive_DMA
 .text.HAL_I2S_DMAStop
                0x0000000008004370      0x3b4 Drivers/STM32F4xx_HAL_Driver/Src/stm32f4xx_hal_i2s.o
                0x0000000008004370                HAL_I2S_DMAStop
 .text.HAL_I2S_GetState
                0x0000000008004724       0x1c Drivers/STM32F4xx_HAL_Driver/Src/stm32f4xx_hal_i2s.o
                0x0000000008004724                HAL_I2S_GetState
 .text.I2S_DMARxCplt
                0x0000000008004740       0x42 Drivers/STM32F4xx_HAL_Driver/Src/stm32f4xx_hal_i2s.o
 .text.I2S_DMARxHalfCplt
                0x0000000008004782       0x1c Drivers/STM32F4xx_HAL_Driver/Src/stm32f4xx_hal_i2s.o
 .text.I2S_DMAError
                0x000000000800479e       0x4c Drivers/STM32F4xx_HAL_Driver/Src/stm32f4xx_hal_i2s.o
 .text.I2S_Transmit_IT
                0x00000000080047ea       0x5c Drivers/STM32F4xx_HAL_Driver/Src/stm32f4xx_hal_i2s.o
 .text.I2S_Receive_IT
                0x0000000008004846       0x5e Drivers/STM32F4xx_HAL_Driver/Src/stm32f4xx_hal_i2s.o
 .text.I2S_IRQHandler
                0x00000000080048a4      0x114 Drivers/STM32F4xx_HAL_Driver/Src/stm32f4xx_hal_i2s.o
 .text.I2S_WaitFlagStateUntilTimeout
                0x00000000080049b8       0x72 Drivers/STM32F4xx_HAL_Driver/Src/stm32f4xx_hal_i2s.o
 *fill*         0x0000000008004a2a        0x2 
 .text.HAL_I2SEx_FullDuplex_IRQHandler
                0x0000000008004a2c      0x2a8 Drivers/STM32F4xx_HAL_Driver/Src/stm32f4xx_hal_i2s_ex.o
                0x0000000008004a2c                HAL_I2SEx_FullDuplex_IRQHandler
 .text.HAL_I2SEx_TxRxCpltCallback
                0x0000000008004cd4       0x14 Drivers/STM32F4xx_HAL_Driver/Src/stm32f4xx_hal_i2s_ex.o
                0x0000000008004cd4                HAL_I2SEx_TxRxCpltCallback
 .text.I2SEx_TxISR_I2S
                0x0000000008004ce8       0x62 Drivers/STM32F4xx_HAL_Driver/Src/stm32f4xx_hal_i2s_ex.o
 *fill*         0x0000000008004d4a        0x2 
 .text.I2SEx_TxISR_I2SExt
                0x0000000008004d4c       0x98 Drivers/STM32F4xx_HAL_Driver/Src/stm32f4xx_hal_i2s_ex.o
 .text.I2SEx_RxISR_I2S
                0x0000000008004de4       0x64 Drivers/STM32F4xx_HAL_Driver/Src/stm32f4xx_hal_i2s_ex.o
 .text.I2SEx_RxISR_I2SExt
                0x0000000008004e48       0x98 Drivers/STM32F4xx_HAL_Driver/Src/stm32f4xx_hal_i2s_ex.o
 .text.HAL_RCC_OscConfig
                0x0000000008004ee0      0x4e0 Drivers/STM32F4xx_HAL_Driver/Src/stm32f4xx_hal_rcc.o
                0x0000000008004ee0                HAL_RCC_OscConfig
 .text.HAL_RCC_ClockConfig
                0x00000000080053c0      0x1cc Drivers/STM32F4xx_HAL_Driver/Src/stm32f4xx_hal_rcc.o
                0x00000000080053c0                HAL_RCC_ClockConfig
 .text.HAL_RCC_GetSysClockFreq
                0x000000000800558c      0x1b0 Drivers/STM32F4xx_HAL_Driver/Src/stm32f4xx_hal_rcc.o
                0x000000000800558c                HAL_RCC_GetSysClockFreq
 .text.HAL_RCC_GetHCLKFreq
                0x000000000800573c       0x18 Drivers/STM32F4xx_HAL_Driver/Src/stm32f4xx_hal_rcc.o
                0x000000000800573c                HAL_RCC_GetHCLKFreq
 .text.HAL_RCC_GetPCLK1Freq
                0x0000000008005754       0x28 Drivers/STM32F4xx_HAL_Driver/Src/stm32f4xx_hal_rcc.o
                0x0000000008005754                HAL_RCC_GetPCLK1Freq
 .text.HAL_RCCEx_PeriphCLKConfig
                0x000000000800577c      0x1e0 Drivers/STM32F4xx_HAL_Driver/Src/stm32f4xx_hal_rcc_ex.o
                0x000000000800577c                HAL_RCCEx_PeriphCLKConfig
 .text.HAL_RCCEx_GetPeriphCLKConfig
                0x000000000800595c       0x84 Drivers/STM32F4xx_HAL_Driver/Src/stm32f4xx_hal_rcc_ex.o
                0x000000000800595c                HAL_RCCEx_GetPeriphCLKConfig
 .text.HAL_RCCEx_GetPeriphCLKFreq
                0x00000000080059e0       0xbc Drivers/STM32F4xx_HAL_Driver/Src/stm32f4xx_hal_rcc_ex.o
                0x00000000080059e0                HAL_RCCEx_GetPeriphCLKFreq
 .text.HAL_SPI_Init
                0x0000000008005a9c       0xc8 Drivers/STM32F4xx_HAL_Driver/Src/stm32f4xx_hal_spi.o
                0x0000000008005a9c                HAL_SPI_Init
 .text.USB_CoreInit
                0x0000000008005b64       0xc2 Drivers/STM32F4xx_HAL_Driver/Src/stm32f4xx_ll_usb.o
                0x0000000008005b64                USB_CoreInit
 .text.USB_EnableGlobalInt
                0x0000000008005c26       0x22 Drivers/STM32F4xx_HAL_Driver/Src/stm32f4xx_ll_usb.o
                0x0000000008005c26                USB_EnableGlobalInt
 .text.USB_DisableGlobalInt
                0x0000000008005c48       0x22 Drivers/STM32F4xx_HAL_Driver/Src/stm32f4xx_ll_usb.o
                0x0000000008005c48                USB_DisableGlobalInt
 .text.USB_SetCurrentMode
                0x0000000008005c6a       0x54 Drivers/STM32F4xx_HAL_Driver/Src/stm32f4xx_ll_usb.o
                0x0000000008005c6a                USB_SetCurrentMode
 *fill*         0x0000000008005cbe        0x2 
 .text.USB_FlushTxFifo
                0x0000000008005cc0       0x4c Drivers/STM32F4xx_HAL_Driver/Src/stm32f4xx_ll_usb.o
                0x0000000008005cc0                USB_FlushTxFifo
 .text.USB_FlushRxFifo
                0x0000000008005d0c       0x44 Drivers/STM32F4xx_HAL_Driver/Src/stm32f4xx_ll_usb.o
                0x0000000008005d0c                USB_FlushRxFifo
 .text.USB_WritePacket
                0x0000000008005d50       0x6a Drivers/STM32F4xx_HAL_Driver/Src/stm32f4xx_ll_usb.o
                0x0000000008005d50                USB_WritePacket
 .text.USB_ReadPacket
                0x0000000008005dba       0x52 Drivers/STM32F4xx_HAL_Driver/Src/stm32f4xx_ll_usb.o
                0x0000000008005dba                USB_ReadPacket
 .text.USB_ReadInterrupts
                0x0000000008005e0c       0x26 Drivers/STM32F4xx_HAL_Driver/Src/stm32f4xx_ll_usb.o
                0x0000000008005e0c                USB_ReadInterrupts
 .text.USB_GetMode
                0x0000000008005e32       0x1c Drivers/STM32F4xx_HAL_Driver/Src/stm32f4xx_ll_usb.o
                0x0000000008005e32                USB_GetMode
 *fill*         0x0000000008005e4e        0x2 
 .text.USB_CoreReset
                0x0000000008005e50       0x68 Drivers/STM32F4xx_HAL_Driver/Src/stm32f4xx_ll_usb.o
 .text.USB_HostInit
                0x0000000008005eb8      0x178 Drivers/STM32F4xx_HAL_Driver/Src/stm32f4xx_ll_usb.o
                0x0000000008005eb8                USB_HostInit
 .text.USB_InitFSLSPClkSel
                0x0000000008006030       0x74 Drivers/STM32F4xx_HAL_Driver/Src/stm32f4xx_ll_usb.o
                0x0000000008006030                USB_InitFSLSPClkSel
 .text.USB_ResetPort
                0x00000000080060a4       0x54 Drivers/STM32F4xx_HAL_Driver/Src/stm32f4xx_ll_usb.o
                0x00000000080060a4                USB_ResetPort
 .text.USB_DriveVbus
                0x00000000080060f8       0x72 Drivers/STM32F4xx_HAL_Driver/Src/stm32f4xx_ll_usb.o
                0x00000000080060f8                USB_DriveVbus
 .text.USB_GetHostSpeed
                0x000000000800616a       0x2e Drivers/STM32F4xx_HAL_Driver/Src/stm32f4xx_ll_usb.o
                0x000000000800616a                USB_GetHostSpeed
 .text.USB_GetCurrentFrame
                0x0000000008006198       0x22 Drivers/STM32F4xx_HAL_Driver/Src/stm32f4xx_ll_usb.o
                0x0000000008006198                USB_GetCurrentFrame
 *fill*         0x00000000080061ba        0x2 
 .text.USB_HC_Init
                0x00000000080061bc      0x214 Drivers/STM32F4xx_HAL_Driver/Src/stm32f4xx_ll_usb.o
                0x00000000080061bc                USB_HC_Init
 .text.USB_HC_StartXfer
                0x00000000080063d0      0x28c Drivers/STM32F4xx_HAL_Driver/Src/stm32f4xx_ll_usb.o
                0x00000000080063d0                USB_HC_StartXfer
 .text.USB_HC_ReadInterrupt
                0x000000000800665c       0x22 Drivers/STM32F4xx_HAL_Driver/Src/stm32f4xx_ll_usb.o
                0x000000000800665c                USB_HC_ReadInterrupt
 .text.USB_HC_Halt
                0x000000000800667e      0x1fe Drivers/STM32F4xx_HAL_Driver/Src/stm32f4xx_ll_usb.o
                0x000000000800667e                USB_HC_Halt
 .text.USB_DoPing
                0x000000000800687c       0x78 Drivers/STM32F4xx_HAL_Driver/Src/stm32f4xx_ll_usb.o
                0x000000000800687c                USB_DoPing
 .text.USB_StopHost
                0x00000000080068f4      0x10c Drivers/STM32F4xx_HAL_Driver/Src/stm32f4xx_ll_usb.o
                0x00000000080068f4                USB_StopHost
 .text.MX_FATFS_Init
                0x0000000008006a00       0x24 FATFS/App/fatfs.o
                0x0000000008006a00                MX_FATFS_Init
 .text.get_fattime
                0x0000000008006a24       0x10 FATFS/App/fatfs.o
                0x0000000008006a24                get_fattime
 .text.USBH_initialize
                0x0000000008006a34       0x18 FATFS/Target/usbh_diskio.o
                0x0000000008006a34                USBH_initialize
 .text.USBH_status
                0x0000000008006a4c       0x38 FATFS/Target/usbh_diskio.o
                0x0000000008006a4c                USBH_status
 .text.USBH_read
                0x0000000008006a84       0x70 FATFS/Target/usbh_diskio.o
                0x0000000008006a84                USBH_read
 .text.USBH_write
                0x0000000008006af4       0x84 FATFS/Target/usbh_diskio.o
                0x0000000008006af4                USBH_write
 .text.USBH_ioctl
                0x0000000008006b78       0xd8 FATFS/Target/usbh_diskio.o
                0x0000000008006b78                USBH_ioctl
 .text.USBH_MSC_InterfaceInit
                0x0000000008006c50      0x216 Middlewares/ST/STM32_USB_Host_Library/Class/MSC/Src/usbh_msc.o
 .text.USBH_MSC_InterfaceDeInit
                0x0000000008006e66       0x8c Middlewares/ST/STM32_USB_Host_Library/Class/MSC/Src/usbh_msc.o
 .text.USBH_MSC_ClassRequest
                0x0000000008006ef2       0xc8 Middlewares/ST/STM32_USB_Host_Library/Class/MSC/Src/usbh_msc.o
 *fill*         0x0000000008006fba        0x2 
 .text.USBH_MSC_Process
                0x0000000008006fbc      0x520 Middlewares/ST/STM32_USB_Host_Library/Class/MSC/Src/usbh_msc.o
 .text.USBH_MSC_SOFProcess
                0x00000000080074dc       0x16 Middlewares/ST/STM32_USB_Host_Library/Class/MSC/Src/usbh_msc.o
 .text.USBH_MSC_RdWrProcess
                0x00000000080074f2      0x194 Middlewares/ST/STM32_USB_Host_Library/Class/MSC/Src/usbh_msc.o
 .text.USBH_MSC_UnitIsReady
                0x0000000008007686       0x4c Middlewares/ST/STM32_USB_Host_Library/Class/MSC/Src/usbh_msc.o
                0x0000000008007686                USBH_MSC_UnitIsReady
 .text.USBH_MSC_GetLUNInfo
                0x00000000080076d2       0x48 Middlewares/ST/STM32_USB_Host_Library/Class/MSC/Src/usbh_msc.o
                0x00000000080076d2                USBH_MSC_GetLUNInfo
 .text.USBH_MSC_Read
                0x000000000800771a       0xd2 Middlewares/ST/STM32_USB_Host_Library/Class/MSC/Src/usbh_msc.o
                0x000000000800771a                USBH_MSC_Read
 .text.USBH_MSC_Write
                0x00000000080077ec       0xd2 Middlewares/ST/STM32_USB_Host_Library/Class/MSC/Src/usbh_msc.o
                0x00000000080077ec                USBH_MSC_Write
 .text.USBH_MSC_BOT_REQ_Reset
                0x00000000080078be       0x3a Middlewares/ST/STM32_USB_Host_Library/Class/MSC/Src/usbh_msc_bot.o
                0x00000000080078be                USBH_MSC_BOT_REQ_Reset
 .text.USBH_MSC_BOT_REQ_GetMaxLUN
                0x00000000080078f8       0x3c Middlewares/ST/STM32_USB_Host_Library/Class/MSC/Src/usbh_msc_bot.o
                0x00000000080078f8                USBH_MSC_BOT_REQ_GetMaxLUN
 .text.USBH_MSC_BOT_Init
                0x0000000008007934       0x44 Middlewares/ST/STM32_USB_Host_Library/Class/MSC/Src/usbh_msc_bot.o
                0x0000000008007934                USBH_MSC_BOT_Init
 .text.USBH_MSC_BOT_Process
                0x0000000008007978      0x3a4 Middlewares/ST/STM32_USB_Host_Library/Class/MSC/Src/usbh_msc_bot.o
                0x0000000008007978                USBH_MSC_BOT_Process
 .text.USBH_MSC_BOT_Abort
                0x0000000008007d1c       0x58 Middlewares/ST/STM32_USB_Host_Library/Class/MSC/Src/usbh_msc_bot.o
 .text.USBH_MSC_DecodeCSW
                0x0000000008007d74       0x88 Middlewares/ST/STM32_USB_Host_Library/Class/MSC/Src/usbh_msc_bot.o
 .text.USBH_MSC_SCSI_TestUnitReady
                0x0000000008007dfc       0x86 Middlewares/ST/STM32_USB_Host_Library/Class/MSC/Src/usbh_msc_scsi.o
                0x0000000008007dfc                USBH_MSC_SCSI_TestUnitReady
 .text.USBH_MSC_SCSI_ReadCapacity
                0x0000000008007e82       0xf6 Middlewares/ST/STM32_USB_Host_Library/Class/MSC/Src/usbh_msc_scsi.o
                0x0000000008007e82                USBH_MSC_SCSI_ReadCapacity
 .text.USBH_MSC_SCSI_Inquiry
                0x0000000008007f78      0x14a Middlewares/ST/STM32_USB_Host_Library/Class/MSC/Src/usbh_msc_scsi.o
                0x0000000008007f78                USBH_MSC_SCSI_Inquiry
 .text.USBH_MSC_SCSI_RequestSense
                0x00000000080080c2       0xf2 Middlewares/ST/STM32_USB_Host_Library/Class/MSC/Src/usbh_msc_scsi.o
                0x00000000080080c2                USBH_MSC_SCSI_RequestSense
 .text.USBH_MSC_SCSI_Write
                0x00000000080081b4       0xd6 Middlewares/ST/STM32_USB_Host_Library/Class/MSC/Src/usbh_msc_scsi.o
                0x00000000080081b4                USBH_MSC_SCSI_Write
 .text.USBH_MSC_SCSI_Read
                0x000000000800828a       0xd6 Middlewares/ST/STM32_USB_Host_Library/Class/MSC/Src/usbh_msc_scsi.o
                0x000000000800828a                USBH_MSC_SCSI_Read
 .text.USBH_Init
                0x0000000008008360       0x74 Middlewares/ST/STM32_USB_Host_Library/Core/Src/usbh_core.o
                0x0000000008008360                USBH_Init
 .text.DeInitStateMachine
                0x00000000080083d4       0xa8 Middlewares/ST/STM32_USB_Host_Library/Core/Src/usbh_core.o
 .text.USBH_RegisterClass
                0x000000000800847c       0x54 Middlewares/ST/STM32_USB_Host_Library/Core/Src/usbh_core.o
                0x000000000800847c                USBH_RegisterClass
 .text.USBH_SelectInterface
                0x00000000080084d0       0x38 Middlewares/ST/STM32_USB_Host_Library/Core/Src/usbh_core.o
                0x00000000080084d0                USBH_SelectInterface
 .text.USBH_FindInterface
                0x0000000008008508       0x8c Middlewares/ST/STM32_USB_Host_Library/Core/Src/usbh_core.o
                0x0000000008008508                USBH_FindInterface
 .text.USBH_Start
                0x0000000008008594       0x20 Middlewares/ST/STM32_USB_Host_Library/Core/Src/usbh_core.o
                0x0000000008008594                USBH_Start
 .text.USBH_Process
                0x00000000080085b4      0x3c0 Middlewares/ST/STM32_USB_Host_Library/Core/Src/usbh_core.o
                0x00000000080085b4                USBH_Process
 .text.USBH_HandleEnum
                0x0000000008008974      0x3c8 Middlewares/ST/STM32_USB_Host_Library/Core/Src/usbh_core.o
 .text.USBH_LL_SetTimer
                0x0000000008008d3c       0x1e Middlewares/ST/STM32_USB_Host_Library/Core/Src/usbh_core.o
                0x0000000008008d3c                USBH_LL_SetTimer
 .text.USBH_LL_IncTimer
                0x0000000008008d5a       0x24 Middlewares/ST/STM32_USB_Host_Library/Core/Src/usbh_core.o
                0x0000000008008d5a                USBH_LL_IncTimer
 .text.USBH_HandleSof
                0x0000000008008d7e       0x30 Middlewares/ST/STM32_USB_Host_Library/Core/Src/usbh_core.o
 .text.USBH_LL_PortEnabled
                0x0000000008008dae       0x1c Middlewares/ST/STM32_USB_Host_Library/Core/Src/usbh_core.o
                0x0000000008008dae                USBH_LL_PortEnabled
 .text.USBH_LL_PortDisabled
                0x0000000008008dca       0x1c Middlewares/ST/STM32_USB_Host_Library/Core/Src/usbh_core.o
                0x0000000008008dca                USBH_LL_PortDisabled
 .text.USBH_LL_Connect
                0x0000000008008de6       0x2e Middlewares/ST/STM32_USB_Host_Library/Core/Src/usbh_core.o
                0x0000000008008de6                USBH_LL_Connect
 .text.USBH_LL_Disconnect
                0x0000000008008e14       0x48 Middlewares/ST/STM32_USB_Host_Library/Core/Src/usbh_core.o
                0x0000000008008e14                USBH_LL_Disconnect
 .text.USBH_Get_DevDesc
                0x0000000008008e5c       0x50 Middlewares/ST/STM32_USB_Host_Library/Core/Src/usbh_ctlreq.o
                0x0000000008008e5c                USBH_Get_DevDesc
 .text.USBH_Get_CfgDesc
                0x0000000008008eac       0x48 Middlewares/ST/STM32_USB_Host_Library/Core/Src/usbh_ctlreq.o
                0x0000000008008eac                USBH_Get_CfgDesc
 .text.USBH_Get_StringDesc
                0x0000000008008ef4       0x56 Middlewares/ST/STM32_USB_Host_Library/Core/Src/usbh_ctlreq.o
                0x0000000008008ef4                USBH_Get_StringDesc
 .text.USBH_GetDescriptor
                0x0000000008008f4a       0x6a Middlewares/ST/STM32_USB_Host_Library/Core/Src/usbh_ctlreq.o
                0x0000000008008f4a                USBH_GetDescriptor
 .text.USBH_SetAddress
                0x0000000008008fb4       0x48 Middlewares/ST/STM32_USB_Host_Library/Core/Src/usbh_ctlreq.o
                0x0000000008008fb4                USBH_SetAddress
 .text.USBH_SetCfg
                0x0000000008008ffc       0x46 Middlewares/ST/STM32_USB_Host_Library/Core/Src/usbh_ctlreq.o
                0x0000000008008ffc                USBH_SetCfg
 .text.USBH_SetFeature
                0x0000000008009042       0x48 Middlewares/ST/STM32_USB_Host_Library/Core/Src/usbh_ctlreq.o
                0x0000000008009042                USBH_SetFeature
 .text.USBH_ClrFeature
                0x000000000800908a       0x48 Middlewares/ST/STM32_USB_Host_Library/Core/Src/usbh_ctlreq.o
                0x000000000800908a                USBH_ClrFeature
 .text.USBH_ParseDevDesc
                0x00000000080090d2       0xe0 Middlewares/ST/STM32_USB_Host_Library/Core/Src/usbh_ctlreq.o
 .text.USBH_ParseCfgDesc
                0x00000000080091b2      0x144 Middlewares/ST/STM32_USB_Host_Library/Core/Src/usbh_ctlreq.o
 .text.USBH_ParseInterfaceDesc
                0x00000000080092f6       0x5e Middlewares/ST/STM32_USB_Host_Library/Core/Src/usbh_ctlreq.o
 .text.USBH_ParseEPDesc
                0x0000000008009354       0x5a Middlewares/ST/STM32_USB_Host_Library/Core/Src/usbh_ctlreq.o
 .text.USBH_ParseStringDesc
                0x00000000080093ae       0x66 Middlewares/ST/STM32_USB_Host_Library/Core/Src/usbh_ctlreq.o
 .text.USBH_GetNextDesc
                0x0000000008009414       0x36 Middlewares/ST/STM32_USB_Host_Library/Core/Src/usbh_ctlreq.o
                0x0000000008009414                USBH_GetNextDesc
 .text.USBH_CtlReq
                0x000000000800944a       0x7a Middlewares/ST/STM32_USB_Host_Library/Core/Src/usbh_ctlreq.o
                0x000000000800944a                USBH_CtlReq
 .text.USBH_HandleControl
                0x00000000080094c4      0x2ec Middlewares/ST/STM32_USB_Host_Library/Core/Src/usbh_ctlreq.o
 .text.USBH_CtlSendSetup
                0x00000000080097b0       0x34 Middlewares/ST/STM32_USB_Host_Library/Core/Src/usbh_ioreq.o
                0x00000000080097b0                USBH_CtlSendSetup
 .text.USBH_CtlSendData
                0x00000000080097e4       0x4a Middlewares/ST/STM32_USB_Host_Library/Core/Src/usbh_ioreq.o
                0x00000000080097e4                USBH_CtlSendData
 .text.USBH_CtlReceiveData
                0x000000000800982e       0x3c Middlewares/ST/STM32_USB_Host_Library/Core/Src/usbh_ioreq.o
                0x000000000800982e                USBH_CtlReceiveData
 .text.USBH_BulkSendData
                0x000000000800986a       0x4a Middlewares/ST/STM32_USB_Host_Library/Core/Src/usbh_ioreq.o
                0x000000000800986a                USBH_BulkSendData
 .text.USBH_BulkReceiveData
                0x00000000080098b4       0x3c Middlewares/ST/STM32_USB_Host_Library/Core/Src/usbh_ioreq.o
                0x00000000080098b4                USBH_BulkReceiveData
 .text.USBH_OpenPipe
                0x00000000080098f0       0x3e Middlewares/ST/STM32_USB_Host_Library/Core/Src/usbh_pipes.o
                0x00000000080098f0                USBH_OpenPipe
 .text.USBH_ClosePipe
                0x000000000800992e       0x20 Middlewares/ST/STM32_USB_Host_Library/Core/Src/usbh_pipes.o
                0x000000000800992e                USBH_ClosePipe
 .text.USBH_AllocPipe
                0x000000000800994e       0x42 Middlewares/ST/STM32_USB_Host_Library/Core/Src/usbh_pipes.o
                0x000000000800994e                USBH_AllocPipe
 .text.USBH_FreePipe
                0x0000000008009990       0x3c Middlewares/ST/STM32_USB_Host_Library/Core/Src/usbh_pipes.o
                0x0000000008009990                USBH_FreePipe
 .text.USBH_GetFreePipe
                0x00000000080099cc       0x48 Middlewares/ST/STM32_USB_Host_Library/Core/Src/usbh_pipes.o
 .text.disk_status
                0x0000000008009a14       0x34 Middlewares/Third_Party/FatFs/src/diskio.o
                0x0000000008009a14                disk_status
 .text.disk_initialize
                0x0000000008009a48       0x4c Middlewares/Third_Party/FatFs/src/diskio.o
                0x0000000008009a48                disk_initialize
 .text.disk_read
                0x0000000008009a94       0x40 Middlewares/Third_Party/FatFs/src/diskio.o
                0x0000000008009a94                disk_read
 .text.disk_write
                0x0000000008009ad4       0x40 Middlewares/Third_Party/FatFs/src/diskio.o
                0x0000000008009ad4                disk_write
 .text.disk_ioctl
                0x0000000008009b14       0x3c Middlewares/Third_Party/FatFs/src/diskio.o
                0x0000000008009b14                disk_ioctl
 .text.ld_word  0x0000000008009b50       0x30 Middlewares/Third_Party/FatFs/src/ff.o
 .text.ld_dword
                0x0000000008009b80       0x46 Middlewares/Third_Party/FatFs/src/ff.o
 .text.st_word  0x0000000008009bc6       0x36 Middlewares/Third_Party/FatFs/src/ff.o
 .text.st_dword
                0x0000000008009bfc       0x58 Middlewares/Third_Party/FatFs/src/ff.o
 .text.mem_cpy  0x0000000008009c54       0x42 Middlewares/Third_Party/FatFs/src/ff.o
 .text.mem_set  0x0000000008009c96       0x34 Middlewares/Third_Party/FatFs/src/ff.o
 .text.mem_cmp  0x0000000008009cca       0x4e Middlewares/Third_Party/FatFs/src/ff.o
 .text.chk_chr  0x0000000008009d18       0x36 Middlewares/Third_Party/FatFs/src/ff.o
 *fill*         0x0000000008009d4e        0x2 
 .text.chk_lock
                0x0000000008009d50       0xb8 Middlewares/Third_Party/FatFs/src/ff.o
 .text.enq_lock
                0x0000000008009e08       0x44 Middlewares/Third_Party/FatFs/src/ff.o
 .text.inc_lock
                0x0000000008009e4c      0x11c Middlewares/Third_Party/FatFs/src/ff.o
 .text.dec_lock
                0x0000000008009f68       0x78 Middlewares/Third_Party/FatFs/src/ff.o
 .text.clear_lock
                0x0000000008009fe0       0x48 Middlewares/Third_Party/FatFs/src/ff.o
 .text.sync_window
                0x000000000800a028       0x88 Middlewares/Third_Party/FatFs/src/ff.o
 .text.move_window
                0x000000000800a0b0       0x5a Middlewares/Third_Party/FatFs/src/ff.o
 *fill*         0x000000000800a10a        0x2 
 .text.sync_fs  0x000000000800a10c       0xdc Middlewares/Third_Party/FatFs/src/ff.o
 .text.clust2sect
                0x000000000800a1e8       0x3e Middlewares/Third_Party/FatFs/src/ff.o
 .text.get_fat  0x000000000800a226      0x14a Middlewares/Third_Party/FatFs/src/ff.o
 .text.put_fat  0x000000000800a370      0x1ce Middlewares/Third_Party/FatFs/src/ff.o
 .text.remove_chain
                0x000000000800a53e       0xca Middlewares/Third_Party/FatFs/src/ff.o
 .text.create_chain
                0x000000000800a608      0x130 Middlewares/Third_Party/FatFs/src/ff.o
 .text.clmt_clust
                0x000000000800a738       0x68 Middlewares/Third_Party/FatFs/src/ff.o
 .text.dir_sdi  0x000000000800a7a0       0xf6 Middlewares/Third_Party/FatFs/src/ff.o
 .text.dir_next
                0x000000000800a896      0x18a Middlewares/Third_Party/FatFs/src/ff.o
 .text.dir_alloc
                0x000000000800aa20       0x8e Middlewares/Third_Party/FatFs/src/ff.o
 .text.ld_clust
                0x000000000800aaae       0x3e Middlewares/Third_Party/FatFs/src/ff.o
 .text.st_clust
                0x000000000800aaec       0x40 Middlewares/Third_Party/FatFs/src/ff.o
 .text.dir_find
                0x000000000800ab2c       0xaa Middlewares/Third_Party/FatFs/src/ff.o
 .text.dir_register
                0x000000000800abd6       0x64 Middlewares/Third_Party/FatFs/src/ff.o
 *fill*         0x000000000800ac3a        0x2 
 .text.create_name
                0x000000000800ac3c      0x128 Middlewares/Third_Party/FatFs/src/ff.o
 .text.follow_path
                0x000000000800ad64       0xe2 Middlewares/Third_Party/FatFs/src/ff.o
 .text.get_ldnumber
                0x000000000800ae46       0x88 Middlewares/Third_Party/FatFs/src/ff.o
 *fill*         0x000000000800aece        0x2 
 .text.check_fs
                0x000000000800aed0       0xac Middlewares/Third_Party/FatFs/src/ff.o
 .text.find_volume
                0x000000000800af7c      0x498 Middlewares/Third_Party/FatFs/src/ff.o
 .text.validate
                0x000000000800b414       0x6a Middlewares/Third_Party/FatFs/src/ff.o
 *fill*         0x000000000800b47e        0x2 
 .text.f_mount  0x000000000800b480       0x8c Middlewares/Third_Party/FatFs/src/ff.o
                0x000000000800b480                f_mount
 .text.f_open   0x000000000800b50c      0x37c Middlewares/Third_Party/FatFs/src/ff.o
                0x000000000800b50c                f_open
 .text.f_write  0x000000000800b888      0x2ea Middlewares/Third_Party/FatFs/src/ff.o
                0x000000000800b888                f_write
 .text.f_sync   0x000000000800bb72       0xfc Middlewares/Third_Party/FatFs/src/ff.o
                0x000000000800bb72                f_sync
 .text.f_close  0x000000000800bc6e       0x54 Middlewares/Third_Party/FatFs/src/ff.o
                0x000000000800bc6e                f_close
 *fill*         0x000000000800bcc2        0x2 
 .text.FATFS_LinkDriverEx
                0x000000000800bcc4       0x98 Middlewares/Third_Party/FatFs/src/ff_gen_drv.o
                0x000000000800bcc4                FATFS_LinkDriverEx
 .text.FATFS_LinkDriver
                0x000000000800bd5c       0x1e Middlewares/Third_Party/FatFs/src/ff_gen_drv.o
                0x000000000800bd5c                FATFS_LinkDriver
 *fill*         0x000000000800bd7a        0x2 
 .text.USB_Error_Handler
                0x000000000800bd7c       0x18 USB_HOST/App/usb_host.o
                0x000000000800bd7c                USB_Error_Handler
 .text.open_to_write
                0x000000000800bd94       0x58 USB_HOST/App/usb_host.o
                0x000000000800bd94                open_to_write
 .text.Write_with_open
                0x000000000800bdec       0x50 USB_HOST/App/usb_host.o
                0x000000000800bdec                Write_with_open
 .text.MX_USB_HOST_Init
                0x000000000800be3c       0x4c USB_HOST/App/usb_host.o
                0x000000000800be3c                MX_USB_HOST_Init
 .text.MX_USB_HOST_Process
                0x000000000800be88       0x14 USB_HOST/App/usb_host.o
                0x000000000800be88                MX_USB_HOST_Process
 .text.USBH_UserProcess
                0x000000000800be9c       0x64 USB_HOST/App/usb_host.o
 .text.HAL_HCD_MspInit
                0x000000000800bf00       0xc4 USB_HOST/Target/usbh_conf.o
                0x000000000800bf00                HAL_HCD_MspInit
 .text.HAL_HCD_SOF_Callback
                0x000000000800bfc4       0x1c USB_HOST/Target/usbh_conf.o
                0x000000000800bfc4                HAL_HCD_SOF_Callback
 .text.HAL_HCD_Connect_Callback
                0x000000000800bfe0       0x1c USB_HOST/Target/usbh_conf.o
                0x000000000800bfe0                HAL_HCD_Connect_Callback
 .text.HAL_HCD_Disconnect_Callback
                0x000000000800bffc       0x1c USB_HOST/Target/usbh_conf.o
                0x000000000800bffc                HAL_HCD_Disconnect_Callback
 .text.HAL_HCD_HC_NotifyURBChange_Callback
                0x000000000800c018       0x1c USB_HOST/Target/usbh_conf.o
                0x000000000800c018                HAL_HCD_HC_NotifyURBChange_Callback
 .text.HAL_HCD_PortEnabled_Callback
                0x000000000800c034       0x1c USB_HOST/Target/usbh_conf.o
                0x000000000800c034                HAL_HCD_PortEnabled_Callback
 .text.HAL_HCD_PortDisabled_Callback
                0x000000000800c050       0x1c USB_HOST/Target/usbh_conf.o
                0x000000000800c050                HAL_HCD_PortDisabled_Callback
 .text.USBH_LL_Init
                0x000000000800c06c       0x78 USB_HOST/Target/usbh_conf.o
                0x000000000800c06c                USBH_LL_Init
 .text.USBH_LL_Start
                0x000000000800c0e4       0x36 USB_HOST/Target/usbh_conf.o
                0x000000000800c0e4                USBH_LL_Start
 .text.USBH_LL_Stop
                0x000000000800c11a       0x36 USB_HOST/Target/usbh_conf.o
                0x000000000800c11a                USBH_LL_Stop
 .text.USBH_LL_GetSpeed
                0x000000000800c150       0x4a USB_HOST/Target/usbh_conf.o
                0x000000000800c150                USBH_LL_GetSpeed
 .text.USBH_LL_ResetPort
                0x000000000800c19a       0x36 USB_HOST/Target/usbh_conf.o
                0x000000000800c19a                USBH_LL_ResetPort
 .text.USBH_LL_GetLastXferSize
                0x000000000800c1d0       0x26 USB_HOST/Target/usbh_conf.o
                0x000000000800c1d0                USBH_LL_GetLastXferSize
 .text.USBH_LL_OpenPipe
                0x000000000800c1f6       0x5e USB_HOST/Target/usbh_conf.o
                0x000000000800c1f6                USBH_LL_OpenPipe
 .text.USBH_LL_ClosePipe
                0x000000000800c254       0x3e USB_HOST/Target/usbh_conf.o
                0x000000000800c254                USBH_LL_ClosePipe
 .text.USBH_LL_SubmitURB
                0x000000000800c292       0x62 USB_HOST/Target/usbh_conf.o
                0x000000000800c292                USBH_LL_SubmitURB
 .text.USBH_LL_GetURBState
                0x000000000800c2f4       0x26 USB_HOST/Target/usbh_conf.o
                0x000000000800c2f4                USBH_LL_GetURBState
 .text.USBH_LL_DriverVBUS
                0x000000000800c31a       0x2e USB_HOST/Target/usbh_conf.o
                0x000000000800c31a                USBH_LL_DriverVBUS
 .text.USBH_LL_SetToggle
                0x000000000800c348       0x66 USB_HOST/Target/usbh_conf.o
                0x000000000800c348                USBH_LL_SetToggle
 .text.USBH_LL_GetToggle
                0x000000000800c3ae       0x66 USB_HOST/Target/usbh_conf.o
                0x000000000800c3ae                USBH_LL_GetToggle
 .text.USBH_Delay
                0x000000000800c414       0x16 USB_HOST/Target/usbh_conf.o
                0x000000000800c414                USBH_Delay
 *fill*         0x000000000800c42a        0x2 
 .text.USBH_Get_USB_Status
                0x000000000800c42c       0x58 USB_HOST/Target/usbh_conf.o
                0x000000000800c42c                USBH_Get_USB_Status
 .text.MX_DriverVbusFS
                0x000000000800c484       0x38 USB_HOST/Target/usbh_platform.o
                0x000000000800c484                MX_DriverVbusFS
 .text.D16_GENERIC
                0x000000000800c4bc      0x120 C:\Users\rprch\STM32Cube\Repository\STM32Cube_FW_F4_V1.25.2\Middlewares\ST\STM32_Audio\Addons\PDM\Lib\libPDMFilter_CM4_GCC_wc32.a(pdm_filter.o)
 .text.D24_GENERIC
                0x000000000800c5dc      0x190 C:\Users\rprch\STM32Cube\Repository\STM32Cube_FW_F4_V1.25.2\Middlewares\ST\STM32_Audio\Addons\PDM\Lib\libPDMFilter_CM4_GCC_wc32.a(pdm_filter.o)
 .text.D32_GENERIC
                0x000000000800c76c      0x198 C:\Users\rprch\STM32Cube\Repository\STM32Cube_FW_F4_V1.25.2\Middlewares\ST\STM32_Audio\Addons\PDM\Lib\libPDMFilter_CM4_GCC_wc32.a(pdm_filter.o)
 .text.D48_GENERIC
                0x000000000800c904      0x1ec C:\Users\rprch\STM32Cube\Repository\STM32Cube_FW_F4_V1.25.2\Middlewares\ST\STM32_Audio\Addons\PDM\Lib\libPDMFilter_CM4_GCC_wc32.a(pdm_filter.o)
 .text.D64_GENERIC
                0x000000000800caf0      0x220 C:\Users\rprch\STM32Cube\Repository\STM32Cube_FW_F4_V1.25.2\Middlewares\ST\STM32_Audio\Addons\PDM\Lib\libPDMFilter_CM4_GCC_wc32.a(pdm_filter.o)
 .text.D80_GENERIC
                0x000000000800cd10      0x2a0 C:\Users\rprch\STM32Cube\Repository\STM32Cube_FW_F4_V1.25.2\Middlewares\ST\STM32_Audio\Addons\PDM\Lib\libPDMFilter_CM4_GCC_wc32.a(pdm_filter.o)
 .text.D128_GENERIC
                0x000000000800cfb0      0x3f0 C:\Users\rprch\STM32Cube\Repository\STM32Cube_FW_F4_V1.25.2\Middlewares\ST\STM32_Audio\Addons\PDM\Lib\libPDMFilter_CM4_GCC_wc32.a(pdm_filter.o)
 .text.D16_1CH_HTONS_VOL_HP
                0x000000000800d3a0       0xe4 C:\Users\rprch\STM32Cube\Repository\STM32Cube_FW_F4_V1.25.2\Middlewares\ST\STM32_Audio\Addons\PDM\Lib\libPDMFilter_CM4_GCC_wc32.a(pdm_filter.o)
 .text.D24_1CH_HTONS_VOL_HP
                0x000000000800d484      0x138 C:\Users\rprch\STM32Cube\Repository\STM32Cube_FW_F4_V1.25.2\Middlewares\ST\STM32_Audio\Addons\PDM\Lib\libPDMFilter_CM4_GCC_wc32.a(pdm_filter.o)
 .text.D32_1CH_HTONS_VOL_HP
                0x000000000800d5bc      0x144 C:\Users\rprch\STM32Cube\Repository\STM32Cube_FW_F4_V1.25.2\Middlewares\ST\STM32_Audio\Addons\PDM\Lib\libPDMFilter_CM4_GCC_wc32.a(pdm_filter.o)
 .text.D48_1CH_HTONS_VOL_HP
                0x000000000800d700      0x16c C:\Users\rprch\STM32Cube\Repository\STM32Cube_FW_F4_V1.25.2\Middlewares\ST\STM32_Audio\Addons\PDM\Lib\libPDMFilter_CM4_GCC_wc32.a(pdm_filter.o)
 .text.D64_1CH_HTONS_VOL_HP
                0x000000000800d86c      0x1b8 C:\Users\rprch\STM32Cube\Repository\STM32Cube_FW_F4_V1.25.2\Middlewares\ST\STM32_Audio\Addons\PDM\Lib\libPDMFilter_CM4_GCC_wc32.a(pdm_filter.o)
 .text.D80_1CH_HTONS_VOL_HP
                0x000000000800da24      0x214 C:\Users\rprch\STM32Cube\Repository\STM32Cube_FW_F4_V1.25.2\Middlewares\ST\STM32_Audio\Addons\PDM\Lib\libPDMFilter_CM4_GCC_wc32.a(pdm_filter.o)
 .text.D128_1CH_HTONS_VOL_HP
                0x000000000800dc38      0x324 C:\Users\rprch\STM32Cube\Repository\STM32Cube_FW_F4_V1.25.2\Middlewares\ST\STM32_Audio\Addons\PDM\Lib\libPDMFilter_CM4_GCC_wc32.a(pdm_filter.o)
 .text.PDM_Filter_Init
                0x000000000800df5c      0x114 C:\Users\rprch\STM32Cube\Repository\STM32Cube_FW_F4_V1.25.2\Middlewares\ST\STM32_Audio\Addons\PDM\Lib\libPDMFilter_CM4_GCC_wc32.a(pdm_filter.o)
                0x000000000800df5c                PDM_Filter_Init
 .text.PDM_Filter_setConfig
                0x000000000800e070      0x1e4 C:\Users\rprch\STM32Cube\Repository\STM32Cube_FW_F4_V1.25.2\Middlewares\ST\STM32_Audio\Addons\PDM\Lib\libPDMFilter_CM4_GCC_wc32.a(pdm_filter.o)
                0x000000000800e070                PDM_Filter_setConfig
 .text.CRC_Lock
                0x000000000800e254       0x7c C:\Users\rprch\STM32Cube\Repository\STM32Cube_FW_F4_V1.25.2\Middlewares\ST\STM32_Audio\Addons\PDM\Lib\libPDMFilter_CM4_GCC_wc32.a(stm32_crc_lock.o)
                0x000000000800e254                CRC_Lock
 .text.__errno  0x000000000800e2d0        0xc c:/st/stm32cubeide_1.4.0/stm32cubeide/plugins/com.st.stm32cube.ide.mcu.externaltools.gnu-tools-for-stm32.7-2018-q2-update.win32_1.4.0.202007081208/tools/bin/../lib/gcc/arm-none-eabi/7.3.1/../../../../arm-none-eabi/lib/thumb/v7e-m/fpv4-sp/hard\libc_nano.a(lib_a-errno.o)
                0x000000000800e2d0                __errno
 .text.__libc_init_array
                0x000000000800e2dc       0x48 c:/st/stm32cubeide_1.4.0/stm32cubeide/plugins/com.st.stm32cube.ide.mcu.externaltools.gnu-tools-for-stm32.7-2018-q2-update.win32_1.4.0.202007081208/tools/bin/../lib/gcc/arm-none-eabi/7.3.1/../../../../arm-none-eabi/lib/thumb/v7e-m/fpv4-sp/hard\libc_nano.a(lib_a-init.o)
                0x000000000800e2dc                __libc_init_array
 .text.malloc   0x000000000800e324       0x10 c:/st/stm32cubeide_1.4.0/stm32cubeide/plugins/com.st.stm32cube.ide.mcu.externaltools.gnu-tools-for-stm32.7-2018-q2-update.win32_1.4.0.202007081208/tools/bin/../lib/gcc/arm-none-eabi/7.3.1/../../../../arm-none-eabi/lib/thumb/v7e-m/fpv4-sp/hard\libc_nano.a(lib_a-malloc.o)
                0x000000000800e324                malloc
 .text.free     0x000000000800e334       0x10 c:/st/stm32cubeide_1.4.0/stm32cubeide/plugins/com.st.stm32cube.ide.mcu.externaltools.gnu-tools-for-stm32.7-2018-q2-update.win32_1.4.0.202007081208/tools/bin/../lib/gcc/arm-none-eabi/7.3.1/../../../../arm-none-eabi/lib/thumb/v7e-m/fpv4-sp/hard\libc_nano.a(lib_a-malloc.o)
                0x000000000800e334                free
 .text.memcpy   0x000000000800e344       0x16 c:/st/stm32cubeide_1.4.0/stm32cubeide/plugins/com.st.stm32cube.ide.mcu.externaltools.gnu-tools-for-stm32.7-2018-q2-update.win32_1.4.0.202007081208/tools/bin/../lib/gcc/arm-none-eabi/7.3.1/../../../../arm-none-eabi/lib/thumb/v7e-m/fpv4-sp/hard\libc_nano.a(lib_a-memcpy-stub.o)
                0x000000000800e344                memcpy
 .text.memset   0x000000000800e35a       0x10 c:/st/stm32cubeide_1.4.0/stm32cubeide/plugins/com.st.stm32cube.ide.mcu.externaltools.gnu-tools-for-stm32.7-2018-q2-update.win32_1.4.0.202007081208/tools/bin/../lib/gcc/arm-none-eabi/7.3.1/../../../../arm-none-eabi/lib/thumb/v7e-m/fpv4-sp/hard\libc_nano.a(lib_a-memset.o)
                0x000000000800e35a                memset
 *fill*         0x000000000800e36a        0x2 
 .text._free_r  0x000000000800e36c       0x9c c:/st/stm32cubeide_1.4.0/stm32cubeide/plugins/com.st.stm32cube.ide.mcu.externaltools.gnu-tools-for-stm32.7-2018-q2-update.win32_1.4.0.202007081208/tools/bin/../lib/gcc/arm-none-eabi/7.3.1/../../../../arm-none-eabi/lib/thumb/v7e-m/fpv4-sp/hard\libc_nano.a(lib_a-nano-freer.o)
                0x000000000800e36c                _free_r
 .text._malloc_r
                0x000000000800e408       0xb4 c:/st/stm32cubeide_1.4.0/stm32cubeide/plugins/com.st.stm32cube.ide.mcu.externaltools.gnu-tools-for-stm32.7-2018-q2-update.win32_1.4.0.202007081208/tools/bin/../lib/gcc/arm-none-eabi/7.3.1/../../../../arm-none-eabi/lib/thumb/v7e-m/fpv4-sp/hard\libc_nano.a(lib_a-nano-mallocr.o)
                0x000000000800e408                _malloc_r
 .text._sbrk_r  0x000000000800e4bc       0x20 c:/st/stm32cubeide_1.4.0/stm32cubeide/plugins/com.st.stm32cube.ide.mcu.externaltools.gnu-tools-for-stm32.7-2018-q2-update.win32_1.4.0.202007081208/tools/bin/../lib/gcc/arm-none-eabi/7.3.1/../../../../arm-none-eabi/lib/thumb/v7e-m/fpv4-sp/hard\libc_nano.a(lib_a-sbrkr.o)
                0x000000000800e4bc                _sbrk_r
 .text.__malloc_lock
                0x000000000800e4dc        0x2 c:/st/stm32cubeide_1.4.0/stm32cubeide/plugins/com.st.stm32cube.ide.mcu.externaltools.gnu-tools-for-stm32.7-2018-q2-update.win32_1.4.0.202007081208/tools/bin/../lib/gcc/arm-none-eabi/7.3.1/../../../../arm-none-eabi/lib/thumb/v7e-m/fpv4-sp/hard\libc_nano.a(lib_a-mlock.o)
                0x000000000800e4dc                __malloc_lock
 .text.__malloc_unlock
                0x000000000800e4de        0x2 c:/st/stm32cubeide_1.4.0/stm32cubeide/plugins/com.st.stm32cube.ide.mcu.externaltools.gnu-tools-for-stm32.7-2018-q2-update.win32_1.4.0.202007081208/tools/bin/../lib/gcc/arm-none-eabi/7.3.1/../../../../arm-none-eabi/lib/thumb/v7e-m/fpv4-sp/hard\libc_nano.a(lib_a-mlock.o)
                0x000000000800e4de                __malloc_unlock
 .text.roundf   0x000000000800e4e0       0x4c c:/st/stm32cubeide_1.4.0/stm32cubeide/plugins/com.st.stm32cube.ide.mcu.externaltools.gnu-tools-for-stm32.7-2018-q2-update.win32_1.4.0.202007081208/tools/bin/../lib/gcc/arm-none-eabi/7.3.1/../../../../arm-none-eabi/lib/thumb/v7e-m/fpv4-sp/hard\libm.a(lib_a-sf_round.o)
                0x000000000800e4e0                roundf
 .text.powf     0x000000000800e52c      0x2c8 c:/st/stm32cubeide_1.4.0/stm32cubeide/plugins/com.st.stm32cube.ide.mcu.externaltools.gnu-tools-for-stm32.7-2018-q2-update.win32_1.4.0.202007081208/tools/bin/../lib/gcc/arm-none-eabi/7.3.1/../../../../arm-none-eabi/lib/thumb/v7e-m/fpv4-sp/hard\libm.a(lib_a-wf_pow.o)
                0x000000000800e52c                powf
 .text.__ieee754_powf
                0x000000000800e7f4      0x580 c:/st/stm32cubeide_1.4.0/stm32cubeide/plugins/com.st.stm32cube.ide.mcu.externaltools.gnu-tools-for-stm32.7-2018-q2-update.win32_1.4.0.202007081208/tools/bin/../lib/gcc/arm-none-eabi/7.3.1/../../../../arm-none-eabi/lib/thumb/v7e-m/fpv4-sp/hard\libm.a(lib_a-ef_pow.o)
                0x000000000800e7f4                __ieee754_powf
 .text.__ieee754_sqrtf
                0x000000000800ed74        0x6 c:/st/stm32cubeide_1.4.0/stm32cubeide/plugins/com.st.stm32cube.ide.mcu.externaltools.gnu-tools-for-stm32.7-2018-q2-update.win32_1.4.0.202007081208/tools/bin/../lib/gcc/arm-none-eabi/7.3.1/../../../../arm-none-eabi/lib/thumb/v7e-m/fpv4-sp/hard\libm.a(lib_a-ef_sqrt.o)
                0x000000000800ed74                __ieee754_sqrtf
 .text.matherr  0x000000000800ed7a        0x4 c:/st/stm32cubeide_1.4.0/stm32cubeide/plugins/com.st.stm32cube.ide.mcu.externaltools.gnu-tools-for-stm32.7-2018-q2-update.win32_1.4.0.202007081208/tools/bin/../lib/gcc/arm-none-eabi/7.3.1/../../../../arm-none-eabi/lib/thumb/v7e-m/fpv4-sp/hard\libm.a(lib_a-s_matherr.o)
                0x000000000800ed7a                matherr
 .text.fabsf    0x000000000800ed7e        0xe c:/st/stm32cubeide_1.4.0/stm32cubeide/plugins/com.st.stm32cube.ide.mcu.externaltools.gnu-tools-for-stm32.7-2018-q2-update.win32_1.4.0.202007081208/tools/bin/../lib/gcc/arm-none-eabi/7.3.1/../../../../arm-none-eabi/lib/thumb/v7e-m/fpv4-sp/hard\libm.a(lib_a-sf_fabs.o)
                0x000000000800ed7e                fabsf
 .text.finitef  0x000000000800ed8c       0x14 c:/st/stm32cubeide_1.4.0/stm32cubeide/plugins/com.st.stm32cube.ide.mcu.externaltools.gnu-tools-for-stm32.7-2018-q2-update.win32_1.4.0.202007081208/tools/bin/../lib/gcc/arm-none-eabi/7.3.1/../../../../arm-none-eabi/lib/thumb/v7e-m/fpv4-sp/hard\libm.a(lib_a-sf_finite.o)
                0x000000000800ed8c                finitef
 .text.nanf     0x000000000800eda0        0xc c:/st/stm32cubeide_1.4.0/stm32cubeide/plugins/com.st.stm32cube.ide.mcu.externaltools.gnu-tools-for-stm32.7-2018-q2-update.win32_1.4.0.202007081208/tools/bin/../lib/gcc/arm-none-eabi/7.3.1/../../../../arm-none-eabi/lib/thumb/v7e-m/fpv4-sp/hard\libm.a(lib_a-sf_nan.o)
                0x000000000800eda0                nanf
 .text.rintf    0x000000000800edac       0xb4 c:/st/stm32cubeide_1.4.0/stm32cubeide/plugins/com.st.stm32cube.ide.mcu.externaltools.gnu-tools-for-stm32.7-2018-q2-update.win32_1.4.0.202007081208/tools/bin/../lib/gcc/arm-none-eabi/7.3.1/../../../../arm-none-eabi/lib/thumb/v7e-m/fpv4-sp/hard\libm.a(lib_a-sf_rint.o)
                0x000000000800edac                rintf
 .text.scalbnf  0x000000000800ee60       0xc0 c:/st/stm32cubeide_1.4.0/stm32cubeide/plugins/com.st.stm32cube.ide.mcu.externaltools.gnu-tools-for-stm32.7-2018-q2-update.win32_1.4.0.202007081208/tools/bin/../lib/gcc/arm-none-eabi/7.3.1/../../../../arm-none-eabi/lib/thumb/v7e-m/fpv4-sp/hard\libm.a(lib_a-sf_scalbn.o)
                0x000000000800ee60                scalbnf
 .text.copysignf
                0x000000000800ef20       0x18 c:/st/stm32cubeide_1.4.0/stm32cubeide/plugins/com.st.stm32cube.ide.mcu.externaltools.gnu-tools-for-stm32.7-2018-q2-update.win32_1.4.0.202007081208/tools/bin/../lib/gcc/arm-none-eabi/7.3.1/../../../../arm-none-eabi/lib/thumb/v7e-m/fpv4-sp/hard\libm.a(lib_a-sf_copysign.o)
                0x000000000800ef20                copysignf
 *(.glue_7)
 .glue_7        0x000000000800ef38        0x0 linker stubs
 *(.glue_7t)
 .glue_7t       0x000000000800ef38        0x0 linker stubs
 *(.eh_frame)
 .eh_frame      0x000000000800ef38        0x0 c:/st/stm32cubeide_1.4.0/stm32cubeide/plugins/com.st.stm32cube.ide.mcu.externaltools.gnu-tools-for-stm32.7-2018-q2-update.win32_1.4.0.202007081208/tools/bin/../lib/gcc/arm-none-eabi/7.3.1/thumb/v7e-m/fpv4-sp/hard/crtbegin.o
 *(.init)
 .init          0x000000000800ef38        0x4 c:/st/stm32cubeide_1.4.0/stm32cubeide/plugins/com.st.stm32cube.ide.mcu.externaltools.gnu-tools-for-stm32.7-2018-q2-update.win32_1.4.0.202007081208/tools/bin/../lib/gcc/arm-none-eabi/7.3.1/thumb/v7e-m/fpv4-sp/hard/crti.o
                0x000000000800ef38                _init
 .init          0x000000000800ef3c        0x8 c:/st/stm32cubeide_1.4.0/stm32cubeide/plugins/com.st.stm32cube.ide.mcu.externaltools.gnu-tools-for-stm32.7-2018-q2-update.win32_1.4.0.202007081208/tools/bin/../lib/gcc/arm-none-eabi/7.3.1/thumb/v7e-m/fpv4-sp/hard/crtn.o
 *(.fini)
 .fini          0x000000000800ef44        0x4 c:/st/stm32cubeide_1.4.0/stm32cubeide/plugins/com.st.stm32cube.ide.mcu.externaltools.gnu-tools-for-stm32.7-2018-q2-update.win32_1.4.0.202007081208/tools/bin/../lib/gcc/arm-none-eabi/7.3.1/thumb/v7e-m/fpv4-sp/hard/crti.o
                0x000000000800ef44                _fini
 .fini          0x000000000800ef48        0x8 c:/st/stm32cubeide_1.4.0/stm32cubeide/plugins/com.st.stm32cube.ide.mcu.externaltools.gnu-tools-for-stm32.7-2018-q2-update.win32_1.4.0.202007081208/tools/bin/../lib/gcc/arm-none-eabi/7.3.1/thumb/v7e-m/fpv4-sp/hard/crtn.o
                0x000000000800ef50                . = ALIGN (0x4)
                0x000000000800ef50                _etext = .

.vfp11_veneer   0x000000000800ef50        0x0
 .vfp11_veneer  0x000000000800ef50        0x0 linker stubs

.v4_bx          0x000000000800ef50        0x0
 .v4_bx         0x000000000800ef50        0x0 linker stubs

.iplt           0x000000000800ef50        0x0
 .iplt          0x000000000800ef50        0x0 c:/st/stm32cubeide_1.4.0/stm32cubeide/plugins/com.st.stm32cube.ide.mcu.externaltools.gnu-tools-for-stm32.7-2018-q2-update.win32_1.4.0.202007081208/tools/bin/../lib/gcc/arm-none-eabi/7.3.1/thumb/v7e-m/fpv4-sp/hard/crtbegin.o

.rodata         0x000000000800ef50      0x1f8
                0x000000000800ef50                . = ALIGN (0x4)
 *(.rodata)
 .rodata        0x000000000800ef50       0x21 Core/Src/main.o
 *fill*         0x000000000800ef71        0x3 
 .rodata        0x000000000800ef74        0x4 Middlewares/ST/STM32_USB_Host_Library/Class/MSC/Src/usbh_msc.o
 .rodata        0x000000000800ef78       0x44 Middlewares/Third_Party/FatFs/src/ff.o
 .rodata        0x000000000800efbc       0x16 USB_HOST/App/usb_host.o
 *fill*         0x000000000800efd2        0x2 
 .rodata        0x000000000800efd4       0x38 C:\Users\rprch\STM32Cube\Repository\STM32Cube_FW_F4_V1.25.2\Middlewares\ST\STM32_Audio\Addons\PDM\Lib\libPDMFilter_CM4_GCC_wc32.a(pdm_filter.o)
 *(.rodata*)
 .rodata.AHBPrescTable
                0x000000000800f00c       0x10 Core/Src/system_stm32f4xx.o
                0x000000000800f00c                AHBPrescTable
 .rodata.APBPrescTable
                0x000000000800f01c        0x8 Core/Src/system_stm32f4xx.o
                0x000000000800f01c                APBPrescTable
 .rodata.flagBitshiftOffset.8127
                0x000000000800f024        0x8 Drivers/STM32F4xx_HAL_Driver/Src/stm32f4xx_hal_dma.o
 .rodata.USBH_Driver
                0x000000000800f02c       0x14 FATFS/Target/usbh_diskio.o
                0x000000000800f02c                USBH_Driver
 .rodata.ExCvt  0x000000000800f040       0x80 Middlewares/Third_Party/FatFs/src/ff.o
 .rodata.__sf_fake_stderr
                0x000000000800f0c0       0x20 c:/st/stm32cubeide_1.4.0/stm32cubeide/plugins/com.st.stm32cube.ide.mcu.externaltools.gnu-tools-for-stm32.7-2018-q2-update.win32_1.4.0.202007081208/tools/bin/../lib/gcc/arm-none-eabi/7.3.1/../../../../arm-none-eabi/lib/thumb/v7e-m/fpv4-sp/hard\libc_nano.a(lib_a-findfp.o)
                0x000000000800f0c0                __sf_fake_stderr
 .rodata.__sf_fake_stdin
                0x000000000800f0e0       0x20 c:/st/stm32cubeide_1.4.0/stm32cubeide/plugins/com.st.stm32cube.ide.mcu.externaltools.gnu-tools-for-stm32.7-2018-q2-update.win32_1.4.0.202007081208/tools/bin/../lib/gcc/arm-none-eabi/7.3.1/../../../../arm-none-eabi/lib/thumb/v7e-m/fpv4-sp/hard\libc_nano.a(lib_a-findfp.o)
                0x000000000800f0e0                __sf_fake_stdin
 .rodata.__sf_fake_stdout
                0x000000000800f100       0x20 c:/st/stm32cubeide_1.4.0/stm32cubeide/plugins/com.st.stm32cube.ide.mcu.externaltools.gnu-tools-for-stm32.7-2018-q2-update.win32_1.4.0.202007081208/tools/bin/../lib/gcc/arm-none-eabi/7.3.1/../../../../arm-none-eabi/lib/thumb/v7e-m/fpv4-sp/hard\libc_nano.a(lib_a-findfp.o)
                0x000000000800f100                __sf_fake_stdout
 .rodata.powf.str1.1
                0x000000000800f120        0x5 c:/st/stm32cubeide_1.4.0/stm32cubeide/plugins/com.st.stm32cube.ide.mcu.externaltools.gnu-tools-for-stm32.7-2018-q2-update.win32_1.4.0.202007081208/tools/bin/../lib/gcc/arm-none-eabi/7.3.1/../../../../arm-none-eabi/lib/thumb/v7e-m/fpv4-sp/hard\libm.a(lib_a-wf_pow.o)
 .rodata.__ieee754_powf.str1.1
                0x000000000800f125        0x5 c:/st/stm32cubeide_1.4.0/stm32cubeide/plugins/com.st.stm32cube.ide.mcu.externaltools.gnu-tools-for-stm32.7-2018-q2-update.win32_1.4.0.202007081208/tools/bin/../lib/gcc/arm-none-eabi/7.3.1/../../../../arm-none-eabi/lib/thumb/v7e-m/fpv4-sp/hard\libm.a(lib_a-ef_pow.o)
                                          0x1 (size before relaxing)
 *fill*         0x000000000800f125        0x3 
 .rodata.bp     0x000000000800f128        0x8 c:/st/stm32cubeide_1.4.0/stm32cubeide/plugins/com.st.stm32cube.ide.mcu.externaltools.gnu-tools-for-stm32.7-2018-q2-update.win32_1.4.0.202007081208/tools/bin/../lib/gcc/arm-none-eabi/7.3.1/../../../../arm-none-eabi/lib/thumb/v7e-m/fpv4-sp/hard\libm.a(lib_a-ef_pow.o)
 .rodata.dp_h   0x000000000800f130        0x8 c:/st/stm32cubeide_1.4.0/stm32cubeide/plugins/com.st.stm32cube.ide.mcu.externaltools.gnu-tools-for-stm32.7-2018-q2-update.win32_1.4.0.202007081208/tools/bin/../lib/gcc/arm-none-eabi/7.3.1/../../../../arm-none-eabi/lib/thumb/v7e-m/fpv4-sp/hard\libm.a(lib_a-ef_pow.o)
 .rodata.dp_l   0x000000000800f138        0x8 c:/st/stm32cubeide_1.4.0/stm32cubeide/plugins/com.st.stm32cube.ide.mcu.externaltools.gnu-tools-for-stm32.7-2018-q2-update.win32_1.4.0.202007081208/tools/bin/../lib/gcc/arm-none-eabi/7.3.1/../../../../arm-none-eabi/lib/thumb/v7e-m/fpv4-sp/hard\libm.a(lib_a-ef_pow.o)
 .rodata.TWO23  0x000000000800f140        0x8 c:/st/stm32cubeide_1.4.0/stm32cubeide/plugins/com.st.stm32cube.ide.mcu.externaltools.gnu-tools-for-stm32.7-2018-q2-update.win32_1.4.0.202007081208/tools/bin/../lib/gcc/arm-none-eabi/7.3.1/../../../../arm-none-eabi/lib/thumb/v7e-m/fpv4-sp/hard\libm.a(lib_a-sf_rint.o)
                0x000000000800f148                . = ALIGN (0x4)

.ARM.extab      0x000000000800f148        0x0
                0x000000000800f148                . = ALIGN (0x4)
 *(.ARM.extab* .gnu.linkonce.armextab.*)
                0x000000000800f148                . = ALIGN (0x4)

.ARM            0x000000000800f148        0x8
                0x000000000800f148                . = ALIGN (0x4)
                0x000000000800f148                __exidx_start = .
 *(.ARM.exidx*)
 .ARM.exidx     0x000000000800f148        0x8 c:/st/stm32cubeide_1.4.0/stm32cubeide/plugins/com.st.stm32cube.ide.mcu.externaltools.gnu-tools-for-stm32.7-2018-q2-update.win32_1.4.0.202007081208/tools/bin/../lib/gcc/arm-none-eabi/7.3.1/thumb/v7e-m/fpv4-sp/hard\libgcc.a(_udivmoddi4.o)
                0x000000000800f150                __exidx_end = .
                0x000000000800f150                . = ALIGN (0x4)

.rel.dyn        0x000000000800f150        0x0
 .rel.iplt      0x000000000800f150        0x0 c:/st/stm32cubeide_1.4.0/stm32cubeide/plugins/com.st.stm32cube.ide.mcu.externaltools.gnu-tools-for-stm32.7-2018-q2-update.win32_1.4.0.202007081208/tools/bin/../lib/gcc/arm-none-eabi/7.3.1/thumb/v7e-m/fpv4-sp/hard/crtbegin.o

.preinit_array  0x000000000800f150        0x0
                0x000000000800f150                . = ALIGN (0x4)
                0x000000000800f150                PROVIDE (__preinit_array_start = .)
 *(.preinit_array*)
                0x000000000800f150                PROVIDE (__preinit_array_end = .)
                0x000000000800f150                . = ALIGN (0x4)

.init_array     0x000000000800f150        0x4
                0x000000000800f150                . = ALIGN (0x4)
                0x000000000800f150                PROVIDE (__init_array_start = .)
 *(SORT_BY_NAME(.init_array.*))
 *(.init_array*)
 .init_array    0x000000000800f150        0x4 c:/st/stm32cubeide_1.4.0/stm32cubeide/plugins/com.st.stm32cube.ide.mcu.externaltools.gnu-tools-for-stm32.7-2018-q2-update.win32_1.4.0.202007081208/tools/bin/../lib/gcc/arm-none-eabi/7.3.1/thumb/v7e-m/fpv4-sp/hard/crtbegin.o
                0x000000000800f154                PROVIDE (__init_array_end = .)
                0x000000000800f154                . = ALIGN (0x4)

.fini_array     0x000000000800f154        0x4
                0x000000000800f154                . = ALIGN (0x4)
                [!provide]                        PROVIDE (__fini_array_start = .)
 *(SORT_BY_NAME(.fini_array.*))
 *(.fini_array*)
 .fini_array    0x000000000800f154        0x4 c:/st/stm32cubeide_1.4.0/stm32cubeide/plugins/com.st.stm32cube.ide.mcu.externaltools.gnu-tools-for-stm32.7-2018-q2-update.win32_1.4.0.202007081208/tools/bin/../lib/gcc/arm-none-eabi/7.3.1/thumb/v7e-m/fpv4-sp/hard/crtbegin.o
                [!provide]                        PROVIDE (__fini_array_end = .)
                0x000000000800f158                . = ALIGN (0x4)
                0x000000000800f158                _sidata = LOADADDR (.data)

.data           0x0000000020000000      0x494 load address 0x000000000800f158
                0x0000000020000000                . = ALIGN (0x4)
                0x0000000020000000                _sdata = .
 *(.data)
 .data          0x0000000020000000      0x400 C:\Users\rprch\STM32Cube\Repository\STM32Cube_FW_F4_V1.25.2\Middlewares\ST\STM32_Audio\Addons\PDM\Lib\libPDMFilter_CM4_GCC_wc32.a(pdm_filter.o)
 *(.data*)
 .data.SystemCoreClock
                0x0000000020000400        0x4 Core/Src/system_stm32f4xx.o
                0x0000000020000400                SystemCoreClock
 .data.uwTickPrio
                0x0000000020000404        0x4 Drivers/STM32F4xx_HAL_Driver/Src/stm32f4xx_hal.o
                0x0000000020000404                uwTickPrio
 .data.uwTickFreq
                0x0000000020000408        0x1 Drivers/STM32F4xx_HAL_Driver/Src/stm32f4xx_hal.o
                0x0000000020000408                uwTickFreq
 *fill*         0x0000000020000409        0x3 
 .data.USBH_msc
                0x000000002000040c       0x20 Middlewares/ST/STM32_USB_Host_Library/Class/MSC/Src/usbh_msc.o
                0x000000002000040c                USBH_msc
 .data._impure_ptr
                0x000000002000042c        0x4 c:/st/stm32cubeide_1.4.0/stm32cubeide/plugins/com.st.stm32cube.ide.mcu.externaltools.gnu-tools-for-stm32.7-2018-q2-update.win32_1.4.0.202007081208/tools/bin/../lib/gcc/arm-none-eabi/7.3.1/../../../../arm-none-eabi/lib/thumb/v7e-m/fpv4-sp/hard\libc_nano.a(lib_a-impure.o)
                0x000000002000042c                _impure_ptr
 .data.impure_data
                0x0000000020000430       0x60 c:/st/stm32cubeide_1.4.0/stm32cubeide/plugins/com.st.stm32cube.ide.mcu.externaltools.gnu-tools-for-stm32.7-2018-q2-update.win32_1.4.0.202007081208/tools/bin/../lib/gcc/arm-none-eabi/7.3.1/../../../../arm-none-eabi/lib/thumb/v7e-m/fpv4-sp/hard\libc_nano.a(lib_a-impure.o)
 .data.__fdlib_version
                0x0000000020000490        0x1 c:/st/stm32cubeide_1.4.0/stm32cubeide/plugins/com.st.stm32cube.ide.mcu.externaltools.gnu-tools-for-stm32.7-2018-q2-update.win32_1.4.0.202007081208/tools/bin/../lib/gcc/arm-none-eabi/7.3.1/../../../../arm-none-eabi/lib/thumb/v7e-m/fpv4-sp/hard\libm.a(lib_a-s_lib_ver.o)
                0x0000000020000490                __fdlib_version
                0x0000000020000494                . = ALIGN (0x4)
 *fill*         0x0000000020000491        0x3 
                0x0000000020000494                _edata = .

.igot.plt       0x0000000020000494        0x0 load address 0x000000000800f5ec
 .igot.plt      0x0000000020000494        0x0 c:/st/stm32cubeide_1.4.0/stm32cubeide/plugins/com.st.stm32cube.ide.mcu.externaltools.gnu-tools-for-stm32.7-2018-q2-update.win32_1.4.0.202007081208/tools/bin/../lib/gcc/arm-none-eabi/7.3.1/thumb/v7e-m/fpv4-sp/hard/crtbegin.o
                0x0000000020000494                . = ALIGN (0x4)

.bss            0x0000000020000494     0x1314 load address 0x000000000800f5ec
                0x0000000020000494                _sbss = .
                0x0000000020000494                __bss_start__ = _sbss
 *(.bss)
 .bss           0x0000000020000494       0x1c c:/st/stm32cubeide_1.4.0/stm32cubeide/plugins/com.st.stm32cube.ide.mcu.externaltools.gnu-tools-for-stm32.7-2018-q2-update.win32_1.4.0.202007081208/tools/bin/../lib/gcc/arm-none-eabi/7.3.1/thumb/v7e-m/fpv4-sp/hard/crtbegin.o
 .bss           0x00000000200004b0        0x1 C:\Users\rprch\STM32Cube\Repository\STM32Cube_FW_F4_V1.25.2\Middlewares\ST\STM32_Audio\Addons\PDM\Lib\libPDMFilter_CM4_GCC_wc32.a(pdm_filter.o)
 *(.bss*)
 *fill*         0x00000000200004b1        0x3 
 .bss.__sbrk_heap_end
                0x00000000200004b4        0x4 Core/Src/sysmem.o
 .bss.hdma_i2sRx.8373
                0x00000000200004b8       0x60 Drivers/BSP/STM32F411E-Discovery/stm32f411e_discovery_audio.o
 .bss.tmpreg.8283
                0x0000000020000518        0x4 Drivers/STM32F4xx_HAL_Driver/Src/stm32f4xx_ll_usb.o
 .bss.FatFs     0x000000002000051c        0x4 Middlewares/Third_Party/FatFs/src/ff.o
 .bss.Fsid      0x0000000020000520        0x2 Middlewares/Third_Party/FatFs/src/ff.o
 *fill*         0x0000000020000522        0x2 
 .bss.Files     0x0000000020000524       0x20 Middlewares/Third_Party/FatFs/src/ff.o
 .bss.disk      0x0000000020000544        0xc Middlewares/Third_Party/FatFs/src/ff_gen_drv.o
                0x0000000020000544                disk
 .bss.Appli_state
                0x0000000020000550        0x1 USB_HOST/App/usb_host.o
                0x0000000020000550                Appli_state
 *fill*         0x0000000020000551        0x3 
 .bss.flag_usb  0x0000000020000554        0x4 USB_HOST/App/usb_host.o
                0x0000000020000554                flag_usb
 .bss.__malloc_free_list
                0x0000000020000558        0x4 c:/st/stm32cubeide_1.4.0/stm32cubeide/plugins/com.st.stm32cube.ide.mcu.externaltools.gnu-tools-for-stm32.7-2018-q2-update.win32_1.4.0.202007081208/tools/bin/../lib/gcc/arm-none-eabi/7.3.1/../../../../arm-none-eabi/lib/thumb/v7e-m/fpv4-sp/hard\libc_nano.a(lib_a-nano-mallocr.o)
                0x0000000020000558                __malloc_free_list
 .bss.__malloc_sbrk_start
                0x000000002000055c        0x4 c:/st/stm32cubeide_1.4.0/stm32cubeide/plugins/com.st.stm32cube.ide.mcu.externaltools.gnu-tools-for-stm32.7-2018-q2-update.win32_1.4.0.202007081208/tools/bin/../lib/gcc/arm-none-eabi/7.3.1/../../../../arm-none-eabi/lib/thumb/v7e-m/fpv4-sp/hard\libc_nano.a(lib_a-nano-mallocr.o)
                0x000000002000055c                __malloc_sbrk_start
 *(COMMON)
 COMMON         0x0000000020000560       0x54 Core/Src/i2c.o
                0x0000000020000560                hi2c1
 COMMON         0x00000000200005b4       0x90 Core/Src/i2s.o
                0x00000000200005b4                hi2s2
                0x00000000200005fc                hi2s3
 COMMON         0x0000000020000644       0x58 Core/Src/spi.o
                0x0000000020000644                hspi1
 COMMON         0x000000002000069c      0x134 Drivers/BSP/STM32F411E-Discovery/stm32f411e_discovery_audio.o
                0x000000002000069c                PDM_FilterConfig
                0x00000000200006a8                PDM_FilterHandler
                0x0000000020000740                hAudioOutI2s
                0x0000000020000788                hAudioInI2s
 COMMON         0x00000000200007d0        0x4 Drivers/STM32F4xx_HAL_Driver/Src/stm32f4xx_hal.o
                0x00000000200007d0                uwTick
 COMMON         0x00000000200007d4      0x465 FATFS/App/fatfs.o
                0x00000000200007d4                USBHPath
                0x00000000200007d8                USBHFile
                0x0000000020000a08                USBHFatFS
                0x0000000020000c38                retUSBH
 *fill*         0x0000000020000c39        0x3 
 COMMON         0x0000000020000c3c      0x8a4 USB_HOST/App/usb_host.o
                0x0000000020000c3c                hUsbHostFS
                0x0000000020001014                USBDISKPath
                0x0000000020001018                rFILE
                0x000000002000101c                rtext
                0x0000000020001080                MyFile
                0x00000000200012b0                USBDISKFatFs
 COMMON         0x00000000200014e0      0x2c4 USB_HOST/Target/usbh_conf.o
                0x00000000200014e0                hhcd_USB_OTG_FS
 COMMON         0x00000000200017a4        0x4 c:/st/stm32cubeide_1.4.0/stm32cubeide/plugins/com.st.stm32cube.ide.mcu.externaltools.gnu-tools-for-stm32.7-2018-q2-update.win32_1.4.0.202007081208/tools/bin/../lib/gcc/arm-none-eabi/7.3.1/../../../../arm-none-eabi/lib/thumb/v7e-m/fpv4-sp/hard\libc_nano.a(lib_a-reent.o)
                0x00000000200017a4                errno
                0x00000000200017a8                . = ALIGN (0x4)
                0x00000000200017a8                _ebss = .
                0x00000000200017a8                __bss_end__ = _ebss

._user_heap_stack
                0x00000000200017a8      0xc00 load address 0x000000000800f5ec
                0x00000000200017a8                . = ALIGN (0x8)
                [!provide]                        PROVIDE (end = .)
                0x00000000200017a8                PROVIDE (_end = .)
                0x0000000020001ba8                . = (. + _Min_Heap_Size)
 *fill*         0x00000000200017a8      0x400 
                0x00000000200023a8                . = (. + _Min_Stack_Size)
 *fill*         0x0000000020001ba8      0x800 
                0x00000000200023a8                . = ALIGN (0x8)

/DISCARD/
 libc.a(*)
 libm.a(*)
 libgcc.a(*)

.ARM.attributes
                0x0000000000000000       0x30
 *(.ARM.attributes)
 .ARM.attributes
                0x0000000000000000       0x22 c:/st/stm32cubeide_1.4.0/stm32cubeide/plugins/com.st.stm32cube.ide.mcu.externaltools.gnu-tools-for-stm32.7-2018-q2-update.win32_1.4.0.202007081208/tools/bin/../lib/gcc/arm-none-eabi/7.3.1/thumb/v7e-m/fpv4-sp/hard/crti.o
 .ARM.attributes
                0x0000000000000022       0x34 c:/st/stm32cubeide_1.4.0/stm32cubeide/plugins/com.st.stm32cube.ide.mcu.externaltools.gnu-tools-for-stm32.7-2018-q2-update.win32_1.4.0.202007081208/tools/bin/../lib/gcc/arm-none-eabi/7.3.1/thumb/v7e-m/fpv4-sp/hard/crtbegin.o
 .ARM.attributes
                0x0000000000000056       0x39 Core/Src/gpio.o
 .ARM.attributes
                0x000000000000008f       0x39 Core/Src/i2c.o
 .ARM.attributes
                0x00000000000000c8       0x39 Core/Src/i2s.o
 .ARM.attributes
                0x0000000000000101       0x39 Core/Src/main.o
 .ARM.attributes
                0x000000000000013a       0x39 Core/Src/spi.o
 .ARM.attributes
                0x0000000000000173       0x39 Core/Src/stm32f4xx_hal_msp.o
 .ARM.attributes
                0x00000000000001ac       0x39 Core/Src/stm32f4xx_it.o
 .ARM.attributes
                0x00000000000001e5       0x39 Core/Src/sysmem.o
 .ARM.attributes
                0x000000000000021e       0x39 Core/Src/system_stm32f4xx.o
 .ARM.attributes
                0x0000000000000257       0x21 Core/Startup/startup_stm32f411vetx.o
 .ARM.attributes
                0x0000000000000278       0x39 Drivers/BSP/STM32F411E-Discovery/stm32f411e_discovery_audio.o
 .ARM.attributes
                0x00000000000002b1       0x39 Drivers/STM32F4xx_HAL_Driver/Src/stm32f4xx_hal.o
 .ARM.attributes
                0x00000000000002ea       0x39 Drivers/STM32F4xx_HAL_Driver/Src/stm32f4xx_hal_cortex.o
 .ARM.attributes
                0x0000000000000323       0x39 Drivers/STM32F4xx_HAL_Driver/Src/stm32f4xx_hal_dma.o
 .ARM.attributes
                0x000000000000035c       0x39 Drivers/STM32F4xx_HAL_Driver/Src/stm32f4xx_hal_gpio.o
 .ARM.attributes
                0x0000000000000395       0x39 Drivers/STM32F4xx_HAL_Driver/Src/stm32f4xx_hal_hcd.o
 .ARM.attributes
                0x00000000000003ce       0x39 Drivers/STM32F4xx_HAL_Driver/Src/stm32f4xx_hal_i2c.o
 .ARM.attributes
                0x0000000000000407       0x39 Drivers/STM32F4xx_HAL_Driver/Src/stm32f4xx_hal_i2s.o
 .ARM.attributes
                0x0000000000000440       0x39 Drivers/STM32F4xx_HAL_Driver/Src/stm32f4xx_hal_i2s_ex.o
 .ARM.attributes
                0x0000000000000479       0x39 Drivers/STM32F4xx_HAL_Driver/Src/stm32f4xx_hal_rcc.o
 .ARM.attributes
                0x00000000000004b2       0x39 Drivers/STM32F4xx_HAL_Driver/Src/stm32f4xx_hal_rcc_ex.o
 .ARM.attributes
                0x00000000000004eb       0x39 Drivers/STM32F4xx_HAL_Driver/Src/stm32f4xx_hal_spi.o
 .ARM.attributes
                0x0000000000000524       0x39 Drivers/STM32F4xx_HAL_Driver/Src/stm32f4xx_ll_usb.o
 .ARM.attributes