Archive member included to satisfy reference by file (symbol)

../../../../../../../../Middlewares/ST/STM32_Audio/Addons/PDM/Lib\libPDMFilter_CM4_GCC_wc32.a(pdm_filter.o)
                              Drivers/BSP/STM32F411E-Discovery/stm32f411e_discovery_audio.o (PDM_Filter_Init)
../../../../../../../../Middlewares/ST/STM32_Audio/Addons/PDM/Lib\libPDMFilter_CM4_GCC_wc32.a(stm32_crc_lock.o)
                              ../../../../../../../../Middlewares/ST/STM32_Audio/Addons/PDM/Lib\libPDMFilter_CM4_GCC_wc32.a(pdm_filter.o) (CRC_Lock)
c:/st/stm32cubeide_1.4.0/stm32cubeide/plugins/com.st.stm32cube.ide.mcu.externaltools.gnu-tools-for-stm32.7-2018-q2-update.win32_1.4.0.202007081208/tools/bin/../lib/gcc/arm-none-eabi/7.3.1/../../../../arm-none-eabi/lib/thumb/v7e-m/fpv4-sp/hard\libc_nano.a(lib_a-exit.o)
                              c:/st/stm32cubeide_1.4.0/stm32cubeide/plugins/com.st.stm32cube.ide.mcu.externaltools.gnu-tools-for-stm32.7-2018-q2-update.win32_1.4.0.202007081208/tools/bin/../lib/gcc/arm-none-eabi/7.3.1/../../../../arm-none-eabi/lib/thumb/v7e-m/fpv4-sp/hard/crt0.o (exit)
c:/st/stm32cubeide_1.4.0/stm32cubeide/plugins/com.st.stm32cube.ide.mcu.externaltools.gnu-tools-for-stm32.7-2018-q2-update.win32_1.4.0.202007081208/tools/bin/../lib/gcc/arm-none-eabi/7.3.1/../../../../arm-none-eabi/lib/thumb/v7e-m/fpv4-sp/hard\libc_nano.a(lib_a-impure.o)
                              c:/st/stm32cubeide_1.4.0/stm32cubeide/plugins/com.st.stm32cube.ide.mcu.externaltools.gnu-tools-for-stm32.7-2018-q2-update.win32_1.4.0.202007081208/tools/bin/../lib/gcc/arm-none-eabi/7.3.1/../../../../arm-none-eabi/lib/thumb/v7e-m/fpv4-sp/hard\libc_nano.a(lib_a-exit.o) (_global_impure_ptr)
c:/st/stm32cubeide_1.4.0/stm32cubeide/plugins/com.st.stm32cube.ide.mcu.externaltools.gnu-tools-for-stm32.7-2018-q2-update.win32_1.4.0.202007081208/tools/bin/../lib/gcc/arm-none-eabi/7.3.1/../../../../arm-none-eabi/lib/thumb/v7e-m/fpv4-sp/hard\libc_nano.a(lib_a-init.o)
                              c:/st/stm32cubeide_1.4.0/stm32cubeide/plugins/com.st.stm32cube.ide.mcu.externaltools.gnu-tools-for-stm32.7-2018-q2-update.win32_1.4.0.202007081208/tools/bin/../lib/gcc/arm-none-eabi/7.3.1/../../../../arm-none-eabi/lib/thumb/v7e-m/fpv4-sp/hard/crt0.o (__libc_init_array)
c:/st/stm32cubeide_1.4.0/stm32cubeide/plugins/com.st.stm32cube.ide.mcu.externaltools.gnu-tools-for-stm32.7-2018-q2-update.win32_1.4.0.202007081208/tools/bin/../lib/gcc/arm-none-eabi/7.3.1/../../../../arm-none-eabi/lib/thumb/v7e-m/fpv4-sp/hard\libc_nano.a(lib_a-malloc.o)
                              Middlewares/STM32_USBH_Library/Class/MSC/usbh_msc.o (malloc)
c:/st/stm32cubeide_1.4.0/stm32cubeide/plugins/com.st.stm32cube.ide.mcu.externaltools.gnu-tools-for-stm32.7-2018-q2-update.win32_1.4.0.202007081208/tools/bin/../lib/gcc/arm-none-eabi/7.3.1/../../../../arm-none-eabi/lib/thumb/v7e-m/fpv4-sp/hard\libc_nano.a(lib_a-memcpy-stub.o)
                              Middlewares/FatFs/Drivers/usbh_diskio_dma.o (memcpy)
c:/st/stm32cubeide_1.4.0/stm32cubeide/plugins/com.st.stm32cube.ide.mcu.externaltools.gnu-tools-for-stm32.7-2018-q2-update.win32_1.4.0.202007081208/tools/bin/../lib/gcc/arm-none-eabi/7.3.1/../../../../arm-none-eabi/lib/thumb/v7e-m/fpv4-sp/hard\libc_nano.a(lib_a-memset.o)
                              c:/st/stm32cubeide_1.4.0/stm32cubeide/plugins/com.st.stm32cube.ide.mcu.externaltools.gnu-tools-for-stm32.7-2018-q2-update.win32_1.4.0.202007081208/tools/bin/../lib/gcc/arm-none-eabi/7.3.1/../../../../arm-none-eabi/lib/thumb/v7e-m/fpv4-sp/hard/crt0.o (memset)
c:/st/stm32cubeide_1.4.0/stm32cubeide/plugins/com.st.stm32cube.ide.mcu.externaltools.gnu-tools-for-stm32.7-2018-q2-update.win32_1.4.0.202007081208/tools/bin/../lib/gcc/arm-none-eabi/7.3.1/../../../../arm-none-eabi/lib/thumb/v7e-m/fpv4-sp/hard\libc_nano.a(lib_a-nano-freer.o)
                              c:/st/stm32cubeide_1.4.0/stm32cubeide/plugins/com.st.stm32cube.ide.mcu.externaltools.gnu-tools-for-stm32.7-2018-q2-update.win32_1.4.0.202007081208/tools/bin/../lib/gcc/arm-none-eabi/7.3.1/../../../../arm-none-eabi/lib/thumb/v7e-m/fpv4-sp/hard\libc_nano.a(lib_a-malloc.o) (_free_r)
c:/st/stm32cubeide_1.4.0/stm32cubeide/plugins/com.st.stm32cube.ide.mcu.externaltools.gnu-tools-for-stm32.7-2018-q2-update.win32_1.4.0.202007081208/tools/bin/../lib/gcc/arm-none-eabi/7.3.1/../../../../arm-none-eabi/lib/thumb/v7e-m/fpv4-sp/hard\libc_nano.a(lib_a-nano-mallocr.o)
                              c:/st/stm32cubeide_1.4.0/stm32cubeide/plugins/com.st.stm32cube.ide.mcu.externaltools.gnu-tools-for-stm32.7-2018-q2-update.win32_1.4.0.202007081208/tools/bin/../lib/gcc/arm-none-eabi/7.3.1/../../../../arm-none-eabi/lib/thumb/v7e-m/fpv4-sp/hard\libc_nano.a(lib_a-malloc.o) (_malloc_r)
c:/st/stm32cubeide_1.4.0/stm32cubeide/plugins/com.st.stm32cube.ide.mcu.externaltools.gnu-tools-for-stm32.7-2018-q2-update.win32_1.4.0.202007081208/tools/bin/../lib/gcc/arm-none-eabi/7.3.1/../../../../arm-none-eabi/lib/thumb/v7e-m/fpv4-sp/hard\libc_nano.a(lib_a-sbrkr.o)
[...]
Memory Configuration

Name             Origin             Length             Attributes
FLASH            0x0000000008000000 0x0000000000080000 xr
RAM              0x0000000020000000 0x0000000000020000 xrw
*default*        0x0000000000000000 0xffffffffffffffff

Linker script and memory map

LOAD c:/st/stm32cubeide_1.4.0/stm32cubeide/plugins/com.st.stm32cube.ide.mcu.externaltools.gnu-tools-for-stm32.7-2018-q2-update.win32_1.4.0.202007081208/tools/bin/../lib/gcc/arm-none-eabi/7.3.1/thumb/v7e-m/fpv4-sp/hard/crti.o
LOAD c:/st/stm32cubeide_1.4.0/stm32cubeide/plugins/com.st.stm32cube.ide.mcu.externaltools.gnu-tools-for-stm32.7-2018-q2-update.win32_1.4.0.202007081208/tools/bin/../lib/gcc/arm-none-eabi/7.3.1/thumb/v7e-m/fpv4-sp/hard/crtbegin.o
LOAD c:/st/stm32cubeide_1.4.0/stm32cubeide/plugins/com.st.stm32cube.ide.mcu.externaltools.gnu-tools-for-stm32.7-2018-q2-update.win32_1.4.0.202007081208/tools/bin/../lib/gcc/arm-none-eabi/7.3.1/../../../../arm-none-eabi/lib/thumb/v7e-m/fpv4-sp/hard/crt0.o
LOAD Application/SW4STM32/startup_stm32f411xe.o
LOAD Application/User/MY_FLASH.o
LOAD Application/User/audio_sample.o
LOAD Application/User/main.o
LOAD Application/User/stm32f4xx_it.o
LOAD Application/User/usbh_conf.o
LOAD Application/User/waveplayer.o
LOAD Application/User/waverecorder.o
LOAD Drivers/BSP/Components/cs43l22.o
LOAD Drivers/BSP/Components/lsm303dlhc.o
LOAD Drivers/BSP/STM32F411E-Discovery/stm32f411e_discovery.o
LOAD Drivers/BSP/STM32F411E-Discovery/stm32f411e_discovery_accelerometer.o
LOAD Drivers/BSP/STM32F411E-Discovery/stm32f411e_discovery_audio.o
LOAD Drivers/CMSIS/system_stm32f4xx.o
LOAD Drivers/STM32F4xx_HAL_Drivers/stm32f4xx_hal.o
LOAD Drivers/STM32F4xx_HAL_Drivers/stm32f4xx_hal_cortex.o
LOAD Drivers/STM32F4xx_HAL_Drivers/stm32f4xx_hal_dma.o
LOAD Drivers/STM32F4xx_HAL_Drivers/stm32f4xx_hal_dma_ex.o
LOAD Drivers/STM32F4xx_HAL_Drivers/stm32f4xx_hal_flash.o
LOAD Drivers/STM32F4xx_HAL_Drivers/stm32f4xx_hal_flash_ex.o
LOAD Drivers/STM32F4xx_HAL_Drivers/stm32f4xx_hal_gpio.o
LOAD Drivers/STM32F4xx_HAL_Drivers/stm32f4xx_hal_hcd.o
LOAD Drivers/STM32F4xx_HAL_Drivers/stm32f4xx_hal_i2c.o
LOAD Drivers/STM32F4xx_HAL_Drivers/stm32f4xx_hal_i2c_ex.o
LOAD Drivers/STM32F4xx_HAL_Drivers/stm32f4xx_hal_i2s.o
LOAD Drivers/STM32F4xx_HAL_Drivers/stm32f4xx_hal_i2s_ex.o
LOAD Drivers/STM32F4xx_HAL_Drivers/stm32f4xx_hal_pwr.o
LOAD Drivers/STM32F4xx_HAL_Drivers/stm32f4xx_hal_pwr_ex.o
LOAD Drivers/STM32F4xx_HAL_Drivers/stm32f4xx_hal_rcc.o
LOAD Drivers/STM32F4xx_HAL_Drivers/stm32f4xx_hal_rcc_ex.o
LOAD Drivers/STM32F4xx_HAL_Drivers/stm32f4xx_hal_spi.o
LOAD Drivers/STM32F4xx_HAL_Drivers/stm32f4xx_hal_tim.o
LOAD Drivers/STM32F4xx_HAL_Drivers/stm32f4xx_hal_tim_ex.o
LOAD Drivers/STM32F4xx_HAL_Drivers/stm32f4xx_ll_fmc.o
LOAD Drivers/STM32F4xx_HAL_Drivers/stm32f4xx_ll_usb.o
LOAD Middlewares/FatFs/Core/diskio.o
LOAD Middlewares/FatFs/Core/ff.o
LOAD Middlewares/FatFs/Core/ff_gen_drv.o
LOAD Middlewares/FatFs/Drivers/usbh_diskio_dma.o
LOAD Middlewares/FatFs/Options/syscall.o
LOAD Middlewares/FatFs/Options/unicode.o
LOAD Middlewares/STM32_USBH_Library/Class/MSC/usbh_msc.o
LOAD Middlewares/STM32_USBH_Library/Class/MSC/usbh_msc_bot.o
LOAD Middlewares/STM32_USBH_Library/Class/MSC/usbh_msc_scsi.o
LOAD Middlewares/STM32_USBH_Library/Core/usbh_core.o
LOAD Middlewares/STM32_USBH_Library/Core/usbh_ctlreq.o
LOAD Middlewares/STM32_USBH_Library/Core/usbh_ioreq.o
LOAD Middlewares/STM32_USBH_Library/Core/usbh_pipes.o
LOAD ../../../../../../../../Middlewares/ST/STM32_Audio/Addons/PDM/Lib\libPDMFilter_CM4_GCC_wc32.a
START GROUP
LOAD c:/st/stm32cubeide_1.4.0/stm32cubeide/plugins/com.st.stm32cube.ide.mcu.externaltools.gnu-tools-for-stm32.7-2018-q2-update.win32_1.4.0.202007081208/tools/bin/../lib/gcc/arm-none-eabi/7.3.1/../../../../arm-none-eabi/lib/thumb/v7e-m/fpv4-sp/hard\libc_nano.a
LOAD c:/st/stm32cubeide_1.4.0/stm32cubeide/plugins/com.st.stm32cube.ide.mcu.externaltools.gnu-tools-for-stm32.7-2018-q2-update.win32_1.4.0.202007081208/tools/bin/../lib/gcc/arm-none-eabi/7.3.1/../../../../arm-none-eabi/lib/thumb/v7e-m/fpv4-sp/hard\libm.a
END GROUP
START GROUP
LOAD c:/st/stm32cubeide_1.4.0/stm32cubeide/plugins/com.st.stm32cube.ide.mcu.externaltools.gnu-tools-for-stm32.7-2018-q2-update.win32_1.4.0.202007081208/tools/bin/../lib/gcc/arm-none-eabi/7.3.1/thumb/v7e-m/fpv4-sp/hard\libgcc.a
LOAD c:/st/stm32cubeide_1.4.0/stm32cubeide/plugins/com.st.stm32cube.ide.mcu.externaltools.gnu-tools-for-stm32.7-2018-q2-update.win32_1.4.0.202007081208/tools/bin/../lib/gcc/arm-none-eabi/7.3.1/../../../../arm-none-eabi/lib/thumb/v7e-m/fpv4-sp/hard\libc_nano.a
END GROUP
START GROUP
LOAD c:/st/stm32cubeide_1.4.0/stm32cubeide/plugins/com.st.stm32cube.ide.mcu.externaltools.gnu-tools-for-stm32.7-2018-q2-update.win32_1.4.0.202007081208/tools/bin/../lib/gcc/arm-none-eabi/7.3.1/thumb/v7e-m/fpv4-sp/hard\libgcc.a
LOAD c:/st/stm32cubeide_1.4.0/stm32cubeide/plugins/com.st.stm32cube.ide.mcu.externaltools.gnu-tools-for-stm32.7-2018-q2-update.win32_1.4.0.202007081208/tools/bin/../lib/gcc/arm-none-eabi/7.3.1/../../../../arm-none-eabi/lib/thumb/v7e-m/fpv4-sp/hard\libc_nano.a
LOAD c:/st/stm32cubeide_1.4.0/stm32cubeide/plugins/com.st.stm32cube.ide.mcu.externaltools.gnu-tools-for-stm32.7-2018-q2-update.win32_1.4.0.202007081208/tools/bin/../lib/gcc/arm-none-eabi/7.3.1/../../../../arm-none-eabi/lib/thumb/v7e-m/fpv4-sp/hard\libnosys.a
END GROUP
START GROUP
LOAD c:/st/stm32cubeide_1.4.0/stm32cubeide/plugins/com.st.stm32cube.ide.mcu.externaltools.gnu-tools-for-stm32.7-2018-q2-update.win32_1.4.0.202007081208/tools/bin/../lib/gcc/arm-none-eabi/7.3.1/thumb/v7e-m/fpv4-sp/hard\libgcc.a
LOAD c:/st/stm32cubeide_1.4.0/stm32cubeide/plugins/com.st.stm32cube.ide.mcu.externaltools.gnu-tools-for-stm32.7-2018-q2-update.win32_1.4.0.202007081208/tools/bin/../lib/gcc/arm-none-eabi/7.3.1/../../../../arm-none-eabi/lib/thumb/v7e-m/fpv4-sp/hard\libc_nano.a
LOAD c:/st/stm32cubeide_1.4.0/stm32cubeide/plugins/com.st.stm32cube.ide.mcu.externaltools.gnu-tools-for-stm32.7-2018-q2-update.win32_1.4.0.202007081208/tools/bin/../lib/gcc/arm-none-eabi/7.3.1/../../../../arm-none-eabi/lib/thumb/v7e-m/fpv4-sp/hard\libnosys.a
END GROUP
LOAD c:/st/stm32cubeide_1.4.0/stm32cubeide/plugins/com.st.stm32cube.ide.mcu.externaltools.gnu-tools-for-stm32.7-2018-q2-update.win32_1.4.0.202007081208/tools/bin/../lib/gcc/arm-none-eabi/7.3.1/thumb/v7e-m/fpv4-sp/hard/crtend.o
LOAD c:/st/stm32cubeide_1.4.0/stm32cubeide/plugins/com.st.stm32cube.ide.mcu.externaltools.gnu-tools-for-stm32.7-2018-q2-update.win32_1.4.0.202007081208/tools/bin/../lib/gcc/arm-none-eabi/7.3.1/thumb/v7e-m/fpv4-sp/hard/crtn.o
                0x0000000020020000                _estack = 0x20020000
                0x0000000000000600                _Min_Heap_Size = 0x600
                0x0000000000000c00                _Min_Stack_Size = 0xc00

.isr_vector     0x0000000008000000      0x198
                0x0000000008000000                . = ALIGN (0x4)
 *(.isr_vector)
 .isr_vector    0x0000000008000000      0x198 Application/SW4STM32/startup_stm32f411xe.o
                0x0000000008000000                g_pfnVectors
                0x0000000008000198                . = ALIGN (0x4)

.text           0x0000000008000198     0x76d4
                0x0000000008000198                . = ALIGN (0x4)
 *(.text)
 .text          0x0000000008000198       0x40 c:/st/stm32cubeide_1.4.0/stm32cubeide/plugins/com.st.stm32cube.ide.mcu.externaltools.gnu-tools-for-stm32.7-2018-q2-update.win32_1.4.0.202007081208/tools/bin/../lib/gcc/arm-none-eabi/7.3.1/thumb/v7e-m/fpv4-sp/hard/crtbegin.o
 .text          0x00000000080001d8      0x378 c:/st/stm32cubeide_1.4.0/stm32cubeide/plugins/com.st.stm32cube.ide.mcu.externaltools.gnu-tools-for-stm32.7-2018-q2-update.win32_1.4.0.202007081208/tools/bin/../lib/gcc/arm-none-eabi/7.3.1/thumb/v7e-m/fpv4-sp/hard\libgcc.a(_arm_addsubdf3.o)
                0x00000000080001d8                __aeabi_drsub
                0x00000000080001e0                __aeabi_dsub
                0x00000000080001e0                __subdf3
                0x00000000080001e4                __aeabi_dadd
                0x00000000080001e4                __adddf3
                0x000000000800045c                __floatunsidf
                0x000000000800045c                __aeabi_ui2d
                0x000000000800047c                __floatsidf
                0x000000000800047c                __aeabi_i2d
                0x00000000080004a0                __aeabi_f2d
                0x00000000080004a0                __extendsfdf2
                0x00000000080004e4                __floatundidf
                0x00000000080004e4                __aeabi_ul2d
                0x00000000080004f4                __floatdidf
                0x00000000080004f4                __aeabi_l2d
 .text          0x0000000008000550       0xa0 c:/st/stm32cubeide_1.4.0/stm32cubeide/plugins/com.st.stm32cube.ide.mcu.externaltools.gnu-tools-for-stm32.7-2018-q2-update.win32_1.4.0.202007081208/tools/bin/../lib/gcc/arm-none-eabi/7.3.1/thumb/v7e-m/fpv4-sp/hard\libgcc.a(_arm_truncdfsf2.o)
                0x0000000008000550                __truncdfsf2
                0x0000000008000550                __aeabi_d2f
 .text          0x00000000080005f0       0x30 c:/st/stm32cubeide_1.4.0/stm32cubeide/plugins/com.st.stm32cube.ide.mcu.externaltools.gnu-tools-for-stm32.7-2018-q2-update.win32_1.4.0.202007081208/tools/bin/../lib/gcc/arm-none-eabi/7.3.1/thumb/v7e-m/fpv4-sp/hard\libgcc.a(_aeabi_uldivmod.o)
                0x00000000080005f0                __aeabi_uldivmod
 .text          0x0000000008000620      0x2cc c:/st/stm32cubeide_1.4.0/stm32cubeide/plugins/com.st.stm32cube.ide.mcu.externaltools.gnu-tools-for-stm32.7-2018-q2-update.win32_1.4.0.202007081208/tools/bin/../lib/gcc/arm-none-eabi/7.3.1/thumb/v7e-m/fpv4-sp/hard\libgcc.a(_udivmoddi4.o)
                0x0000000008000620                __udivmoddi4
 .text          0x00000000080008ec        0x4 c:/st/stm32cubeide_1.4.0/stm32cubeide/plugins/com.st.stm32cube.ide.mcu.externaltools.gnu-tools-for-stm32.7-2018-q2-update.win32_1.4.0.202007081208/tools/bin/../lib/gcc/arm-none-eabi/7.3.1/thumb/v7e-m/fpv4-sp/hard\libgcc.a(_dvmd_tls.o)
                0x00000000080008ec                __aeabi_idiv0
                0x00000000080008ec                __aeabi_ldiv0
 *(.text*)
 .text.Reset_Handler
                0x00000000080008f0       0x50 Application/SW4STM32/startup_stm32f411xe.o
                0x00000000080008f0                Reset_Handler
 .text.Default_Handler
                0x0000000008000940        0x2 Application/SW4STM32/startup_stm32f411xe.o
                0x0000000008000940                RTC_Alarm_IRQHandler
                0x0000000008000940                EXTI2_IRQHandler
                0x0000000008000940                SPI4_IRQHandler
                0x0000000008000940                TIM1_CC_IRQHandler
                0x0000000008000940                DMA2_Stream5_IRQHandler
                0x0000000008000940                DMA1_Stream5_IRQHandler
                0x0000000008000940                PVD_IRQHandler
                0x0000000008000940                SDIO_IRQHandler
                0x0000000008000940                TAMP_STAMP_IRQHandler
                0x0000000008000940                EXTI3_IRQHandler
                0x0000000008000940                TIM1_UP_TIM10_IRQHandler
                0x0000000008000940                I2C3_ER_IRQHandler
                0x0000000008000940                I2C2_EV_IRQHandler
                0x0000000008000940                DMA1_Stream2_IRQHandler
                0x0000000008000940                FPU_IRQHandler
                0x0000000008000940                DMA2_Stream2_IRQHandler
                0x0000000008000940                SPI1_IRQHandler
                0x0000000008000940                TIM1_BRK_TIM9_IRQHandler
                0x0000000008000940                DMA2_Stream3_IRQHandler
                0x0000000008000940                USART6_IRQHandler
                0x0000000008000940                DMA2_Stream0_IRQHandler
                0x0000000008000940                I2C1_EV_IRQHandler
                0x0000000008000940                DMA1_Stream6_IRQHandler
                0x0000000008000940                DMA1_Stream1_IRQHandler
                0x0000000008000940                TIM3_IRQHandler
                0x0000000008000940                RCC_IRQHandler
                0x0000000008000940                Default_Handler
                0x0000000008000940                EXTI15_10_IRQHandler
                0x0000000008000940                ADC_IRQHandler
                0x0000000008000940                SPI5_IRQHandler
                0x0000000008000940                TIM5_IRQHandler
                0x0000000008000940                DMA2_Stream7_IRQHandler
                0x0000000008000940                I2C3_EV_IRQHandler
                0x0000000008000940                EXTI9_5_IRQHandler
                0x0000000008000940                RTC_WKUP_IRQHandler
                0x0000000008000940                SPI2_IRQHandler
                0x0000000008000940                DMA1_Stream0_IRQHandler
                0x0000000008000940                WWDG_IRQHandler
                0x0000000008000940                TIM2_IRQHandler
                0x0000000008000940                OTG_FS_WKUP_IRQHandler
                0x0000000008000940                TIM1_TRG_COM_TIM11_IRQHandler
                0x0000000008000940                EXTI1_IRQHandler
                0x0000000008000940                USART2_IRQHandler
                0x0000000008000940                I2C2_ER_IRQHandler
                0x0000000008000940                DMA2_Stream1_IRQHandler
                0x0000000008000940                FLASH_IRQHandler
                0x0000000008000940                DMA2_Stream4_IRQHandler
                0x0000000008000940                USART1_IRQHandler
                0x0000000008000940                SPI3_IRQHandler
                0x0000000008000940                DMA1_Stream4_IRQHandler
                0x0000000008000940                I2C1_ER_IRQHandler
                0x0000000008000940                DMA2_Stream6_IRQHandler
 *fill*         0x0000000008000942        0x2 
 .text.MY_FLASH_Sectro
                0x0000000008000944        0xc Application/User/MY_FLASH.o
                0x0000000008000944                MY_FLASH_Sectro
 .text.MY_FLASH_SetSectorAddrs
                0x0000000008000950        0xc Application/User/MY_FLASH.o
                0x0000000008000950                MY_FLASH_SetSectorAddrs
 .text.MY_FLASH_WriteN
                0x000000000800095c       0x94 Application/User/MY_FLASH.o
                0x000000000800095c                MY_FLASH_WriteN
 .text.Error_Handler
                0x00000000080009f0        0xa Application/User/main.o
                0x00000000080009f0                Error_Handler
 *fill*         0x00000000080009fa        0x2 
 .text.startup.main
                0x00000000080009fc      0x1a8 Application/User/main.o
                0x00000000080009fc                main
 .text.HAL_TIM_OC_DelayElapsedCallback
                0x0000000008000ba4       0x94 Application/User/main.o
                0x0000000008000ba4                HAL_TIM_OC_DelayElapsedCallback
 .text.HAL_GPIO_EXTI_Callback
                0x0000000008000c38       0x58 Application/User/main.o
                0x0000000008000c38                HAL_GPIO_EXTI_Callback
 .text.NMI_Handler
                0x0000000008000c90        0x2 Application/User/stm32f4xx_it.o
                0x0000000008000c90                NMI_Handler
 .text.HardFault_Handler
                0x0000000008000c92        0x2 Application/User/stm32f4xx_it.o
                0x0000000008000c92                HardFault_Handler
 .text.MemManage_Handler
                0x0000000008000c94        0x2 Application/User/stm32f4xx_it.o
                0x0000000008000c94                MemManage_Handler
 .text.BusFault_Handler
                0x0000000008000c96        0x2 Application/User/stm32f4xx_it.o
                0x0000000008000c96                BusFault_Handler
 .text.UsageFault_Handler
                0x0000000008000c98        0x2 Application/User/stm32f4xx_it.o
                0x0000000008000c98                UsageFault_Handler
 .text.SVC_Handler
                0x0000000008000c9a        0x2 Application/User/stm32f4xx_it.o
                0x0000000008000c9a                SVC_Handler
 .text.DebugMon_Handler
                0x0000000008000c9c        0x2 Application/User/stm32f4xx_it.o
                0x0000000008000c9c                DebugMon_Handler
 .text.PendSV_Handler
                0x0000000008000c9e        0x2 Application/User/stm32f4xx_it.o
                0x0000000008000c9e                PendSV_Handler
 .text.SysTick_Handler
                0x0000000008000ca0       0x20 Application/User/stm32f4xx_it.o
                0x0000000008000ca0                SysTick_Handler
 .text.EXTI0_IRQHandler
                0x0000000008000cc0        0x6 Application/User/stm32f4xx_it.o
                0x0000000008000cc0                EXTI0_IRQHandler
 .text.EXTI4_IRQHandler
                0x0000000008000cc6        0x6 Application/User/stm32f4xx_it.o
                0x0000000008000cc6                EXTI4_IRQHandler
 .text.DMA1_Stream7_IRQHandler
                0x0000000008000ccc        0xc Application/User/stm32f4xx_it.o
                0x0000000008000ccc                DMA1_Stream7_IRQHandler
 .text.DMA1_Stream3_IRQHandler
                0x0000000008000cd8        0xc Application/User/stm32f4xx_it.o
                0x0000000008000cd8                DMA1_Stream3_IRQHandler
 .text.TIM4_IRQHandler
                0x0000000008000ce4        0xc Application/User/stm32f4xx_it.o
                0x0000000008000ce4                TIM4_IRQHandler
 .text.OTG_FS_IRQHandler
                0x0000000008000cf0        0xc Application/User/stm32f4xx_it.o
                0x0000000008000cf0                OTG_FS_IRQHandler
 .text.HAL_HCD_SOF_Callback
                0x0000000008000cfc        0x8 Application/User/usbh_conf.o
                0x0000000008000cfc                HAL_HCD_SOF_Callback
 .text.HAL_HCD_Connect_Callback
                0x0000000008000d04        0x8 Application/User/usbh_conf.o
                0x0000000008000d04                HAL_HCD_Connect_Callback
 .text.HAL_HCD_Disconnect_Callback
                0x0000000008000d0c        0x8 Application/User/usbh_conf.o
                0x0000000008000d0c                HAL_HCD_Disconnect_Callback
 .text.HAL_HCD_PortEnabled_Callback
                0x0000000008000d14        0x8 Application/User/usbh_conf.o
                0x0000000008000d14                HAL_HCD_PortEnabled_Callback
 .text.HAL_HCD_PortDisabled_Callback
                0x0000000008000d1c        0x8 Application/User/usbh_conf.o
                0x0000000008000d1c                HAL_HCD_PortDisabled_Callback
 .text.HAL_HCD_HC_NotifyURBChange_Callback
                0x0000000008000d24        0x2 Application/User/usbh_conf.o
                0x0000000008000d24                HAL_HCD_HC_NotifyURBChange_Callback
 .text.USBH_LL_Stop
                0x0000000008000d26        0xe Application/User/usbh_conf.o
                0x0000000008000d26                USBH_LL_Stop
 .text.WavePlayerPauseResume
                0x0000000008000d34        0xa Application/User/waveplayer.o
                0x0000000008000d34                WavePlayerPauseResume
 .text.WavePlayerStop
                0x0000000008000d3e        0x6 Application/User/waveplayer.o
                0x0000000008000d3e                WavePlayerStop
 .text.WavePlayerInit
                0x0000000008000d44       0x14 Application/User/waveplayer.o
                0x0000000008000d44                WavePlayerInit
 .text.WavePlayBack
                0x0000000008000d58       0x80 Application/User/waveplayer.o
                0x0000000008000d58                WavePlayBack
 .text.BSP_AUDIO_OUT_HalfTransfer_CallBack
                0x0000000008000dd8        0xc Application/User/waveplayer.o
                0x0000000008000dd8                BSP_AUDIO_OUT_HalfTransfer_CallBack
 .text.BSP_AUDIO_OUT_TransferComplete_CallBack
                0x0000000008000de4       0x18 Application/User/waveplayer.o
                0x0000000008000de4                BSP_AUDIO_OUT_TransferComplete_CallBack
 .text.BSP_AUDIO_OUT_Error_CallBack
                0x0000000008000dfc        0x2 Application/User/waveplayer.o
                0x0000000008000dfc                BSP_AUDIO_OUT_Error_CallBack
 .text.WaveRecorderStop
                0x0000000008000dfe        0x8 Application/User/waverecorder.o
                0x0000000008000dfe                WaveRecorderStop
 *fill*         0x0000000008000e06        0x2 
 .text.WaveRecorderProcess
                0x0000000008000e08      0x1c0 Application/User/waverecorder.o
                0x0000000008000e08                WaveRecorderProcess
 .text.BSP_AUDIO_IN_TransferComplete_CallBack
                0x0000000008000fc8       0x80 Application/User/waverecorder.o
                0x0000000008000fc8                BSP_AUDIO_IN_TransferComplete_CallBack
 .text.BSP_AUDIO_IN_HalfTransfer_CallBack
                0x0000000008001048       0x80 Application/User/waverecorder.o
                0x0000000008001048                BSP_AUDIO_IN_HalfTransfer_CallBack
 .text.cs43l22_SetFrequency
                0x00000000080010c8        0x4 Drivers/BSP/Components/cs43l22.o
                0x00000000080010c8                cs43l22_SetFrequency
 .text.cs43l22_Reset
                0x00000000080010cc        0x4 Drivers/BSP/Components/cs43l22.o
                0x00000000080010cc                cs43l22_Reset
 .text.cs43l22_SetVolume
                0x00000000080010d0       0x34 Drivers/BSP/Components/cs43l22.o
                0x00000000080010d0                cs43l22_SetVolume
 .text.cs43l22_Init
                0x0000000008001104       0xc8 Drivers/BSP/Components/cs43l22.o
                0x0000000008001104                cs43l22_Init
 .text.cs43l22_DeInit
                0x00000000080011cc        0x4 Drivers/BSP/Components/cs43l22.o
                0x00000000080011cc                cs43l22_DeInit
 .text.cs43l22_ReadID
                0x00000000080011d0       0x16 Drivers/BSP/Components/cs43l22.o
                0x00000000080011d0                cs43l22_ReadID
 .text.cs43l22_SetMute.part.0
                0x00000000080011e6       0x26 Drivers/BSP/Components/cs43l22.o
 .text.cs43l22_SetMute
                0x000000000800120c       0x38 Drivers/BSP/Components/cs43l22.o
                0x000000000800120c                cs43l22_SetMute
 .text.cs43l22_Resume
                0x0000000008001244       0x44 Drivers/BSP/Components/cs43l22.o
                0x0000000008001244                cs43l22_Resume
 .text.cs43l22_Pause
                0x0000000008001288       0x16 Drivers/BSP/Components/cs43l22.o
                0x0000000008001288                cs43l22_Pause
 *fill*         0x000000000800129e        0x2 
 .text.cs43l22_Stop
                0x00000000080012a0       0x2c Drivers/BSP/Components/cs43l22.o
                0x00000000080012a0                cs43l22_Stop
 .text.cs43l22_Play
                0x00000000080012cc       0x3c Drivers/BSP/Components/cs43l22.o
                0x00000000080012cc                cs43l22_Play
 .text.cs43l22_SetOutputMode
                0x0000000008001308       0x4c Drivers/BSP/Components/cs43l22.o
                0x0000000008001308                cs43l22_SetOutputMode
 .text.LSM303DLHC_AccDeInit
                0x0000000008001354        0x2 Drivers/BSP/Components/lsm303dlhc.o
                0x0000000008001354                LSM303DLHC_AccDeInit
 .text.LSM303DLHC_AccInit
                0x0000000008001356       0x20 Drivers/BSP/Components/lsm303dlhc.o
                0x0000000008001356                LSM303DLHC_AccInit
 .text.LSM303DLHC_AccReadID
                0x0000000008001376       0x12 Drivers/BSP/Components/lsm303dlhc.o
                0x0000000008001376                LSM303DLHC_AccReadID
 .text.LSM303DLHC_AccRebootCmd
                0x0000000008001388       0x1c Drivers/BSP/Components/lsm303dlhc.o
                0x0000000008001388                LSM303DLHC_AccRebootCmd
 .text.LSM303DLHC_AccFilterConfig
                0x00000000080013a4       0x1e Drivers/BSP/Components/lsm303dlhc.o
                0x00000000080013a4                LSM303DLHC_AccFilterConfig
 .text.LSM303DLHC_AccFilterCmd
                0x00000000080013c2       0x1e Drivers/BSP/Components/lsm303dlhc.o
                0x00000000080013c2                LSM303DLHC_AccFilterCmd
 .text.LSM303DLHC_AccReadXYZ
                0x00000000080013e0       0xb6 Drivers/BSP/Components/lsm303dlhc.o
                0x00000000080013e0                LSM303DLHC_AccReadXYZ
 .text.LSM303DLHC_AccFilterClickCmd
                0x0000000008001496       0x1e Drivers/BSP/Components/lsm303dlhc.o
                0x0000000008001496                LSM303DLHC_AccFilterClickCmd
 .text.LSM303DLHC_AccIT1Enable
                0x00000000080014b4       0x1e Drivers/BSP/Components/lsm303dlhc.o
                0x00000000080014b4                LSM303DLHC_AccIT1Enable
 .text.LSM303DLHC_AccClickITEnable
                0x00000000080014d2       0x46 Drivers/BSP/Components/lsm303dlhc.o
                0x00000000080014d2                LSM303DLHC_AccClickITEnable
 .text.LSM303DLHC_AccZClickITConfig
                0x0000000008001518       0x1c Drivers/BSP/Components/lsm303dlhc.o
                0x0000000008001518                LSM303DLHC_AccZClickITConfig
 .text.I2Cx_Init
                0x0000000008001534       0xc8 Drivers/BSP/STM32F411E-Discovery/stm32f411e_discovery.o
 .text.I2Cx_ReadData
                0x00000000080015fc       0x40 Drivers/BSP/STM32F411E-Discovery/stm32f411e_discovery.o
 .text.I2Cx_WriteData
                0x000000000800163c       0x38 Drivers/BSP/STM32F411E-Discovery/stm32f411e_discovery.o
 .text.BSP_LED_Init
                0x0000000008001674       0xb0 Drivers/BSP/STM32F411E-Discovery/stm32f411e_discovery.o
                0x0000000008001674                BSP_LED_Init
 .text.BSP_LED_On
                0x0000000008001724       0x1c Drivers/BSP/STM32F411E-Discovery/stm32f411e_discovery.o
                0x0000000008001724                BSP_LED_On
 .text.BSP_LED_Off
                0x0000000008001740       0x1c Drivers/BSP/STM32F411E-Discovery/stm32f411e_discovery.o
                0x0000000008001740                BSP_LED_Off
 .text.BSP_LED_Toggle
                0x000000000800175c       0x1c Drivers/BSP/STM32F411E-Discovery/stm32f411e_discovery.o
                0x000000000800175c                BSP_LED_Toggle
 .text.BSP_PB_Init
                0x0000000008001778       0x78 Drivers/BSP/STM32F411E-Discovery/stm32f411e_discovery.o
                0x0000000008001778                BSP_PB_Init
 .text.AUDIO_IO_Init
                0x00000000080017f0       0x64 Drivers/BSP/STM32F411E-Discovery/stm32f411e_discovery.o
                0x00000000080017f0                AUDIO_IO_Init
 .text.AUDIO_IO_DeInit
                0x0000000008001854        0x2 Drivers/BSP/STM32F411E-Discovery/stm32f411e_discovery.o
                0x0000000008001854                AUDIO_IO_DeInit
 .text.AUDIO_IO_Write
                0x0000000008001856        0x4 Drivers/BSP/STM32F411E-Discovery/stm32f411e_discovery.o
                0x0000000008001856                AUDIO_IO_Write
 .text.AUDIO_IO_Read
                0x000000000800185a        0x4 Drivers/BSP/STM32F411E-Discovery/stm32f411e_discovery.o
                0x000000000800185a                AUDIO_IO_Read
 *fill*         0x000000000800185e        0x2 
 .text.COMPASSACCELERO_IO_Init
                0x0000000008001860       0x44 Drivers/BSP/STM32F411E-Discovery/stm32f411e_discovery.o
                0x0000000008001860                COMPASSACCELERO_IO_Init
 .text.COMPASSACCELERO_IO_ITConfig
                0x00000000080018a4       0x54 Drivers/BSP/STM32F411E-Discovery/stm32f411e_discovery.o
                0x00000000080018a4                COMPASSACCELERO_IO_ITConfig
 .text.COMPASSACCELERO_IO_Write
                0x00000000080018f8        0x4 Drivers/BSP/STM32F411E-Discovery/stm32f411e_discovery.o
                0x00000000080018f8                COMPASSACCELERO_IO_Write
 .text.COMPASSACCELERO_IO_Read
                0x00000000080018fc        0x4 Drivers/BSP/STM32F411E-Discovery/stm32f411e_discovery.o
                0x00000000080018fc                COMPASSACCELERO_IO_Read
 .text.BSP_ACCELERO_Init
                0x0000000008001900       0x30 Drivers/BSP/STM32F411E-Discovery/stm32f411e_discovery_accelerometer.o
                0x0000000008001900                BSP_ACCELERO_Init
 .text.BSP_ACCELERO_Click_ITConfig
                0x0000000008001930       0x10 Drivers/BSP/STM32F411E-Discovery/stm32f411e_discovery_accelerometer.o
                0x0000000008001930                BSP_ACCELERO_Click_ITConfig
 .text.I2S3_Init
                0x0000000008001940       0x3c Drivers/BSP/STM32F411E-Discovery/stm32f411e_discovery_audio.o
 .text.BSP_AUDIO_OUT_Play
                0x000000000800197c       0x3c Drivers/BSP/STM32F411E-Discovery/stm32f411e_discovery_audio.o
                0x000000000800197c                BSP_AUDIO_OUT_Play
 .text.BSP_AUDIO_OUT_ChangeBuffer
                0x00000000080019b8       0x10 Drivers/BSP/STM32F411E-Discovery/stm32f411e_discovery_audio.o
                0x00000000080019b8                BSP_AUDIO_OUT_ChangeBuffer
 .text.BSP_AUDIO_OUT_Pause
                0x00000000080019c8       0x28 Drivers/BSP/STM32F411E-Discovery/stm32f411e_discovery_audio.o
                0x00000000080019c8                BSP_AUDIO_OUT_Pause
 .text.BSP_AUDIO_OUT_Resume
                0x00000000080019f0       0x28 Drivers/BSP/STM32F411E-Discovery/stm32f411e_discovery_audio.o
                0x00000000080019f0                BSP_AUDIO_OUT_Resume
 .text.BSP_AUDIO_OUT_Stop
                0x0000000008001a18       0x44 Drivers/BSP/STM32F411E-Discovery/stm32f411e_discovery_audio.o
                0x0000000008001a18                BSP_AUDIO_OUT_Stop
 .text.BSP_AUDIO_OUT_ClockConfig
                0x0000000008001a5c       0x54 Drivers/BSP/STM32F411E-Discovery/stm32f411e_discovery_audio.o
                0x0000000008001a5c                BSP_AUDIO_OUT_ClockConfig
 .text.BSP_AUDIO_OUT_MspInit
                0x0000000008001ab0      0x11c Drivers/BSP/STM32F411E-Discovery/stm32f411e_discovery_audio.o
                0x0000000008001ab0                BSP_AUDIO_OUT_MspInit
 .text.BSP_AUDIO_OUT_Init
                0x0000000008001bcc       0x70 Drivers/BSP/STM32F411E-Discovery/stm32f411e_discovery_audio.o
                0x0000000008001bcc                BSP_AUDIO_OUT_Init
 .text.HAL_I2S_TxCpltCallback
                0x0000000008001c3c       0x14 Drivers/BSP/STM32F411E-Discovery/stm32f411e_discovery_audio.o
                0x0000000008001c3c                HAL_I2S_TxCpltCallback
 .text.HAL_I2S_TxHalfCpltCallback
                0x0000000008001c50       0x14 Drivers/BSP/STM32F411E-Discovery/stm32f411e_discovery_audio.o
                0x0000000008001c50                HAL_I2S_TxHalfCpltCallback
 .text.BSP_AUDIO_IN_Record
                0x0000000008001c64       0x14 Drivers/BSP/STM32F411E-Discovery/stm32f411e_discovery_audio.o
                0x0000000008001c64                BSP_AUDIO_IN_Record
 .text.BSP_AUDIO_IN_Stop
                0x0000000008001c78       0x10 Drivers/BSP/STM32F411E-Discovery/stm32f411e_discovery_audio.o
                0x0000000008001c78                BSP_AUDIO_IN_Stop
 .text.BSP_AUDIO_IN_PDMToPCM
                0x0000000008001c88       0x40 Drivers/BSP/STM32F411E-Discovery/stm32f411e_discovery_audio.o
                0x0000000008001c88                BSP_AUDIO_IN_PDMToPCM
 .text.BSP_AUDIO_IN_ClockConfig
                0x0000000008001cc8       0x38 Drivers/BSP/STM32F411E-Discovery/stm32f411e_discovery_audio.o
                0x0000000008001cc8                BSP_AUDIO_IN_ClockConfig
 .text.BSP_AUDIO_IN_MspInit
                0x0000000008001d00      0x10c Drivers/BSP/STM32F411E-Discovery/stm32f411e_discovery_audio.o
                0x0000000008001d00                BSP_AUDIO_IN_MspInit
 .text.BSP_AUDIO_IN_Init
                0x0000000008001e0c       0xfc Drivers/BSP/STM32F411E-Discovery/stm32f411e_discovery_audio.o
                0x0000000008001e0c                BSP_AUDIO_IN_Init
 .text.HAL_I2S_RxCpltCallback
                0x0000000008001f08        0x8 Drivers/BSP/STM32F411E-Discovery/stm32f411e_discovery_audio.o
                0x0000000008001f08                HAL_I2S_RxCpltCallback
 .text.HAL_I2S_RxHalfCpltCallback
                0x0000000008001f10        0x8 Drivers/BSP/STM32F411E-Discovery/stm32f411e_discovery_audio.o
                0x0000000008001f10                HAL_I2S_RxHalfCpltCallback
 .text.BSP_AUDIO_IN_Error_Callback
                0x0000000008001f18        0x2 Drivers/BSP/STM32F411E-Discovery/stm32f411e_discovery_audio.o
                0x0000000008001f18                BSP_AUDIO_IN_Error_Callback
 *fill*         0x0000000008001f1a        0x2 
 .text.HAL_I2S_ErrorCallback
                0x0000000008001f1c       0x28 Drivers/BSP/STM32F411E-Discovery/stm32f411e_discovery_audio.o
                0x0000000008001f1c                HAL_I2S_ErrorCallback
 .text.SystemInit
                0x0000000008001f44       0x4c Drivers/CMSIS/system_stm32f4xx.o
                0x0000000008001f44                SystemInit
 .text.HAL_MspInit
                0x0000000008001f90        0x2 Drivers/STM32F4xx_HAL_Drivers/stm32f4xx_hal.o
                0x0000000008001f90                HAL_MspInit
 *fill*         0x0000000008001f92        0x2 
 .text.HAL_InitTick
                0x0000000008001f94       0x44 Drivers/STM32F4xx_HAL_Drivers/stm32f4xx_hal.o
                0x0000000008001f94                HAL_InitTick
 .text.HAL_Init
                0x0000000008001fd8       0x34 Drivers/STM32F4xx_HAL_Drivers/stm32f4xx_hal.o
                0x0000000008001fd8                HAL_Init
 .text.HAL_IncTick
                0x000000000800200c       0x18 Drivers/STM32F4xx_HAL_Drivers/stm32f4xx_hal.o
                0x000000000800200c                HAL_IncTick
 .text.HAL_GetTick
                0x0000000008002024        0xc Drivers/STM32F4xx_HAL_Drivers/stm32f4xx_hal.o
                0x0000000008002024                HAL_GetTick
 .text.HAL_Delay
                0x0000000008002030       0x28 Drivers/STM32F4xx_HAL_Drivers/stm32f4xx_hal.o
                0x0000000008002030                HAL_Delay
 .text.HAL_NVIC_SetPriorityGrouping
                0x0000000008002058       0x24 Drivers/STM32F4xx_HAL_Drivers/stm32f4xx_hal_cortex.o
                0x0000000008002058                HAL_NVIC_SetPriorityGrouping
 .text.HAL_NVIC_SetPriority
                0x000000000800207c       0x68 Drivers/STM32F4xx_HAL_Drivers/stm32f4xx_hal_cortex.o
                0x000000000800207c                HAL_NVIC_SetPriority
 .text.HAL_NVIC_EnableIRQ
                0x00000000080020e4       0x1c Drivers/STM32F4xx_HAL_Drivers/stm32f4xx_hal_cortex.o
                0x00000000080020e4                HAL_NVIC_EnableIRQ
 .text.HAL_SYSTICK_Config
                0x0000000008002100       0x2c Drivers/STM32F4xx_HAL_Drivers/stm32f4xx_hal_cortex.o
                0x0000000008002100                HAL_SYSTICK_Config
 .text.DMA_CalcBaseAndBitshift
                0x000000000800212c       0x2c Drivers/STM32F4xx_HAL_Drivers/stm32f4xx_hal_dma.o
 .text.HAL_DMA_Init
                0x0000000008002158       0xfc Drivers/STM32F4xx_HAL_Drivers/stm32f4xx_hal_dma.o
                0x0000000008002158                HAL_DMA_Init
 .text.HAL_DMA_DeInit
                0x0000000008002254       0x54 Drivers/STM32F4xx_HAL_Drivers/stm32f4xx_hal_dma.o
                0x0000000008002254                HAL_DMA_DeInit
 .text.HAL_DMA_Start_IT
                0x00000000080022a8       0x74 Drivers/STM32F4xx_HAL_Drivers/stm32f4xx_hal_dma.o
                0x00000000080022a8                HAL_DMA_Start_IT
 .text.HAL_DMA_Abort
                0x000000000800231c       0x86 Drivers/STM32F4xx_HAL_Drivers/stm32f4xx_hal_dma.o
                0x000000000800231c                HAL_DMA_Abort
 *fill*         0x00000000080023a2        0x2 
 .text.HAL_DMA_IRQHandler
                0x00000000080023a4      0x17c Drivers/STM32F4xx_HAL_Drivers/stm32f4xx_hal_dma.o
                0x00000000080023a4                HAL_DMA_IRQHandler
 .text.FLASH_Program_DoubleWord
                0x0000000008002520       0x2c Drivers/STM32F4xx_HAL_Drivers/stm32f4xx_hal_flash.o
 .text.FLASH_Program_Word
                0x000000000800254c       0x24 Drivers/STM32F4xx_HAL_Drivers/stm32f4xx_hal_flash.o
 .text.FLASH_Program_HalfWord
                0x0000000008002570       0x24 Drivers/STM32F4xx_HAL_Drivers/stm32f4xx_hal_flash.o
 .text.FLASH_SetErrorCode
                0x0000000008002594       0x8c Drivers/STM32F4xx_HAL_Drivers/stm32f4xx_hal_flash.o
 .text.HAL_FLASH_Unlock
                0x0000000008002620       0x24 Drivers/STM32F4xx_HAL_Drivers/stm32f4xx_hal_flash.o
                0x0000000008002620                HAL_FLASH_Unlock
 .text.HAL_FLASH_Lock
                0x0000000008002644       0x14 Drivers/STM32F4xx_HAL_Drivers/stm32f4xx_hal_flash.o
                0x0000000008002644                HAL_FLASH_Lock
 .text.FLASH_WaitForLastOperation
                0x0000000008002658       0x54 Drivers/STM32F4xx_HAL_Drivers/stm32f4xx_hal_flash.o
                0x0000000008002658                FLASH_WaitForLastOperation
 .text.HAL_FLASH_Program
                0x00000000080026ac       0x8c Drivers/STM32F4xx_HAL_Drivers/stm32f4xx_hal_flash.o
                0x00000000080026ac                HAL_FLASH_Program
 .text.FLASH_Erase_Sector
                0x0000000008002738       0x4c Drivers/STM32F4xx_HAL_Drivers/stm32f4xx_hal_flash_ex.o
                0x0000000008002738                FLASH_Erase_Sector
 .text.HAL_GPIO_Init
                0x0000000008002784      0x19c Drivers/STM32F4xx_HAL_Drivers/stm32f4xx_hal_gpio.o
                0x0000000008002784                HAL_GPIO_Init
 .text.HAL_GPIO_WritePin
                0x0000000008002920        0xa Drivers/STM32F4xx_HAL_Drivers/stm32f4xx_hal_gpio.o
                0x0000000008002920                HAL_GPIO_WritePin
 .text.HAL_GPIO_TogglePin
                0x000000000800292a        0xe Drivers/STM32F4xx_HAL_Drivers/stm32f4xx_hal_gpio.o
                0x000000000800292a                HAL_GPIO_TogglePin
 .text.HAL_GPIO_EXTI_IRQHandler
                0x0000000008002938       0x18 Drivers/STM32F4xx_HAL_Drivers/stm32f4xx_hal_gpio.o
                0x0000000008002938                HAL_GPIO_EXTI_IRQHandler
 .text.HAL_HCD_IRQHandler
                0x0000000008002950      0x60c Drivers/STM32F4xx_HAL_Drivers/stm32f4xx_hal_hcd.o
                0x0000000008002950                HAL_HCD_IRQHandler
 .text.HAL_HCD_Stop
                0x0000000008002f5c       0x24 Drivers/STM32F4xx_HAL_Drivers/stm32f4xx_hal_hcd.o
                0x0000000008002f5c                HAL_HCD_Stop
 .text.I2C_IsAcknowledgeFailed
                0x0000000008002f80       0x34 Drivers/STM32F4xx_HAL_Drivers/stm32f4xx_hal_i2c.o
 .text.I2C_WaitOnMasterAddressFlagUntilTimeout
                0x0000000008002fb4       0x74 Drivers/STM32F4xx_HAL_Drivers/stm32f4xx_hal_i2c.o
 .text.I2C_WaitOnBTFFlagUntilTimeout
                0x0000000008003028       0x4c Drivers/STM32F4xx_HAL_Drivers/stm32f4xx_hal_i2c.o
 .text.I2C_WaitOnRXNEFlagUntilTimeout
                0x0000000008003074       0x5e Drivers/STM32F4xx_HAL_Drivers/stm32f4xx_hal_i2c.o
 .text.I2C_WaitOnFlagUntilTimeout
                0x00000000080030d2       0x62 Drivers/STM32F4xx_HAL_Drivers/stm32f4xx_hal_i2c.o
 .text.I2C_WaitOnTXEFlagUntilTimeout
                0x0000000008003134       0x4c Drivers/STM32F4xx_HAL_Drivers/stm32f4xx_hal_i2c.o
 .text.I2C_RequestMemoryWrite
                0x0000000008003180       0xac Drivers/STM32F4xx_HAL_Drivers/stm32f4xx_hal_i2c.o
 .text.I2C_RequestMemoryRead
                0x000000000800322c       0xfc Drivers/STM32F4xx_HAL_Drivers/stm32f4xx_hal_i2c.o
 .text.HAL_I2C_MspInit
                0x0000000008003328        0x2 Drivers/STM32F4xx_HAL_Drivers/stm32f4xx_hal_i2c.o
                0x0000000008003328                HAL_I2C_MspInit
 *fill*         0x000000000800332a        0x2 
 .text.HAL_I2C_Init
                0x000000000800332c      0x158 Drivers/STM32F4xx_HAL_Drivers/stm32f4xx_hal_i2c.o
                0x000000000800332c                HAL_I2C_Init
 .text.HAL_I2C_MspDeInit
                0x0000000008003484        0x2 Drivers/STM32F4xx_HAL_Drivers/stm32f4xx_hal_i2c.o
                0x0000000008003484                HAL_I2C_MspDeInit
 .text.HAL_I2C_DeInit
                0x0000000008003486       0x32 Drivers/STM32F4xx_HAL_Drivers/stm32f4xx_hal_i2c.o
                0x0000000008003486                HAL_I2C_DeInit
 .text.HAL_I2C_Mem_Write
                0x00000000080034b8      0x120 Drivers/STM32F4xx_HAL_Drivers/stm32f4xx_hal_i2c.o
                0x00000000080034b8                HAL_I2C_Mem_Write
 .text.HAL_I2C_Mem_Read
                0x00000000080035d8      0x218 Drivers/STM32F4xx_HAL_Drivers/stm32f4xx_hal_i2c.o
                0x00000000080035d8                HAL_I2C_Mem_Read
 .text.HAL_I2C_GetState
                0x00000000080037f0        0x6 Drivers/STM32F4xx_HAL_Drivers/stm32f4xx_hal_i2c.o
                0x00000000080037f0                HAL_I2C_GetState
 .text.I2S_WaitFlagStateUntilTimeout
                0x00000000080037f6       0x4a Drivers/STM32F4xx_HAL_Drivers/stm32f4xx_hal_i2s.o
 .text.HAL_I2S_MspInit
                0x0000000008003840        0x2 Drivers/STM32F4xx_HAL_Drivers/stm32f4xx_hal_i2s.o
                0x0000000008003840                HAL_I2S_MspInit
 *fill*         0x0000000008003842        0x2 
 .text.HAL_I2S_Init
                0x0000000008003844      0x130 Drivers/STM32F4xx_HAL_Drivers/stm32f4xx_hal_i2s.o
                0x0000000008003844                HAL_I2S_Init
 .text.HAL_I2S_Transmit_DMA
                0x0000000008003974       0xb8 Drivers/STM32F4xx_HAL_Drivers/stm32f4xx_hal_i2s.o
                0x0000000008003974                HAL_I2S_Transmit_DMA
 .text.HAL_I2S_Receive_DMA
                0x0000000008003a2c       0xd0 Drivers/STM32F4xx_HAL_Drivers/stm32f4xx_hal_i2s.o
                0x0000000008003a2c                HAL_I2S_Receive_DMA
 .text.HAL_I2S_DMAPause
                0x0000000008003afc       0x70 Drivers/STM32F4xx_HAL_Drivers/stm32f4xx_hal_i2s.o
                0x0000000008003afc                HAL_I2S_DMAPause
 .text.HAL_I2S_DMAResume
                0x0000000008003b6c       0x88 Drivers/STM32F4xx_HAL_Drivers/stm32f4xx_hal_i2s.o
                0x0000000008003b6c                HAL_I2S_DMAResume
 .text.HAL_I2S_DMAStop
                0x0000000008003bf4      0x1ec Drivers/STM32F4xx_HAL_Drivers/stm32f4xx_hal_i2s.o
                0x0000000008003bf4                HAL_I2S_DMAStop
 .text.I2S_DMATxHalfCplt
                0x0000000008003de0        0xa Drivers/STM32F4xx_HAL_Drivers/stm32f4xx_hal_i2s.o
 .text.I2S_DMATxCplt
                0x0000000008003dea       0x22 Drivers/STM32F4xx_HAL_Drivers/stm32f4xx_hal_i2s.o
 .text.I2S_DMARxHalfCplt
                0x0000000008003e0c        0xa Drivers/STM32F4xx_HAL_Drivers/stm32f4xx_hal_i2s.o
 .text.I2S_DMARxCplt
                0x0000000008003e16       0x22 Drivers/STM32F4xx_HAL_Drivers/stm32f4xx_hal_i2s.o
 .text.I2S_IRQHandler
                0x0000000008003e38       0xfa Drivers/STM32F4xx_HAL_Drivers/stm32f4xx_hal_i2s.o
 .text.I2S_DMAError
                0x0000000008003f32       0x28 Drivers/STM32F4xx_HAL_Drivers/stm32f4xx_hal_i2s.o
 .text.HAL_I2S_GetState
                0x0000000008003f5a        0x6 Drivers/STM32F4xx_HAL_Drivers/stm32f4xx_hal_i2s.o
                0x0000000008003f5a                HAL_I2S_GetState
 .text.HAL_I2SEx_TxRxCpltCallback
                0x0000000008003f60        0x2 Drivers/STM32F4xx_HAL_Drivers/stm32f4xx_hal_i2s_ex.o
                0x0000000008003f60                HAL_I2SEx_TxRxCpltCallback
 *fill*         0x0000000008003f62        0x2 
 .text.HAL_I2SEx_FullDuplex_IRQHandler
                0x0000000008003f64      0x248 Drivers/STM32F4xx_HAL_Drivers/stm32f4xx_hal_i2s_ex.o
                0x0000000008003f64                HAL_I2SEx_FullDuplex_IRQHandler
 .text.HAL_RCC_OscConfig
                0x00000000080041ac      0x34c Drivers/STM32F4xx_HAL_Drivers/stm32f4xx_hal_rcc.o
                0x00000000080041ac                HAL_RCC_OscConfig
 .text.HAL_RCC_GetSysClockFreq
                0x00000000080044f8       0x5c Drivers/STM32F4xx_HAL_Drivers/stm32f4xx_hal_rcc.o
                0x00000000080044f8                HAL_RCC_GetSysClockFreq
 .text.HAL_RCC_ClockConfig
                0x0000000008004554      0x134 Drivers/STM32F4xx_HAL_Drivers/stm32f4xx_hal_rcc.o
                0x0000000008004554                HAL_RCC_ClockConfig
 .text.HAL_RCC_GetPCLK1Freq
                0x0000000008004688       0x20 Drivers/STM32F4xx_HAL_Drivers/stm32f4xx_hal_rcc.o
                0x0000000008004688                HAL_RCC_GetPCLK1Freq
 .text.HAL_RCCEx_PeriphCLKConfig
                0x00000000080046a8      0x140 Drivers/STM32F4xx_HAL_Drivers/stm32f4xx_hal_rcc_ex.o
                0x00000000080046a8                HAL_RCCEx_PeriphCLKConfig
 .text.HAL_RCCEx_GetPeriphCLKConfig
                0x00000000080047e8       0x48 Drivers/STM32F4xx_HAL_Drivers/stm32f4xx_hal_rcc_ex.o
                0x00000000080047e8                HAL_RCCEx_GetPeriphCLKConfig
 .text.HAL_RCCEx_GetPeriphCLKFreq
                0x0000000008004830       0x5c Drivers/STM32F4xx_HAL_Drivers/stm32f4xx_hal_rcc_ex.o
                0x0000000008004830                HAL_RCCEx_GetPeriphCLKFreq
 .text.TIM_OC1_SetConfig
                0x000000000800488c       0x50 Drivers/STM32F4xx_HAL_Drivers/stm32f4xx_hal_tim.o
 .text.TIM_OC3_SetConfig
                0x00000000080048dc       0x54 Drivers/STM32F4xx_HAL_Drivers/stm32f4xx_hal_tim.o
 .text.TIM_OC4_SetConfig
                0x0000000008004930       0x44 Drivers/STM32F4xx_HAL_Drivers/stm32f4xx_hal_tim.o
 .text.HAL_TIM_OC_MspInit
                0x0000000008004974        0x2 Drivers/STM32F4xx_HAL_Drivers/stm32f4xx_hal_tim.o
                0x0000000008004974                HAL_TIM_OC_MspInit
 .text.HAL_TIM_ReadCapturedValue
                0x0000000008004976       0x32 Drivers/STM32F4xx_HAL_Drivers/stm32f4xx_hal_tim.o
                0x0000000008004976                HAL_TIM_ReadCapturedValue
 .text.HAL_TIM_PeriodElapsedCallback
                0x00000000080049a8        0x2 Drivers/STM32F4xx_HAL_Drivers/stm32f4xx_hal_tim.o
                0x00000000080049a8                HAL_TIM_PeriodElapsedCallback
 .text.HAL_TIM_IC_CaptureCallback
                0x00000000080049aa        0x2 Drivers/STM32F4xx_HAL_Drivers/stm32f4xx_hal_tim.o
                0x00000000080049aa                HAL_TIM_IC_CaptureCallback
 .text.HAL_TIM_PWM_PulseFinishedCallback
                0x00000000080049ac        0x2 Drivers/STM32F4xx_HAL_Drivers/stm32f4xx_hal_tim.o
                0x00000000080049ac                HAL_TIM_PWM_PulseFinishedCallback
 .text.HAL_TIM_TriggerCallback
                0x00000000080049ae        0x2 Drivers/STM32F4xx_HAL_Drivers/stm32f4xx_hal_tim.o
                0x00000000080049ae                HAL_TIM_TriggerCallback
 .text.HAL_TIM_IRQHandler
                0x00000000080049b0      0x144 Drivers/STM32F4xx_HAL_Drivers/stm32f4xx_hal_tim.o
                0x00000000080049b0                HAL_TIM_IRQHandler
 .text.TIM_Base_SetConfig
                0x0000000008004af4       0x9c Drivers/STM32F4xx_HAL_Drivers/stm32f4xx_hal_tim.o
                0x0000000008004af4                TIM_Base_SetConfig
 .text.HAL_TIM_OC_Init
                0x0000000008004b90       0x34 Drivers/STM32F4xx_HAL_Drivers/stm32f4xx_hal_tim.o
                0x0000000008004b90                HAL_TIM_OC_Init
 .text.TIM_OC2_SetConfig
                0x0000000008004bc4       0x58 Drivers/STM32F4xx_HAL_Drivers/stm32f4xx_hal_tim.o
                0x0000000008004bc4                TIM_OC2_SetConfig
 .text.HAL_TIM_OC_ConfigChannel
                0x0000000008004c1c       0x5c Drivers/STM32F4xx_HAL_Drivers/stm32f4xx_hal_tim.o
                0x0000000008004c1c                HAL_TIM_OC_ConfigChannel
 .text.TIM_CCxChannelCmd
                0x0000000008004c78       0x1c Drivers/STM32F4xx_HAL_Drivers/stm32f4xx_hal_tim.o
                0x0000000008004c78                TIM_CCxChannelCmd
 .text.HAL_TIM_OC_Start_IT
                0x0000000008004c94       0x6c Drivers/STM32F4xx_HAL_Drivers/stm32f4xx_hal_tim.o
                0x0000000008004c94                HAL_TIM_OC_Start_IT
 .text.HAL_TIMEx_CommutCallback
                0x0000000008004d00        0x2 Drivers/STM32F4xx_HAL_Drivers/stm32f4xx_hal_tim_ex.o
                0x0000000008004d00                HAL_TIMEx_CommutCallback
 .text.HAL_TIMEx_BreakCallback
                0x0000000008004d02        0x2 Drivers/STM32F4xx_HAL_Drivers/stm32f4xx_hal_tim_ex.o
                0x0000000008004d02                HAL_TIMEx_BreakCallback
 .text.USB_FlushTxFifo
                0x0000000008004d04       0x24 Drivers/STM32F4xx_HAL_Drivers/stm32f4xx_ll_usb.o
                0x0000000008004d04                USB_FlushTxFifo
 .text.USB_FlushRxFifo
                0x0000000008004d28       0x20 Drivers/STM32F4xx_HAL_Drivers/stm32f4xx_ll_usb.o
                0x0000000008004d28                USB_FlushRxFifo
 .text.USB_ReadPacket
                0x0000000008004d48       0x1c Drivers/STM32F4xx_HAL_Drivers/stm32f4xx_ll_usb.o
                0x0000000008004d48                USB_ReadPacket
 .text.USB_ReadInterrupts
                0x0000000008004d64        0x8 Drivers/STM32F4xx_HAL_Drivers/stm32f4xx_ll_usb.o
                0x0000000008004d64                USB_ReadInterrupts
 .text.USB_GetMode
                0x0000000008004d6c        0x8 Drivers/STM32F4xx_HAL_Drivers/stm32f4xx_ll_usb.o
                0x0000000008004d6c                USB_GetMode
 .text.USB_InitFSLSPClkSel
                0x0000000008004d74       0x38 Drivers/STM32F4xx_HAL_Drivers/stm32f4xx_ll_usb.o
                0x0000000008004d74                USB_InitFSLSPClkSel
 .text.USB_HC_ReadInterrupt
                0x0000000008004dac        0xa Drivers/STM32F4xx_HAL_Drivers/stm32f4xx_ll_usb.o
                0x0000000008004dac                USB_HC_ReadInterrupt
 .text.USB_HC_Halt
                0x0000000008004db6       0xa4 Drivers/STM32F4xx_HAL_Drivers/stm32f4xx_ll_usb.o
                0x0000000008004db6                USB_HC_Halt
 .text.USB_StopHost
                0x0000000008004e5a       0x6c Drivers/STM32F4xx_HAL_Drivers/stm32f4xx_ll_usb.o
                0x0000000008004e5a                USB_StopHost
 .text.USBH_LL_IncTimer
                0x0000000008004ec6       0x1c Middlewares/STM32_USBH_Library/Core/usbh_core.o
                0x0000000008004ec6                USBH_LL_IncTimer
 .text.USBH_LL_PortEnabled
                0x0000000008004ee2        0x8 Middlewares/STM32_USBH_Library/Core/usbh_core.o
                0x0000000008004ee2                USBH_LL_PortEnabled
 .text.USBH_LL_PortDisabled
                0x0000000008004eea        0x8 Middlewares/STM32_USBH_Library/Core/usbh_core.o
                0x0000000008004eea                USBH_LL_PortDisabled
 .text.USBH_LL_Connect
                0x0000000008004ef2       0x14 Middlewares/STM32_USBH_Library/Core/usbh_core.o
                0x0000000008004ef2                USBH_LL_Connect
 .text.USBH_LL_Disconnect
                0x0000000008004f06       0x2c Middlewares/STM32_USBH_Library/Core/usbh_core.o
                0x0000000008004f06                USBH_LL_Disconnect
 .text.USBH_FreePipe
                0x0000000008004f32       0x18 Middlewares/STM32_USBH_Library/Core/usbh_pipes.o
                0x0000000008004f32                USBH_FreePipe
 *fill*         0x0000000008004f4a        0x2 
 .text.D16_GENERIC
                0x0000000008004f4c      0x120 ../../../../../../../../Middlewares/ST/STM32_Audio/Addons/PDM/Lib\libPDMFilter_CM4_GCC_wc32.a(pdm_filter.o)
 .text.D24_GENERIC
                0x000000000800506c      0x190 ../../../../../../../../Middlewares/ST/STM32_Audio/Addons/PDM/Lib\libPDMFilter_CM4_GCC_wc32.a(pdm_filter.o)
 .text.D32_GENERIC
                0x00000000080051fc      0x198 ../../../../../../../../Middlewares/ST/STM32_Audio/Addons/PDM/Lib\libPDMFilter_CM4_GCC_wc32.a(pdm_filter.o)
 .text.D48_GENERIC
                0x0000000008005394      0x1ec ../../../../../../../../Middlewares/ST/STM32_Audio/Addons/PDM/Lib\libPDMFilter_CM4_GCC_wc32.a(pdm_filter.o)
 .text.D64_GENERIC
                0x0000000008005580      0x220 ../../../../../../../../Middlewares/ST/STM32_Audio/Addons/PDM/Lib\libPDMFilter_CM4_GCC_wc32.a(pdm_filter.o)
 .text.D80_GENERIC
                0x00000000080057a0      0x2a0 ../../../../../../../../Middlewares/ST/STM32_Audio/Addons/PDM/Lib\libPDMFilter_CM4_GCC_wc32.a(pdm_filter.o)
 .text.D128_GENERIC
                0x0000000008005a40      0x3f0 ../../../../../../../../Middlewares/ST/STM32_Audio/Addons/PDM/Lib\libPDMFilter_CM4_GCC_wc32.a(pdm_filter.o)
 .text.D16_1CH_HTONS_VOL_HP
                0x0000000008005e30       0xe4 ../../../../../../../../Middlewares/ST/STM32_Audio/Addons/PDM/Lib\libPDMFilter_CM4_GCC_wc32.a(pdm_filter.o)
 .text.D24_1CH_HTONS_VOL_HP
                0x0000000008005f14      0x138 ../../../../../../../../Middlewares/ST/STM32_Audio/Addons/PDM/Lib\libPDMFilter_CM4_GCC_wc32.a(pdm_filter.o)
 .text.D32_1CH_HTONS_VOL_HP
                0x000000000800604c      0x144 ../../../../../../../../Middlewares/ST/STM32_Audio/Addons/PDM/Lib\libPDMFilter_CM4_GCC_wc32.a(pdm_filter.o)
 .text.D48_1CH_HTONS_VOL_HP
                0x0000000008006190      0x16c ../../../../../../../../Middlewares/ST/STM32_Audio/Addons/PDM/Lib\libPDMFilter_CM4_GCC_wc32.a(pdm_filter.o)
 .text.D64_1CH_HTONS_VOL_HP
                0x00000000080062fc      0x1b8 ../../../../../../../../Middlewares/ST/STM32_Audio/Addons/PDM/Lib\libPDMFilter_CM4_GCC_wc32.a(pdm_filter.o)
 .text.D80_1CH_HTONS_VOL_HP
                0x00000000080064b4      0x214 ../../../../../../../../Middlewares/ST/STM32_Audio/Addons/PDM/Lib\libPDMFilter_CM4_GCC_wc32.a(pdm_filter.o)
 .text.D128_1CH_HTONS_VOL_HP
                0x00000000080066c8      0x324 ../../../../../../../../Middlewares/ST/STM32_Audio/Addons/PDM/Lib\libPDMFilter_CM4_GCC_wc32.a(pdm_filter.o)
 .text.PDM_Filter_Init
                0x00000000080069ec      0x114 ../../../../../../../../Middlewares/ST/STM32_Audio/Addons/PDM/Lib\libPDMFilter_CM4_GCC_wc32.a(pdm_filter.o)
                0x00000000080069ec                PDM_Filter_Init
 .text.PDM_Filter_setConfig
                0x0000000008006b00      0x1e4 ../../../../../../../../Middlewares/ST/STM32_Audio/Addons/PDM/Lib\libPDMFilter_CM4_GCC_wc32.a(pdm_filter.o)
                0x0000000008006b00                PDM_Filter_setConfig
 .text.PDM_Filter
                0x0000000008006ce4       0x38 ../../../../../../../../Middlewares/ST/STM32_Audio/Addons/PDM/Lib\libPDMFilter_CM4_GCC_wc32.a(pdm_filter.o)
                0x0000000008006ce4                PDM_Filter
 .text.CRC_Lock
                0x0000000008006d1c       0x7c ../../../../../../../../Middlewares/ST/STM32_Audio/Addons/PDM/Lib\libPDMFilter_CM4_GCC_wc32.a(stm32_crc_lock.o)
                0x0000000008006d1c                CRC_Lock
 .text.__libc_init_array
                0x0000000008006d98       0x48 c:/st/stm32cubeide_1.4.0/stm32cubeide/plugins/com.st.stm32cube.ide.mcu.externaltools.gnu-tools-for-stm32.7-2018-q2-update.win32_1.4.0.202007081208/tools/bin/../lib/gcc/arm-none-eabi/7.3.1/../../../../arm-none-eabi/lib/thumb/v7e-m/fpv4-sp/hard\libc_nano.a(lib_a-init.o)
                0x0000000008006d98                __libc_init_array
 .text.memset   0x0000000008006de0       0x10 c:/st/stm32cubeide_1.4.0/stm32cubeide/plugins/com.st.stm32cube.ide.mcu.externaltools.gnu-tools-for-stm32.7-2018-q2-update.win32_1.4.0.202007081208/tools/bin/../lib/gcc/arm-none-eabi/7.3.1/../../../../arm-none-eabi/lib/thumb/v7e-m/fpv4-sp/hard\libc_nano.a(lib_a-memset.o)
                0x0000000008006de0                memset
 .text.roundf   0x0000000008006df0       0x4c c:/st/stm32cubeide_1.4.0/stm32cubeide/plugins/com.st.stm32cube.ide.mcu.externaltools.gnu-tools-for-stm32.7-2018-q2-update.win32_1.4.0.202007081208/tools/bin/../lib/gcc/arm-none-eabi/7.3.1/../../../../arm-none-eabi/lib/thumb/v7e-m/fpv4-sp/hard\libm.a(lib_a-sf_round.o)
                0x0000000008006df0                roundf
 .text.powf     0x0000000008006e3c      0x2c8 c:/st/stm32cubeide_1.4.0/stm32cubeide/plugins/com.st.stm32cube.ide.mcu.externaltools.gnu-tools-for-stm32.7-2018-q2-update.win32_1.4.0.202007081208/tools/bin/../lib/gcc/arm-none-eabi/7.3.1/../../../../arm-none-eabi/lib/thumb/v7e-m/fpv4-sp/hard\libm.a(lib_a-wf_pow.o)
                0x0000000008006e3c                powf
 .text.__ieee754_powf
                0x0000000008007104      0x580 c:/st/stm32cubeide_1.4.0/stm32cubeide/plugins/com.st.stm32cube.ide.mcu.externaltools.gnu-tools-for-stm32.7-2018-q2-update.win32_1.4.0.202007081208/tools/bin/../lib/gcc/arm-none-eabi/7.3.1/../../../../arm-none-eabi/lib/thumb/v7e-m/fpv4-sp/hard\libm.a(lib_a-ef_pow.o)
                0x0000000008007104                __ieee754_powf
 .text.__ieee754_sqrtf
                0x0000000008007684        0x6 c:/st/stm32cubeide_1.4.0/stm32cubeide/plugins/com.st.stm32cube.ide.mcu.externaltools.gnu-tools-for-stm32.7-2018-q2-update.win32_1.4.0.202007081208/tools/bin/../lib/gcc/arm-none-eabi/7.3.1/../../../../arm-none-eabi/lib/thumb/v7e-m/fpv4-sp/hard\libm.a(lib_a-ef_sqrt.o)
                0x0000000008007684                __ieee754_sqrtf
 .text.matherr  0x000000000800768a        0x4 c:/st/stm32cubeide_1.4.0/stm32cubeide/plugins/com.st.stm32cube.ide.mcu.externaltools.gnu-tools-for-stm32.7-2018-q2-update.win32_1.4.0.202007081208/tools/bin/../lib/gcc/arm-none-eabi/7.3.1/../../../../arm-none-eabi/lib/thumb/v7e-m/fpv4-sp/hard\libm.a(lib_a-s_matherr.o)
                0x000000000800768a                matherr
 .text.fabsf    0x000000000800768e        0xe c:/st/stm32cubeide_1.4.0/stm32cubeide/plugins/com.st.stm32cube.ide.mcu.externaltools.gnu-tools-for-stm32.7-2018-q2-update.win32_1.4.0.202007081208/tools/bin/../lib/gcc/arm-none-eabi/7.3.1/../../../../arm-none-eabi/lib/thumb/v7e-m/fpv4-sp/hard\libm.a(lib_a-sf_fabs.o)
                0x000000000800768e                fabsf
 .text.finitef  0x000000000800769c       0x14 c:/st/stm32cubeide_1.4.0/stm32cubeide/plugins/com.st.stm32cube.ide.mcu.externaltools.gnu-tools-for-stm32.7-2018-q2-update.win32_1.4.0.202007081208/tools/bin/../lib/gcc/arm-none-eabi/7.3.1/../../../../arm-none-eabi/lib/thumb/v7e-m/fpv4-sp/hard\libm.a(lib_a-sf_finite.o)
                0x000000000800769c                finitef
 .text.nanf     0x00000000080076b0        0xc c:/st/stm32cubeide_1.4.0/stm32cubeide/plugins/com.st.stm32cube.ide.mcu.externaltools.gnu-tools-for-stm32.7-2018-q2-update.win32_1.4.0.202007081208/tools/bin/../lib/gcc/arm-none-eabi/7.3.1/../../../../arm-none-eabi/lib/thumb/v7e-m/fpv4-sp/hard\libm.a(lib_a-sf_nan.o)
                0x00000000080076b0                nanf
 .text.rintf    0x00000000080076bc       0xb4 c:/st/stm32cubeide_1.4.0/stm32cubeide/plugins/com.st.stm32cube.ide.mcu.externaltools.gnu-tools-for-stm32.7-2018-q2-update.win32_1.4.0.202007081208/tools/bin/../lib/gcc/arm-none-eabi/7.3.1/../../../../arm-none-eabi/lib/thumb/v7e-m/fpv4-sp/hard\libm.a(lib_a-sf_rint.o)
                0x00000000080076bc                rintf
 .text.scalbnf  0x0000000008007770       0xc0 c:/st/stm32cubeide_1.4.0/stm32cubeide/plugins/com.st.stm32cube.ide.mcu.externaltools.gnu-tools-for-stm32.7-2018-q2-update.win32_1.4.0.202007081208/tools/bin/../lib/gcc/arm-none-eabi/7.3.1/../../../../arm-none-eabi/lib/thumb/v7e-m/fpv4-sp/hard\libm.a(lib_a-sf_scalbn.o)
                0x0000000008007770                scalbnf
 .text.copysignf
                0x0000000008007830       0x18 c:/st/stm32cubeide_1.4.0/stm32cubeide/plugins/com.st.stm32cube.ide.mcu.externaltools.gnu-tools-for-stm32.7-2018-q2-update.win32_1.4.0.202007081208/tools/bin/../lib/gcc/arm-none-eabi/7.3.1/../../../../arm-none-eabi/lib/thumb/v7e-m/fpv4-sp/hard\libm.a(lib_a-sf_copysign.o)
                0x0000000008007830                copysignf
 .text.__errno  0x0000000008007848        0xc c:/st/stm32cubeide_1.4.0/stm32cubeide/plugins/com.st.stm32cube.ide.mcu.externaltools.gnu-tools-for-stm32.7-2018-q2-update.win32_1.4.0.202007081208/tools/bin/../lib/gcc/arm-none-eabi/7.3.1/../../../../arm-none-eabi/lib/thumb/v7e-m/fpv4-sp/hard\libc_nano.a(lib_a-errno.o)
                0x0000000008007848                __errno
 *(.glue_7)
 .glue_7        0x0000000008007854        0x0 linker stubs
 *(.glue_7t)
 .glue_7t       0x0000000008007854        0x0 linker stubs
 *(.eh_frame)
 .eh_frame      0x0000000008007854        0x0 c:/st/stm32cubeide_1.4.0/stm32cubeide/plugins/com.st.stm32cube.ide.mcu.externaltools.gnu-tools-for-stm32.7-2018-q2-update.win32_1.4.0.202007081208/tools/bin/../lib/gcc/arm-none-eabi/7.3.1/thumb/v7e-m/fpv4-sp/hard/crtbegin.o
 *(.init)
 .init          0x0000000008007854        0x4 c:/st/stm32cubeide_1.4.0/stm32cubeide/plugins/com.st.stm32cube.ide.mcu.externaltools.gnu-tools-for-stm32.7-2018-q2-update.win32_1.4.0.202007081208/tools/bin/../lib/gcc/arm-none-eabi/7.3.1/thumb/v7e-m/fpv4-sp/hard/crti.o
                0x0000000008007854                _init
 .init          0x0000000008007858        0x8 c:/st/stm32cubeide_1.4.0/stm32cubeide/plugins/com.st.stm32cube.ide.mcu.externaltools.gnu-tools-for-stm32.7-2018-q2-update.win32_1.4.0.202007081208/tools/bin/../lib/gcc/arm-none-eabi/7.3.1/thumb/v7e-m/fpv4-sp/hard/crtn.o
 *(.fini)
 .fini          0x0000000008007860        0x4 c:/st/stm32cubeide_1.4.0/stm32cubeide/plugins/com.st.stm32cube.ide.mcu.externaltools.gnu-tools-for-stm32.7-2018-q2-update.win32_1.4.0.202007081208/tools/bin/../lib/gcc/arm-none-eabi/7.3.1/thumb/v7e-m/fpv4-sp/hard/crti.o
                0x0000000008007860                _fini
 .fini          0x0000000008007864        0x8 c:/st/stm32cubeide_1.4.0/stm32cubeide/plugins/com.st.stm32cube.ide.mcu.externaltools.gnu-tools-for-stm32.7-2018-q2-update.win32_1.4.0.202007081208/tools/bin/../lib/gcc/arm-none-eabi/7.3.1/thumb/v7e-m/fpv4-sp/hard/crtn.o
                0x000000000800786c                . = ALIGN (0x4)
                0x000000000800786c                _etext = .

.vfp11_veneer   0x000000000800786c        0x0
 .vfp11_veneer  0x000000000800786c        0x0 linker stubs

.v4_bx          0x000000000800786c        0x0
 .v4_bx         0x000000000800786c        0x0 linker stubs

.iplt           0x000000000800786c        0x0
 .iplt          0x000000000800786c        0x0 c:/st/stm32cubeide_1.4.0/stm32cubeide/plugins/com.st.stm32cube.ide.mcu.externaltools.gnu-tools-for-stm32.7-2018-q2-update.win32_1.4.0.202007081208/tools/bin/../lib/gcc/arm-none-eabi/7.3.1/thumb/v7e-m/fpv4-sp/hard/crtbegin.o

.rodata         0x000000000800786c       0xec
                0x000000000800786c                . = ALIGN (0x4)
 *(.rodata)
 .rodata        0x000000000800786c        0xc Drivers/BSP/STM32F411E-Discovery/stm32f411e_discovery.o
                0x000000000800786c                GPIO_PIN
                0x0000000008007874                BUTTON_IRQn
                0x0000000008007876                BUTTON_PIN
 .rodata        0x0000000008007878       0x60 Drivers/BSP/STM32F411E-Discovery/stm32f411e_discovery_audio.o
                0x0000000008007878                I2SFreq
                0x0000000008007898                I2SPLLN
                0x00000000080078b8                I2SPLLR
 .rodata        0x00000000080078d8       0x18 Drivers/CMSIS/system_stm32f4xx.o
                0x00000000080078d8                AHBPrescTable
                0x00000000080078e8                APBPrescTable
 .rodata        0x00000000080078f0        0x8 Drivers/STM32F4xx_HAL_Drivers/stm32f4xx_hal_dma.o
 .rodata        0x00000000080078f8       0x38 ../../../../../../../../Middlewares/ST/STM32_Audio/Addons/PDM/Lib\libPDMFilter_CM4_GCC_wc32.a(pdm_filter.o)
 *(.rodata*)
 .rodata.powf.str1.1
                0x0000000008007930        0x5 c:/st/stm32cubeide_1.4.0/stm32cubeide/plugins/com.st.stm32cube.ide.mcu.externaltools.gnu-tools-for-stm32.7-2018-q2-update.win32_1.4.0.202007081208/tools/bin/../lib/gcc/arm-none-eabi/7.3.1/../../../../arm-none-eabi/lib/thumb/v7e-m/fpv4-sp/hard\libm.a(lib_a-wf_pow.o)
 .rodata.__ieee754_powf.str1.1
                0x0000000008007935        0x5 c:/st/stm32cubeide_1.4.0/stm32cubeide/plugins/com.st.stm32cube.ide.mcu.externaltools.gnu-tools-for-stm32.7-2018-q2-update.win32_1.4.0.202007081208/tools/bin/../lib/gcc/arm-none-eabi/7.3.1/../../../../arm-none-eabi/lib/thumb/v7e-m/fpv4-sp/hard\libm.a(lib_a-ef_pow.o)
                                          0x1 (size before relaxing)
 *fill*         0x0000000008007935        0x3 
 .rodata.bp     0x0000000008007938        0x8 c:/st/stm32cubeide_1.4.0/stm32cubeide/plugins/com.st.stm32cube.ide.mcu.externaltools.gnu-tools-for-stm32.7-2018-q2-update.win32_1.4.0.202007081208/tools/bin/../lib/gcc/arm-none-eabi/7.3.1/../../../../arm-none-eabi/lib/thumb/v7e-m/fpv4-sp/hard\libm.a(lib_a-ef_pow.o)
 .rodata.dp_h   0x0000000008007940        0x8 c:/st/stm32cubeide_1.4.0/stm32cubeide/plugins/com.st.stm32cube.ide.mcu.externaltools.gnu-tools-for-stm32.7-2018-q2-update.win32_1.4.0.202007081208/tools/bin/../lib/gcc/arm-none-eabi/7.3.1/../../../../arm-none-eabi/lib/thumb/v7e-m/fpv4-sp/hard\libm.a(lib_a-ef_pow.o)
 .rodata.dp_l   0x0000000008007948        0x8 c:/st/stm32cubeide_1.4.0/stm32cubeide/plugins/com.st.stm32cube.ide.mcu.externaltools.gnu-tools-for-stm32.7-2018-q2-update.win32_1.4.0.202007081208/tools/bin/../lib/gcc/arm-none-eabi/7.3.1/../../../../arm-none-eabi/lib/thumb/v7e-m/fpv4-sp/hard\libm.a(lib_a-ef_pow.o)
 .rodata.TWO23  0x0000000008007950        0x8 c:/st/stm32cubeide_1.4.0/stm32cubeide/plugins/com.st.stm32cube.ide.mcu.externaltools.gnu-tools-for-stm32.7-2018-q2-update.win32_1.4.0.202007081208/tools/bin/../lib/gcc/arm-none-eabi/7.3.1/../../../../arm-none-eabi/lib/thumb/v7e-m/fpv4-sp/hard\libm.a(lib_a-sf_rint.o)
                0x0000000008007958                . = ALIGN (0x4)

.ARM.extab
 *(.ARM.extab* .gnu.linkonce.armextab.*)

.ARM            0x0000000008007958        0x8
                0x0000000008007958                __exidx_start = .
 *(.ARM.exidx*)
 .ARM.exidx     0x0000000008007958        0x8 c:/st/stm32cubeide_1.4.0/stm32cubeide/plugins/com.st.stm32cube.ide.mcu.externaltools.gnu-tools-for-stm32.7-2018-q2-update.win32_1.4.0.202007081208/tools/bin/../lib/gcc/arm-none-eabi/7.3.1/thumb/v7e-m/fpv4-sp/hard\libgcc.a(_udivmoddi4.o)
                0x0000000008007960                __exidx_end = .

.rel.dyn        0x0000000008007960        0x0
 .rel.iplt      0x0000000008007960        0x0 c:/st/stm32cubeide_1.4.0/stm32cubeide/plugins/com.st.stm32cube.ide.mcu.externaltools.gnu-tools-for-stm32.7-2018-q2-update.win32_1.4.0.202007081208/tools/bin/../lib/gcc/arm-none-eabi/7.3.1/thumb/v7e-m/fpv4-sp/hard/crtbegin.o

.preinit_array  0x0000000008007960        0x0
                0x0000000008007960                PROVIDE (__preinit_array_start = .)
 *(.preinit_array*)
                0x0000000008007960                PROVIDE (__preinit_array_end = .)

.init_array     0x0000000008007960        0x4
                0x0000000008007960                PROVIDE (__init_array_start = .)
 *(SORT_BY_NAME(.init_array.*))
 *(.init_array*)
 .init_array    0x0000000008007960        0x4 c:/st/stm32cubeide_1.4.0/stm32cubeide/plugins/com.st.stm32cube.ide.mcu.externaltools.gnu-tools-for-stm32.7-2018-q2-update.win32_1.4.0.202007081208/tools/bin/../lib/gcc/arm-none-eabi/7.3.1/thumb/v7e-m/fpv4-sp/hard/crtbegin.o
                0x0000000008007964                PROVIDE (__init_array_end = .)

.fini_array     0x0000000008007964        0x4
                [!provide]                        PROVIDE (__fini_array_start = .)
 *(SORT_BY_NAME(.fini_array.*))
 *(.fini_array*)
 .fini_array    0x0000000008007964        0x4 c:/st/stm32cubeide_1.4.0/stm32cubeide/plugins/com.st.stm32cube.ide.mcu.externaltools.gnu-tools-for-stm32.7-2018-q2-update.win32_1.4.0.202007081208/tools/bin/../lib/gcc/arm-none-eabi/7.3.1/thumb/v7e-m/fpv4-sp/hard/crtbegin.o
                [!provide]                        PROVIDE (__fini_array_end = .)
                0x0000000008007968                _sidata = LOADADDR (.data)

.data           0x0000000020000000      0x508 load address 0x0000000008007968
                0x0000000020000000                . = ALIGN (0x4)
                0x0000000020000000                _sdata = .
 *(.data)
 .data          0x0000000020000000       0x10 Application/User/main.o
                0x0000000020000000                CCR1Val
                0x0000000020000004                CmdIndex
                0x0000000020000008                PressCount
                0x000000002000000c                PauseResumeStatus
 .data          0x0000000020000010       0x34 Drivers/BSP/Components/cs43l22.o
                0x0000000020000014                cs43l22_drv
 .data          0x0000000020000044       0x34 Drivers/BSP/Components/lsm303dlhc.o
                0x0000000020000044                Lsm303dlhcDrv
 .data          0x0000000020000078       0x1c Drivers/BSP/STM32F411E-Discovery/stm32f411e_discovery.o
                0x0000000020000078                SpixTimeout
                0x000000002000007c                I2cxTimeout
                0x0000000020000080                GPIO_PORT
                0x0000000020000090                BUTTON_PORT
 .data          0x0000000020000094        0x4 Drivers/CMSIS/system_stm32f4xx.o
                0x0000000020000094                SystemCoreClock
 .data          0x0000000020000098        0x8 Drivers/STM32F4xx_HAL_Drivers/stm32f4xx_hal.o
                0x0000000020000098                uwTickFreq
                0x000000002000009c                uwTickPrio
 .data          0x00000000200000a0      0x400 ../../../../../../../../Middlewares/ST/STM32_Audio/Addons/PDM/Lib\libPDMFilter_CM4_GCC_wc32.a(pdm_filter.o)
 *(.data*)
 .data._impure_ptr
                0x00000000200004a0        0x4 c:/st/stm32cubeide_1.4.0/stm32cubeide/plugins/com.st.stm32cube.ide.mcu.externaltools.gnu-tools-for-stm32.7-2018-q2-update.win32_1.4.0.202007081208/tools/bin/../lib/gcc/arm-none-eabi/7.3.1/../../../../arm-none-eabi/lib/thumb/v7e-m/fpv4-sp/hard\libc_nano.a(lib_a-impure.o)
                0x00000000200004a0                _impure_ptr
 .data.impure_data
                0x00000000200004a4       0x60 c:/st/stm32cubeide_1.4.0/stm32cubeide/plugins/com.st.stm32cube.ide.mcu.externaltools.gnu-tools-for-stm32.7-2018-q2-update.win32_1.4.0.202007081208/tools/bin/../lib/gcc/arm-none-eabi/7.3.1/../../../../arm-none-eabi/lib/thumb/v7e-m/fpv4-sp/hard\libc_nano.a(lib_a-impure.o)
 .data.__fdlib_version
                0x0000000020000504        0x1 c:/st/stm32cubeide_1.4.0/stm32cubeide/plugins/com.st.stm32cube.ide.mcu.externaltools.gnu-tools-for-stm32.7-2018-q2-update.win32_1.4.0.202007081208/tools/bin/../lib/gcc/arm-none-eabi/7.3.1/../../../../arm-none-eabi/lib/thumb/v7e-m/fpv4-sp/hard\libm.a(lib_a-s_lib_ver.o)
                0x0000000020000504                __fdlib_version
                0x0000000020000508                . = ALIGN (0x4)
 *fill*         0x0000000020000505        0x3 
                0x0000000020000508                _edata = .

.igot.plt       0x0000000020000508        0x0 load address 0x0000000008007e70
 .igot.plt      0x0000000020000508        0x0 c:/st/stm32cubeide_1.4.0/stm32cubeide/plugins/com.st.stm32cube.ide.mcu.externaltools.gnu-tools-for-stm32.7-2018-q2-update.win32_1.4.0.202007081208/tools/bin/../lib/gcc/arm-none-eabi/7.3.1/thumb/v7e-m/fpv4-sp/hard/crtbegin.o
                0x0000000020000508                . = ALIGN (0x4)

.bss            0x0000000020000508     0x4460 load address 0x0000000008007e70
                0x0000000020000508                _sbss = .
                0x0000000020000508                __bss_start__ = _sbss
 *(.bss)
 .bss           0x0000000020000508       0x1c c:/st/stm32cubeide_1.4.0/stm32cubeide/plugins/com.st.stm32cube.ide.mcu.externaltools.gnu-tools-for-stm32.7-2018-q2-update.win32_1.4.0.202007081208/tools/bin/../lib/gcc/arm-none-eabi/7.3.1/thumb/v7e-m/fpv4-sp/hard/crtbegin.o
 .bss           0x0000000020000524        0x5 Application/User/MY_FLASH.o
 *fill*         0x0000000020000529        0x3 
 .bss           0x000000002000052c        0x9 Application/User/main.o
                0x000000002000052c                RepeatState
                0x0000000020000530                PbPressCheck
                0x0000000020000534                AppliState
 *fill*         0x0000000020000535        0x3 
 .bss           0x0000000020000538        0x4 Application/User/stm32f4xx_it.o
                0x0000000020000538                TimeRecBase
 .bss           0x000000002000053c        0x9 Application/User/waveplayer.o
                0x000000002000053c                AudioPlayStart
                0x0000000020000544                BufferOffset
 *fill*         0x0000000020000545        0x3 
 .bss           0x0000000020000548      0x154 Application/User/waverecorder.o
                0x0000000020000548                WaveCounter
                0x000000002000054c                WaveRecStatus
                0x0000000020000650                ITCounter
                0x0000000020000654                AUDIODataReady
                0x0000000020000698                AUDIOBuffOffset
 .bss           0x000000002000069c        0x1 Drivers/BSP/Components/cs43l22.o
                0x000000002000069c                OutputDev
 *fill*         0x000000002000069d        0x3 
 .bss           0x00000000200006a0       0xac Drivers/BSP/STM32F411E-Discovery/stm32f411e_discovery.o
 .bss           0x000000002000074c        0x4 Drivers/BSP/STM32F411E-Discovery/stm32f411e_discovery_accelerometer.o
 .bss           0x0000000020000750       0xc4 Drivers/BSP/STM32F411E-Discovery/stm32f411e_discovery_audio.o
 .bss           0x0000000020000814        0x1 ../../../../../../../../Middlewares/ST/STM32_Audio/Addons/PDM/Lib\libPDMFilter_CM4_GCC_wc32.a(pdm_filter.o)
 *(.bss*)
 *(COMMON)
 *fill*         0x0000000020000815        0x3 
 COMMON         0x0000000020000818      0x838 Application/User/main.o
                0x0000000020000818                sConfigLed
                0x0000000020000834                USBDISKPath
                0x0000000020000838                hTimLed
                0x0000000020000878                USBDISKFatFs
                0x0000000020000aa8                hUSB_Host
 COMMON         0x0000000020001050      0x2c4 Application/User/usbh_conf.o
                0x0000000020001050                hhcd
 COMMON         0x0000000020001314     0x1264 Application/User/waveplayer.o
                0x0000000020001314                Audio_Buffer
                0x0000000020002314                Directory
                0x0000000020002344                LEDsState
                0x0000000020002348                FileRead
 COMMON         0x0000000020002578     0x2298 Application/User/waverecorder.o
                0x0000000020002578                WaveFormat
                0x00000000200025a4                pHeaderBuff
                0x00000000200025d0                BufferCtl
                0x00000000200025d8                WrBuffer
                0x00000000200045d8                res
                0x00000000200045dc                WavFile
                0x000000002000480c                audio_ctr
 COMMON         0x0000000020004810      0x134 Drivers/BSP/STM32F411E-Discovery/stm32f411e_discovery_audio.o
                0x0000000020004810                PDM_FilterConfig
                0x000000002000481c                PDM_FilterHandler
                0x00000000200048b4                hAudioOutI2s
                0x00000000200048fc                hAudioInI2s
 COMMON         0x0000000020004944        0x4 Drivers/STM32F4xx_HAL_Drivers/stm32f4xx_hal.o
                0x0000000020004944                uwTick
 COMMON         0x0000000020004948       0x20 Drivers/STM32F4xx_HAL_Drivers/stm32f4xx_hal_flash.o
                0x0000000020004948                pFlash
                0x0000000020004968                . = ALIGN (0x4)
                0x0000000020004968                _ebss = .
                0x0000000020004968                __bss_end__ = _ebss

._user_heap_stack
                0x0000000020004968     0x1200 load address 0x0000000008007e70
                0x0000000020004968                . = ALIGN (0x8)
                0x0000000020004968                PROVIDE (end = .)
                [!provide]                        PROVIDE (_end = .)
                0x0000000020004f68                . = (. + _Min_Heap_Size)
 *fill*         0x0000000020004968      0x600 
                0x0000000020005b68                . = (. + _Min_Stack_Size)
 *fill*         0x0000000020004f68      0xc00 
                0x0000000020005b68                . = ALIGN (0x8)

/DISCARD/
 libc.a(*)
 libm.a(*)
 libgcc.a(*)

.ARM.attributes
                0x0000000000000000       0x30
 *(.ARM.attributes)
 .ARM.attributes
                0x0000000000000000       0x22 c:/st/stm32cubeide_1.4.0/stm32cubeide/plugins/com.st.stm32cube.ide.mcu.externaltools.gnu-tools-for-stm32.7-2018-q2-update.win32_1.4.0.202007081208/tools/bin/../lib/gcc/arm-none-eabi/7.3.1/thumb/v7e-m/fpv4-sp/hard/crti.o
 .ARM.attributes
                0x0000000000000022       0x34 c:/st/stm32cubeide_1.4.0/stm32cubeide/plugins/com.st.stm32cube.ide.mcu.externaltools.gnu-tools-for-stm32.7-2018-q2-update.win32_1.4.0.202007081208/tools/bin/../lib/gcc/arm-none-eabi/7.3.1/thumb/v7e-m/fpv4-sp/hard/crtbegin.o
 .ARM.attributes
                0x0000000000000056       0x21 Application/SW4STM32/startup_stm32f411xe.o
 .ARM.attributes
                0x0000000000000077       0x39 Application/User/MY_FLASH.o
 .ARM.attributes
                0x00000000000000b0       0x39 Application/User/main.o
 .ARM.attributes
                0x00000000000000e9       0x39 Application/User/stm32f4xx_it.o
 .ARM.attributes
                0x0000000000000122       0x39 Application/User/usbh_conf.o
 .ARM.attributes
                0x000000000000015b       0x39 Application/User/waveplayer.o
 .ARM.attributes
                0x0000000000000194       0x39 Application/User/waverecorder.o
 .ARM.attributes
                0x00000000000001cd       0x39 Drivers/BSP/Components/cs43l22.o
 .ARM.attributes
                0x0000000000000206       0x39 Drivers/BSP/Components/lsm303dlhc.o
 .ARM.attributes
                0x000000000000023f       0x39 Drivers/BSP/STM32F411E-Discovery/stm32f411e_discovery.o
 .ARM.attributes
                0x0000000000000278       0x39 Drivers/BSP/STM32F411E-Discovery/stm32f411e_discovery_accelerometer.o
 .ARM.attributes
                0x00000000000002b1       0x39 Drivers/BSP/STM32F411E-Discovery/stm32f411e_discovery_audio.o
 .ARM.attributes
                0x00000000000002ea       0x39 Drivers/CMSIS/system_stm32f4xx.o
 .ARM.attributes
                0x0000000000000323       0x39 Drivers/STM32F4xx_HAL_Drivers/stm32f4xx_hal.o
 .ARM.attributes
                0x000000000000035c       0x39 Drivers/STM32F4xx_HAL_Drivers/stm32f4xx_hal_cortex.o
 .ARM.attributes
                0x0000000000000395       0x39 Drivers/STM32F4xx_HAL_Drivers/stm32f4xx_hal_dma.o
 .ARM.attributes
                0x00000000000003ce       0x39 Drivers/STM32F4xx_HAL_Drivers/stm32f4xx_hal_flash.o
 .ARM.attributes
                0x0000000000000407       0x39 Drivers/STM32F4xx_HAL_Drivers/stm32f4xx_hal_flash_ex.o
 .ARM.attributes
                0x0000000000000440       0x39 Drivers/STM32F4xx_HAL_Drivers/stm32f4xx_hal_gpio.o
 .ARM.attributes
                0x0000000000000479       0x39 Drivers/STM32F4xx_HAL_Drivers/stm32f4xx_hal_hcd.o
 .ARM.attributes
                0x00000000000004b2       0x39 Drivers/STM32F4xx_HAL_Drivers/stm32f4xx_hal_i2c.o
 .ARM.attributes
                0x00000000000004eb       0x39 Drivers/STM32F4xx_HAL_Drivers/stm32f4xx_hal_i2s.o
 .ARM.attributes
                0x0000000000000524       0x39 Drivers/STM32F4xx_HAL_Drivers/stm32f4xx_hal_i2s_ex.o
 .ARM.attributes
                0x000000000000055d       0x39 Drivers/STM32F4xx_HAL_Drivers/stm32f4xx_hal_rcc.o
 .ARM.attributes
                0x0000000000000596       0x39 Drivers/STM32F4xx_HAL_Drivers/stm32f4xx_hal_rcc_ex.o
 .ARM.attributes
                0x00000000000005cf       0x39 Drivers/STM32F4xx_HAL_Drivers/stm32f4xx_hal_tim.o
 .ARM.attributes
                0x0000000000000608       0x39 Drivers/STM32F4xx_HAL_Drivers/stm32f4xx_hal_tim_ex.o
 .ARM.attributes
                0x0000000000000641       0x39 Drivers/STM32F4xx_HAL_Drivers/stm32f4xx_ll_usb.o
 .ARM.attributes
                0x000000000000067a       0x39 Middlewares/STM32_USBH_Library/Core/usbh_core.o
 .ARM.attributes
                0x00000000000006b3       0x39 Middlewares/STM32_USBH_Library/Core/usbh_pipes.o
 .ARM.attributes
                0x00000000000006ec       0x39 ../../../../../../../../Middlewares/ST/STM32_Audio/Addons/PDM/Lib\libPDMFilter_CM4_GCC_wc32.a(pdm_filter.o)
 .ARM.attributes
                0x0000000000000725       0x39 ../../../../../../../../Middlewares/ST/STM32_Audio/Addons/PDM/Lib\libPDMFilter_CM4_GCC_wc32.a(stm32_crc_lock.o)
 .ARM.attributes
                0x000000000000075e       0x34 c:/st/stm32cubeide_1.4.0/stm32cubeide/plugins/com.st.stm32cube.ide.mcu.externaltools.gnu-tools-for-stm32.7-2018-q2-update.win32_1.4.0.202007081208/tools/bin/../lib/gcc/arm-none-eabi/7.3.1/../../../../arm-none-eabi/lib/thumb/v7e-m/fpv4-sp/hard\libc_nano.a(lib_a-impure.o)
 .ARM.attributes
                0x0000000000000792       0x34 c:/st/stm32cubeide_1.4.0/stm32cubeide/plugins/com.st.stm32cube.ide.mcu.externaltools.gnu-tools-for-stm32.7-2018-q2-update.win32_1.4.0.202007081208/tools/bin/../lib/gcc/arm-none-eabi/7.3.1/../../../../arm-none-eabi/lib/thumb/v7e-m/fpv4-sp/hard\libc_nano.a(lib_a-init.o)
 .ARM.attributes
                0x00000000000007c6       0x34 c:/st/stm32cubeide_1.4.0/stm32cubeide/plugins/com.st.stm32cube.ide.mcu.externaltools.gnu-tools-for-stm32.7-2018-q2-update.win32_1.4.0.202007081208/tools/bin/../lib/gcc/arm-none-eabi/7.3.1/../../../../arm-none-eabi/lib/thumb/v7e-m/fpv4-sp/hard\libc_nano.a(lib_a-memset.o)
 .ARM.attributes
                0x00000000000007fa       0x34 c:/st/stm32cubeide_1.4.0/stm32cubeide/plugins/com.st.stm32cube.ide.mcu.externaltools.gnu-tools-for-stm32.7-2018-q2-update.win32_1.4.0.202007081208/tools/bin/../lib/gcc/arm-none-eabi/7.3.1/../../../../arm-none-eabi/lib/thumb/v7e-m/fpv4-sp/hard\libm.a(lib_a-sf_round.o)
 .ARM.attributes
                0x000000000000082e       0x34 c:/st/stm32cubeide_1.4.0/stm32cubeide/plugins/com.st.stm32cube.ide.mcu.externaltools.gnu-tools-for-stm32.7-2018-q2-update.win32_1.4.0.202007081208/tools/bin/../lib/gcc/arm-none-eabi/7.3.1/../../../../arm-none-eabi/lib/thumb/v7e-m/fpv4-sp/hard\libm.a(lib_a-wf_pow.o)
 .ARM.attributes
                0x0000000000000862       0x34 c:/st/stm32cubeide_1.4.0/stm32cubeide/plugins/com.st.stm32cube.ide.mcu.externaltools.gnu-tools-for-stm32.7-2018-q2-update.win32_1.4.0.202007081208/tools/bin/../lib/gcc/arm-none-eabi/7.3.1/../../../../arm-none-eabi/lib/thumb/v7e-m/fpv4-sp/hard\libm.a(lib_a-ef_pow.o)
 .ARM.attributes
                0x0000000000000896       0x34 c:/st/stm32cubeide_1.4.0/stm32cubeide/plugins/com.st.stm32cube.ide.mcu.externaltools.gnu-tools-for-stm32.7-2018-q2-update.win32_1.4.0.202007081208/tools/bin/../lib/gcc/arm-none-eabi/7.3.1/../../../../arm-none-eabi/lib/thumb/v7e-m/fpv4-sp/hard\libm.a(lib_a-ef_sqrt.o)
 .ARM.attributes
                0x00000000000008ca       0x34 c:/st/stm32cubeide_1.4.0/stm32cubeide/plugins/com.st.stm32cube.ide.mcu.externaltools.gnu-tools-for-stm32.7-2018-q2-update.win32_1.4.0.202007081208/tools/bin/../lib/gcc/arm-none-eabi/7.3.1/../../../../arm-none-eabi/lib/thumb/v7e-m/fpv4-sp/hard\libm.a(lib_a-s_lib_ver.o)
 .ARM.attributes
                0x00000000000008fe       0x34 c:/st/stm32cubeide_1.4.0/stm32cubeide/plugins/com.st.stm32cube.ide.mcu.externaltools.gnu-tools-for-stm32.7-2018-q2-update.win32_1.4.0.202007081208/tools/bin/../lib/gcc/arm-none-eabi/7.3.1/../../../../arm-none-eabi/lib/thumb/v7e-m/fpv4-sp/hard\libm.a(lib_a-s_matherr.o)
 .ARM.attributes
                0x0000000000000932       0x34 c:/st/stm32cubeide_1.4.0/stm32cubeide/plugins/com.st.stm32cube.ide.mcu.externaltools.gnu-tools-for-stm32.7-2018-q2-update.win32_1.4.0.202007081208/tools/bin/../lib/gcc/arm-none-eabi/7.3.1/../../../../arm-none-eabi/lib/thumb/v7e-m/fpv4-sp/hard\libm.a(lib_a-sf_fabs.o)
 .ARM.attributes
                0x0000000000000966       0x34 c:/st/stm32cubeide_1.4.0/stm32cubeide/plugins/com.st.stm32cube.ide.mcu.externaltools.gnu-tools-for-stm32.7-2018-q2-update.win32_1.4.0.202007081208/tools/bin/../lib/gcc/arm-none-eabi/7.3.1/../../../../arm-none-eabi/lib/thumb/v7e-m/fpv4-sp/hard\libm.a(lib_a-sf_finite.o)
 .ARM.attributes
                0x000000000000099a       0x34 c:/st/stm32cubeide_1.4.0/stm32cubeide/plugins/com.st.stm32cube.ide.mcu.externaltools.gnu-tools-for-stm32.7-2018-q2-update.win32_1.4.0.202007081208/tools/bin/../lib/gcc/arm-none-eabi/7.3.1/../../../../arm-none-eabi/lib/thumb/v7e-m/fpv4-sp/hard\libm.a(lib_a-sf_nan.o)
 .ARM.attributes
                0x00000000000009ce       0x34 c:/st/stm32cubeide_1.4.0/stm32cubeide/plugins/com.st.stm32cube.ide.mcu.externaltools.gnu-tools-for-stm32.7-2018-q2-update.win32_1.4.0.202007081208/tools/bin/../lib/gcc/arm-none-eabi/7.3.1/../../../../arm-none-eabi/lib/thumb/v7e-m/fpv4-sp/hard\libm.a(lib_a-sf_rint.o)
 .ARM.attributes
                0x0000000000000a02       0x34 c:/st/stm32cubeide_1.4.0/stm32cubeide/plugins/com.st.stm32cube.ide.mcu.externaltools.gnu-tools-for-stm32.7-2018-q2-update.win32_1.4.0.202007081208/tools/bin/../lib/gcc/arm-none-eabi/7.3.1/../../../../arm-none-eabi/lib/thumb/v7e-m/fpv4-sp/hard\libm.a(lib_a-sf_scalbn.o)
 .ARM.attributes
                0x0000000000000a36       0x34 c:/st/stm32cubeide_1.4.0/stm32cubeide/plugins/com.st.stm32cube.ide.mcu.externaltools.gnu-tools-for-stm32.7-2018-q2-update.win32_1.4.0.202007081208/tools/bin/../lib/gcc/arm-none-eabi/7.3.1/../../../../arm-none-eabi/lib/thumb/v7e-m/fpv4-sp/hard\libm.a(lib_a-sf_copysign.o)
 .ARM.attributes
                0x0000000000000a6a       0x34 c:/st/stm32cubeide_1.4.0/stm32cubeide/plugins/com.st.stm32cube.ide.mcu.externaltools.gnu-tools-for-stm32.7-2018-q2-update.win32_1.4.0.202007081208/tools/bin/../lib/gcc/arm-none-eabi/7.3.1/../../../../arm-none-eabi/lib/thumb/v7e-m/fpv4-sp/hard\libc_nano.a(lib_a-errno.o)
 .ARM.attributes
                0x0000000000000a9e       0x22 c:/st/stm32cubeide_1.4.0/stm32cubeide/plugins/com.st.stm32cube.ide.mcu.externaltools.gnu-tools-for-stm32.7-2018-q2-update.win32_1.4.0.202007081208/tools/bin/../lib/gcc/arm-none-eabi/7.3.1/thumb/v7e-m/fpv4-sp/hard\libgcc.a(_arm_addsubdf3.o)
 .ARM.attributes
                0x0000000000000ac0       0x22 c:/st/stm32cubeide_1.4.0/stm32cubeide/plugins/com.st.stm32cube.ide.mcu.externaltools.gnu-tools-for-stm32.7-2018-q2-update.win32_1.4.0.202007081208/tools/bin/../lib/gcc/arm-none-eabi/7.3.1/thumb/v7e-m/fpv4-sp/hard\libgcc.a(_arm_truncdfsf2.o)
 .ARM.attributes
                0x0000000000000ae2       0x22 c:/st/stm32cubeide_1.4.0/stm32cubeide/plugins/com.st.stm32cube.ide.mcu.externaltools.gnu-tools-for-stm32.7-2018-q2-update.win32_1.4.0.202007081208/tools/bin/../lib/gcc/arm-none-eabi/7.3.1/thumb/v7e-m/fpv4-sp/hard\libgcc.a(_aeabi_uldivmod.o)
 .ARM.attributes
                0x0000000000000b04       0x34 c:/st/stm32cubeide_1.4.0/stm32cubeide/plugins/com.st.stm32cube.ide.mcu.externaltools.gnu-tools-for-stm32.7-2018-q2-update.win32_1.4.0.202007081208/tools/bin/../lib/gcc/arm-none-eabi/7.3.1/thumb/v7e-m/fpv4-sp/hard\libgcc.a(_udivmoddi4.o)
 .ARM.attributes
                0x0000000000000b38       0x22 c:/st/stm32cubeide_1.4.0/stm32cubeide/plugins/com.st.stm32cube.ide.mcu.externaltools.gnu-tools-for-stm32.7-2018-q2-update.win32_1.4.0.202007081208/tools/bin/../lib/gcc/arm-none-eabi/7.3.1/thumb/v7e-m/fpv4-sp/hard\libgcc.a(_dvmd_tls.o)
 .ARM.attributes
                0x0000000000000b5a       0x22 c:/st/stm32cubeide_1.4.0/stm32cubeide/plugins/com.st.stm32cube.ide.mcu.externaltools.gnu-tools-for-stm32.7-2018-q2-update.win32_1.4.0.202007081208/tools/bin/../lib/gcc/arm-none-eabi/7.3.1/thumb/v7e-m/fpv4-sp/hard/crtn.o
OUTPUT(STM32F411E-DISCO.elf elf32-littlearm)

.debug_line     0x0000000000000000    0x1681f
 .debug_line    0x0000000000000000      0x104 Application/SW4STM32/startup_stm32f411xe.o
 .debug_line    0x0000000000000104      0x823 Application/User/MY_FLASH.o
 .debug_line    0x0000000000000927      0xf8e Application/User/main.o
 .debug_line    0x00000000000018b5      0xf7e Application/User/stm32f4xx_it.o
 .debug_line    0x0000000000002833      0xc93 Application/User/usbh_conf.o
 .debug_line    0x00000000000034c6      0xfbf Application/User/waveplayer.o
 .debug_line    0x0000000000004485     0x1018 Application/User/waverecorder.o
 .debug_line    0x000000000000549d      0x5df Drivers/BSP/Components/cs43l22.o
 .debug_line    0x0000000000005a7c      0x618 Drivers/BSP/Components/lsm303dlhc.o
 .debug_line    0x0000000000006094      0xa89 Drivers/BSP/STM32F411E-Discovery/stm32f411e_discovery.o
 .debug_line    0x0000000000006b1d      0x949 Drivers/BSP/STM32F411E-Discovery/stm32f411e_discovery_accelerometer.o
 .debug_line    0x0000000000007466      0xcf6 Drivers/BSP/STM32F411E-Discovery/stm32f411e_discovery_audio.o
 .debug_line    0x000000000000815c      0x832 Drivers/CMSIS/system_stm32f4xx.o
 .debug_line    0x000000000000898e      0x9b8 Drivers/STM32F4xx_HAL_Drivers/stm32f4xx_hal.o
 .debug_line    0x0000000000009346      0xa39 Drivers/STM32F4xx_HAL_Drivers/stm32f4xx_hal_cortex.o
 .debug_line    0x0000000000009d7f      0xb07 Drivers/STM32F4xx_HAL_Drivers/stm32f4xx_hal_dma.o
 .debug_line    0x000000000000a886      0x9d0 Drivers/STM32F4xx_HAL_Drivers/stm32f4xx_hal_flash.o
 .debug_line    0x000000000000b256      0x9f2 Drivers/STM32F4xx_HAL_Drivers/stm32f4xx_hal_flash_ex.o
 .debug_line    0x000000000000bc48      0x96d Drivers/STM32F4xx_HAL_Drivers/stm32f4xx_hal_gpio.o
 .debug_line    0x000000000000c5b5      0xb7e Drivers/STM32F4xx_HAL_Drivers/stm32f4xx_hal_hcd.o
 .debug_line    0x000000000000d133     0x220a Drivers/STM32F4xx_HAL_Drivers/stm32f4xx_hal_i2c.o
 .debug_line    0x000000000000f33d      0xc6d Drivers/STM32F4xx_HAL_Drivers/stm32f4xx_hal_i2s.o
 .debug_line    0x000000000000ffaa      0xafd Drivers/STM32F4xx_HAL_Drivers/stm32f4xx_hal_i2s_ex.o
 .debug_line    0x0000000000010aa7      0xa82 Drivers/STM32F4xx_HAL_Drivers/stm32f4xx_hal_rcc.o
 .debug_line    0x0000000000011529      0x943 Drivers/STM32F4xx_HAL_Drivers/stm32f4xx_hal_rcc_ex.o
 .debug_line    0x0000000000011e6c     0x165e Drivers/STM32F4xx_HAL_Drivers/stm32f4xx_hal_tim.o
 .debug_line    0x00000000000134ca      0xc0d Drivers/STM32F4xx_HAL_Drivers/stm32f4xx_hal_tim_ex.o
 .debug_line    0x00000000000140d7      0xeda Drivers/STM32F4xx_HAL_Drivers/stm32f4xx_ll_usb.o
 .debug_line    0x0000000000014fb1      0xd7f Middlewares/STM32_USBH_Library/Core/usbh_core.o
 .debug_line    0x0000000000015d30      0xaef Middlewares/STM32_USBH_Library/Core/usbh_pipes.o

.debug_info     0x0000000000000000    0x256d9
 .debug_info    0x0000000000000000       0x22 Application/SW4STM32/startup_stm32f411xe.o
 .debug_info    0x0000000000000022      0x429 Application/User/MY_FLASH.o
 .debug_info    0x000000000000044b     0x2756 Application/User/main.o
 .debug_info    0x0000000000002ba1     0x2272 Application/User/stm32f4xx_it.o
 .debug_info    0x0000000000004e13     0x234f Application/User/usbh_conf.o
 .debug_info    0x0000000000007162     0x1eca Application/User/waveplayer.o
 .debug_info    0x000000000000902c     0x1d6b Application/User/waverecorder.o
 .debug_info    0x000000000000ad97     0x12cb Drivers/BSP/Components/cs43l22.o
 .debug_info    0x000000000000c062      0xaf1 Drivers/BSP/Components/lsm303dlhc.o
 .debug_info    0x000000000000cb53     0x1b69 Drivers/BSP/STM32F411E-Discovery/stm32f411e_discovery.o
 .debug_info    0x000000000000e6bc      0x491 Drivers/BSP/STM32F411E-Discovery/stm32f411e_discovery_accelerometer.o
 .debug_info    0x000000000000eb4d     0x1ce0 Drivers/BSP/STM32F411E-Discovery/stm32f411e_discovery_audio.o
 .debug_info    0x000000000001082d      0x583 Drivers/CMSIS/system_stm32f4xx.o
 .debug_info    0x0000000000010db0      0x9a9 Drivers/STM32F4xx_HAL_Drivers/stm32f4xx_hal.o
 .debug_info    0x0000000000011759      0xef8 Drivers/STM32F4xx_HAL_Drivers/stm32f4xx_hal_cortex.o
 .debug_info    0x0000000000012651      0xa9c Drivers/STM32F4xx_HAL_Drivers/stm32f4xx_hal_dma.o
 .debug_info    0x00000000000130ed      0x7ab Drivers/STM32F4xx_HAL_Drivers/stm32f4xx_hal_flash.o
 .debug_info    0x0000000000013898      0xa9a Drivers/STM32F4xx_HAL_Drivers/stm32f4xx_hal_flash_ex.o
 .debug_info    0x0000000000014332      0x7e9 Drivers/STM32F4xx_HAL_Drivers/stm32f4xx_hal_gpio.o
 .debug_info    0x0000000000014b1b     0x12cc Drivers/STM32F4xx_HAL_Drivers/stm32f4xx_hal_hcd.o
 .debug_info    0x0000000000015de7     0x354a Drivers/STM32F4xx_HAL_Drivers/stm32f4xx_hal_i2c.o
 .debug_info    0x0000000000019331     0x10a8 Drivers/STM32F4xx_HAL_Drivers/stm32f4xx_hal_i2s.o
 .debug_info    0x000000000001a3d9      0xdd9 Drivers/STM32F4xx_HAL_Drivers/stm32f4xx_hal_i2s_ex.o
 .debug_info    0x000000000001b1b2      0xad4 Drivers/STM32F4xx_HAL_Drivers/stm32f4xx_hal_rcc.o
 .debug_info    0x000000000001bc86      0x71c Drivers/STM32F4xx_HAL_Drivers/stm32f4xx_hal_rcc_ex.o
 .debug_info    0x000000000001c3a2     0x34fe Drivers/STM32F4xx_HAL_Drivers/stm32f4xx_hal_tim.o
 .debug_info    0x000000000001f8a0     0x1345 Drivers/STM32F4xx_HAL_Drivers/stm32f4xx_hal_tim_ex.o
 .debug_info    0x0000000000020be5     0x1b87 Drivers/STM32F4xx_HAL_Drivers/stm32f4xx_ll_usb.o
 .debug_info    0x000000000002276c     0x1be8 Middlewares/STM32_USBH_Library/Core/usbh_core.o
 .debug_info    0x0000000000024354     0x1385 Middlewares/STM32_USBH_Library/Core/usbh_pipes.o

.debug_abbrev   0x0000000000000000     0x5341
 .debug_abbrev  0x0000000000000000       0x12 Application/SW4STM32/startup_stm32f411xe.o
 .debug_abbrev  0x0000000000000012      0x1c3 Application/User/MY_FLASH.o
 .debug_abbrev  0x00000000000001d5      0x36a Application/User/main.o
 .debug_abbrev  0x000000000000053f      0x2e7 Application/User/stm32f4xx_it.o
 .debug_abbrev  0x0000000000000826      0x386 Application/User/usbh_conf.o
 .debug_abbrev  0x0000000000000bac      0x3f6 Application/User/waveplayer.o
 .debug_abbrev  0x0000000000000fa2      0x385 Application/User/waverecorder.o
 .debug_abbrev  0x0000000000001327      0x324 Drivers/BSP/Components/cs43l22.o
 .debug_abbrev  0x000000000000164b      0x1d7 Drivers/BSP/Components/lsm303dlhc.o
 .debug_abbrev  0x0000000000001822      0x39b Drivers/BSP/STM32F411E-Discovery/stm32f411e_discovery.o