13:10:44 **** Build of configuration Debug for project STM32F411E-DISCO ****
make all 
arm-none-eabi-gcc "C:/Users/rprch/STM32Cube/Repository/STM32Cube_FW_F4_V1.25.2/Middlewares/ST/STM32_USB_Host_Library/Core/Src/usbh_core.c" -mcpu=cortex-m4 -std=gnu11 -g3 -DUSE_HAL_DRIVER -DSTM32F411xE -DUSE_STM32F411E_DISCO -c -I../../../Inc -I../../../../../../../../Drivers/CMSIS/Device/ST/STM32F4xx/Include -I../../../../../../../../Drivers/STM32F4xx_HAL_Driver/Inc -I../../../../../../../../Drivers/BSP/STM32F411E-Discovery -I../../../../../../../../Middlewares/ST/STM32_USB_Device_Library/Core/Inc -I../../../../../../../../Middlewares/ST/STM32_USB_Host_Library/Class/MSC/Inc -I../../../../../../../../Middlewares/ST/STM32_USB_Host_Library/Core/Inc -I../../../../../../../../Middlewares/ST/STM32_Audio/Addons/PDM/Inc -I../../../../../../../../Middlewares/Third_Party/FatFs/src -I../../../../../../../../Drivers/CMSIS/Include -Os -ffunction-sections -Wall -fstack-usage -MMD -MP -MF"Middlewares/STM32_USBH_Library/Core/usbh_core.d" -MT"Middlewares/STM32_USBH_Library/Core/usbh_core.o" --specs=nano.specs -mfpu=fpv4-sp-d16 -mfloat-abi=hard -mthumb -o "Middlewares/STM32_USBH_Library/Core/usbh_core.o"
arm-none-eabi-gcc "C:/Users/rprch/STM32Cube/Repository/STM32Cube_FW_F4_V1.25.2/Middlewares/ST/STM32_USB_Host_Library/Core/Src/usbh_ctlreq.c" -mcpu=cortex-m4 -std=gnu11 -g3 -DUSE_HAL_DRIVER -DSTM32F411xE -DUSE_STM32F411E_DISCO -c -I../../../Inc -I../../../../../../../../Drivers/CMSIS/Device/ST/STM32F4xx/Include -I../../../../../../../../Drivers/STM32F4xx_HAL_Driver/Inc -I../../../../../../../../Drivers/BSP/STM32F411E-Discovery -I../../../../../../../../Middlewares/ST/STM32_USB_Device_Library/Core/Inc -I../../../../../../../../Middlewares/ST/STM32_USB_Host_Library/Class/MSC/Inc -I../../../../../../../../Middlewares/ST/STM32_USB_Host_Library/Core/Inc -I../../../../../../../../Middlewares/ST/STM32_Audio/Addons/PDM/Inc -I../../../../../../../../Middlewares/Third_Party/FatFs/src -I../../../../../../../../Drivers/CMSIS/Include -Os -ffunction-sections -Wall -fstack-usage -MMD -MP -MF"Middlewares/STM32_USBH_Library/Core/usbh_ctlreq.d" -MT"Middlewares/STM32_USBH_Library/Core/usbh_ctlreq.o" --specs=nano.specs -mfpu=fpv4-sp-d16 -mfloat-abi=hard -mthumb -o "Middlewares/STM32_USBH_Library/Core/usbh_ctlreq.o"
arm-none-eabi-gcc "C:/Users/rprch/STM32Cube/Repository/STM32Cube_FW_F4_V1.25.2/Middlewares/ST/STM32_USB_Host_Library/Core/Src/usbh_ioreq.c" -mcpu=cortex-m4 -std=gnu11 -g3 -DUSE_HAL_DRIVER -DSTM32F411xE -DUSE_STM32F411E_DISCO -c -I../../../Inc -I../../../../../../../../Drivers/CMSIS/Device/ST/STM32F4xx/Include -I../../../../../../../../Drivers/STM32F4xx_HAL_Driver/Inc -I../../../../../../../../Drivers/BSP/STM32F411E-Discovery -I../../../../../../../../Middlewares/ST/STM32_USB_Device_Library/Core/Inc -I../../../../../../../../Middlewares/ST/STM32_USB_Host_Library/Class/MSC/Inc -I../../../../../../../../Middlewares/ST/STM32_USB_Host_Library/Core/Inc -I../../../../../../../../Middlewares/ST/STM32_Audio/Addons/PDM/Inc -I../../../../../../../../Middlewares/Third_Party/FatFs/src -I../../../../../../../../Drivers/CMSIS/Include -Os -ffunction-sections -Wall -fstack-usage -MMD -MP -MF"Middlewares/STM32_USBH_Library/Core/usbh_ioreq.d" -MT"Middlewares/STM32_USBH_Library/Core/usbh_ioreq.o" --specs=nano.specs -mfpu=fpv4-sp-d16 -mfloat-abi=hard -mthumb -o "Middlewares/STM32_USBH_Library/Core/usbh_ioreq.o"
arm-none-eabi-gcc "C:/Users/rprch/STM32Cube/Repository/STM32Cube_FW_F4_V1.25.2/Middlewares/ST/STM32_USB_Host_Library/Core/Src/usbh_pipes.c" -mcpu=cortex-m4 -std=gnu11 -g3 -DUSE_HAL_DRIVER -DSTM32F411xE -DUSE_STM32F411E_DISCO -c -I../../../Inc -I../../../../../../../../Drivers/CMSIS/Device/ST/STM32F4xx/Include -I../../../../../../../../Drivers/STM32F4xx_HAL_Driver/Inc -I../../../../../../../../Drivers/BSP/STM32F411E-Discovery -I../../../../../../../../Middlewares/ST/STM32_USB_Device_Library/Core/Inc -I../../../../../../../../Middlewares/ST/STM32_USB_Host_Library/Class/MSC/Inc -I../../../../../../../../Middlewares/ST/STM32_USB_Host_Library/Core/Inc -I../../../../../../../../Middlewares/ST/STM32_Audio/Addons/PDM/Inc -I../../../../../../../../Middlewares/Third_Party/FatFs/src -I../../../../../../../../Drivers/CMSIS/Include -Os -ffunction-sections -Wall -fstack-usage -MMD -MP -MF"Middlewares/STM32_USBH_Library/Core/usbh_pipes.d" -MT"Middlewares/STM32_USBH_Library/Core/usbh_pipes.o" --specs=nano.specs -mfpu=fpv4-sp-d16 -mfloat-abi=hard -mthumb -o "Middlewares/STM32_USBH_Library/Core/usbh_pipes.o"
arm-none-eabi-gcc "C:/Users/rprch/STM32Cube/Repository/STM32Cube_FW_F4_V1.25.2/Middlewares/ST/STM32_USB_Host_Library/Class/MSC/Src/usbh_msc.c" -mcpu=cortex-m4 -std=gnu11 -g3 -DUSE_HAL_DRIVER -DSTM32F411xE -DUSE_STM32F411E_DISCO -c -I../../../Inc -I../../../../../../../../Drivers/CMSIS/Device/ST/STM32F4xx/Include -I../../../../../../../../Drivers/STM32F4xx_HAL_Driver/Inc -I../../../../../../../../Drivers/BSP/STM32F411E-Discovery -I../../../../../../../../Middlewares/ST/STM32_USB_Device_Library/Core/Inc -I../../../../../../../../Middlewares/ST/STM32_USB_Host_Library/Class/MSC/Inc -I../../../../../../../../Middlewares/ST/STM32_USB_Host_Library/Core/Inc -I../../../../../../../../Middlewares/ST/STM32_Audio/Addons/PDM/Inc -I../../../../../../../../Middlewares/Third_Party/FatFs/src -I../../../../../../../../Drivers/CMSIS/Include -Os -ffunction-sections -Wall -fstack-usage -MMD -MP -MF"Middlewares/STM32_USBH_Library/Class/MSC/usbh_msc.d" -MT"Middlewares/STM32_USBH_Library/Class/MSC/usbh_msc.o" --specs=nano.specs -mfpu=fpv4-sp-d16 -mfloat-abi=hard -mthumb -o "Middlewares/STM32_USBH_Library/Class/MSC/usbh_msc.o"
arm-none-eabi-gcc "C:/Users/rprch/STM32Cube/Repository/STM32Cube_FW_F4_V1.25.2/Middlewares/ST/STM32_USB_Host_Library/Class/MSC/Src/usbh_msc_bot.c" -mcpu=cortex-m4 -std=gnu11 -g3 -DUSE_HAL_DRIVER -DSTM32F411xE -DUSE_STM32F411E_DISCO -c -I../../../Inc -I../../../../../../../../Drivers/CMSIS/Device/ST/STM32F4xx/Include -I../../../../../../../../Drivers/STM32F4xx_HAL_Driver/Inc -I../../../../../../../../Drivers/BSP/STM32F411E-Discovery -I../../../../../../../../Middlewares/ST/STM32_USB_Device_Library/Core/Inc -I../../../../../../../../Middlewares/ST/STM32_USB_Host_Library/Class/MSC/Inc -I../../../../../../../../Middlewares/ST/STM32_USB_Host_Library/Core/Inc -I../../../../../../../../Middlewares/ST/STM32_Audio/Addons/PDM/Inc -I../../../../../../../../Middlewares/Third_Party/FatFs/src -I../../../../../../../../Drivers/CMSIS/Include -Os -ffunction-sections -Wall -fstack-usage -MMD -MP -MF"Middlewares/STM32_USBH_Library/Class/MSC/usbh_msc_bot.d" -MT"Middlewares/STM32_USBH_Library/Class/MSC/usbh_msc_bot.o" --specs=nano.specs -mfpu=fpv4-sp-d16 -mfloat-abi=hard -mthumb -o "Middlewares/STM32_USBH_Library/Class/MSC/usbh_msc_bot.o"
arm-none-eabi-gcc "C:/Users/rprch/STM32Cube/Repository/STM32Cube_FW_F4_V1.25.2/Middlewares/ST/STM32_USB_Host_Library/Class/MSC/Src/usbh_msc_scsi.c" -mcpu=cortex-m4 -std=gnu11 -g3 -DUSE_HAL_DRIVER -DSTM32F411xE -DUSE_STM32F411E_DISCO -c -I../../../Inc -I../../../../../../../../Drivers/CMSIS/Device/ST/STM32F4xx/Include -I../../../../../../../../Drivers/STM32F4xx_HAL_Driver/Inc -I../../../../../../../../Drivers/BSP/STM32F411E-Discovery -I../../../../../../../../Middlewares/ST/STM32_USB_Device_Library/Core/Inc -I../../../../../../../../Middlewares/ST/STM32_USB_Host_Library/Class/MSC/Inc -I../../../../../../../../Middlewares/ST/STM32_USB_Host_Library/Core/Inc -I../../../../../../../../Middlewares/ST/STM32_Audio/Addons/PDM/Inc -I../../../../../../../../Middlewares/Third_Party/FatFs/src -I../../../../../../../../Drivers/CMSIS/Include -Os -ffunction-sections -Wall -fstack-usage -MMD -MP -MF"Middlewares/STM32_USBH_Library/Class/MSC/usbh_msc_scsi.d" -MT"Middlewares/STM32_USBH_Library/Class/MSC/usbh_msc_scsi.o" --specs=nano.specs -mfpu=fpv4-sp-d16 -mfloat-abi=hard -mthumb -o "Middlewares/STM32_USBH_Library/Class/MSC/usbh_msc_scsi.o"
arm-none-eabi-gcc "C:/Users/rprch/STM32Cube/Repository/STM32Cube_FW_F4_V1.25.2/Middlewares/Third_Party/FatFs/src/option/syscall.c" -mcpu=cortex-m4 -std=gnu11 -g3 -DUSE_HAL_DRIVER -DSTM32F411xE -DUSE_STM32F411E_DISCO -c -I../../../Inc -I../../../../../../../../Drivers/CMSIS/Device/ST/STM32F4xx/Include -I../../../../../../../../Drivers/STM32F4xx_HAL_Driver/Inc -I../../../../../../../../Drivers/BSP/STM32F411E-Discovery -I../../../../../../../../Middlewares/ST/STM32_USB_Device_Library/Core/Inc -I../../../../../../../../Middlewares/ST/STM32_USB_Host_Library/Class/MSC/Inc -I../../../../../../../../Middlewares/ST/STM32_USB_Host_Library/Core/Inc -I../../../../../../../../Middlewares/ST/STM32_Audio/Addons/PDM/Inc -I../../../../../../../../Middlewares/Third_Party/FatFs/src -I../../../../../../../../Drivers/CMSIS/Include -Os -ffunction-sections -Wall -fstack-usage -MMD -MP -MF"Middlewares/FatFs/Options/syscall.d" -MT"Middlewares/FatFs/Options/syscall.o" --specs=nano.specs -mfpu=fpv4-sp-d16 -mfloat-abi=hard -mthumb -o "Middlewares/FatFs/Options/syscall.o"
arm-none-eabi-gcc "C:/Users/rprch/STM32Cube/Repository/STM32Cube_FW_F4_V1.25.2/Middlewares/Third_Party/FatFs/src/option/unicode.c" -mcpu=cortex-m4 -std=gnu11 -g3 -DUSE_HAL_DRIVER -DSTM32F411xE -DUSE_STM32F411E_DISCO -c -I../../../Inc -I../../../../../../../../Drivers/CMSIS/Device/ST/STM32F4xx/Include -I../../../../../../../../Drivers/STM32F4xx_HAL_Driver/Inc -I../../../../../../../../Drivers/BSP/STM32F411E-Discovery -I../../../../../../../../Middlewares/ST/STM32_USB_Device_Library/Core/Inc -I../../../../../../../../Middlewares/ST/STM32_USB_Host_Library/Class/MSC/Inc -I../../../../../../../../Middlewares/ST/STM32_USB_Host_Library/Core/Inc -I../../../../../../../../Middlewares/ST/STM32_Audio/Addons/PDM/Inc -I../../../../../../../../Middlewares/Third_Party/FatFs/src -I../../../../../../../../Drivers/CMSIS/Include -Os -ffunction-sections -Wall -fstack-usage -MMD -MP -MF"Middlewares/FatFs/Options/unicode.d" -MT"Middlewares/FatFs/Options/unicode.o" --specs=nano.specs -mfpu=fpv4-sp-d16 -mfloat-abi=hard -mthumb -o "Middlewares/FatFs/Options/unicode.o"
arm-none-eabi-gcc "C:/Users/rprch/STM32Cube/Repository/STM32Cube_FW_F4_V1.25.2/Projects/STM32F411E-Discovery/Applications/Audio/Audio_playback_and_record/Src/usbh_diskio_dma.c" -mcpu=cortex-m4 -std=gnu11 -g3 -DUSE_HAL_DRIVER -DSTM32F411xE -DUSE_STM32F411E_DISCO -c -I../../../Inc -I../../../../../../../../Drivers/CMSIS/Device/ST/STM32F4xx/Include -I../../../../../../../../Drivers/STM32F4xx_HAL_Driver/Inc -I../../../../../../../../Drivers/BSP/STM32F411E-Discovery -I../../../../../../../../Middlewares/ST/STM32_USB_Device_Library/Core/Inc -I../../../../../../../../Middlewares/ST/STM32_USB_Host_Library/Class/MSC/Inc -I../../../../../../../../Middlewares/ST/STM32_USB_Host_Library/Core/Inc -I../../../../../../../../Middlewares/ST/STM32_Audio/Addons/PDM/Inc -I../../../../../../../../Middlewares/Third_Party/FatFs/src -I../../../../../../../../Drivers/CMSIS/Include -Os -ffunction-sections -Wall -fstack-usage -MMD -MP -MF"Middlewares/FatFs/Drivers/usbh_diskio_dma.d" -MT"Middlewares/FatFs/Drivers/usbh_diskio_dma.o" --specs=nano.specs -mfpu=fpv4-sp-d16 -mfloat-abi=hard -mthumb -o "Middlewares/FatFs/Drivers/usbh_diskio_dma.o"
arm-none-eabi-gcc "C:/Users/rprch/STM32Cube/Repository/STM32Cube_FW_F4_V1.25.2/Middlewares/Third_Party/FatFs/src/diskio.c" -mcpu=cortex-m4 -std=gnu11 -g3 -DUSE_HAL_DRIVER -DSTM32F411xE -DUSE_STM32F411E_DISCO -c -I../../../Inc -I../../../../../../../../Drivers/CMSIS/Device/ST/STM32F4xx/Include -I../../../../../../../../Drivers/STM32F4xx_HAL_Driver/Inc -I../../../../../../../../Drivers/BSP/STM32F411E-Discovery -I../../../../../../../../Middlewares/ST/STM32_USB_Device_Library/Core/Inc -I../../../../../../../../Middlewares/ST/STM32_USB_Host_Library/Class/MSC/Inc -I../../../../../../../../Middlewares/ST/STM32_USB_Host_Library/Core/Inc -I../../../../../../../../Middlewares/ST/STM32_Audio/Addons/PDM/Inc -I../../../../../../../../Middlewares/Third_Party/FatFs/src -I../../../../../../../../Drivers/CMSIS/Include -Os -ffunction-sections -Wall -fstack-usage -MMD -MP -MF"Middlewares/FatFs/Core/diskio.d" -MT"Middlewares/FatFs/Core/diskio.o" --specs=nano.specs -mfpu=fpv4-sp-d16 -mfloat-abi=hard -mthumb -o "Middlewares/FatFs/Core/diskio.o"
arm-none-eabi-gcc "C:/Users/rprch/STM32Cube/Repository/STM32Cube_FW_F4_V1.25.2/Middlewares/Third_Party/FatFs/src/ff.c" -mcpu=cortex-m4 -std=gnu11 -g3 -DUSE_HAL_DRIVER -DSTM32F411xE -DUSE_STM32F411E_DISCO -c -I../../../Inc -I../../../../../../../../Drivers/CMSIS/Device/ST/STM32F4xx/Include -I../../../../../../../../Drivers/STM32F4xx_HAL_Driver/Inc -I../../../../../../../../Drivers/BSP/STM32F411E-Discovery -I../../../../../../../../Middlewares/ST/STM32_USB_Device_Library/Core/Inc -I../../../../../../../../Middlewares/ST/STM32_USB_Host_Library/Class/MSC/Inc -I../../../../../../../../Middlewares/ST/STM32_USB_Host_Library/Core/Inc -I../../../../../../../../Middlewares/ST/STM32_Audio/Addons/PDM/Inc -I../../../../../../../../Middlewares/Third_Party/FatFs/src -I../../../../../../../../Drivers/CMSIS/Include -Os -ffunction-sections -Wall -fstack-usage -MMD -MP -MF"Middlewares/FatFs/Core/ff.d" -MT"Middlewares/FatFs/Core/ff.o" --specs=nano.specs -mfpu=fpv4-sp-d16 -mfloat-abi=hard -mthumb -o "Middlewares/FatFs/Core/ff.o"
arm-none-eabi-gcc "C:/Users/rprch/STM32Cube/Repository/STM32Cube_FW_F4_V1.25.2/Middlewares/Third_Party/FatFs/src/ff_gen_drv.c" -mcpu=cortex-m4 -std=gnu11 -g3 -DUSE_HAL_DRIVER -DSTM32F411xE -DUSE_STM32F411E_DISCO -c -I../../../Inc -I../../../../../../../../Drivers/CMSIS/Device/ST/STM32F4xx/Include -I../../../../../../../../Drivers/STM32F4xx_HAL_Driver/Inc -I../../../../../../../../Drivers/BSP/STM32F411E-Discovery -I../../../../../../../../Middlewares/ST/STM32_USB_Device_Library/Core/Inc -I../../../../../../../../Middlewares/ST/STM32_USB_Host_Library/Class/MSC/Inc -I../../../../../../../../Middlewares/ST/STM32_USB_Host_Library/Core/Inc -I../../../../../../../../Middlewares/ST/STM32_Audio/Addons/PDM/Inc -I../../../../../../../../Middlewares/Third_Party/FatFs/src -I../../../../../../../../Drivers/CMSIS/Include -Os -ffunction-sections -Wall -fstack-usage -MMD -MP -MF"Middlewares/FatFs/Core/ff_gen_drv.d" -MT"Middlewares/FatFs/Core/ff_gen_drv.o" --specs=nano.specs -mfpu=fpv4-sp-d16 -mfloat-abi=hard -mthumb -o "Middlewares/FatFs/Core/ff_gen_drv.o"
arm-none-eabi-gcc "C:/Users/rprch/STM32Cube/Repository/STM32Cube_FW_F4_V1.25.2/Drivers/STM32F4xx_HAL_Driver/Src/stm32f4xx_hal.c" -mcpu=cortex-m4 -std=gnu11 -g3 -DUSE_HAL_DRIVER -DSTM32F411xE -DUSE_STM32F411E_DISCO -c -I../../../Inc -I../../../../../../../../Drivers/CMSIS/Device/ST/STM32F4xx/Include -I../../../../../../../../Drivers/STM32F4xx_HAL_Driver/Inc -I../../../../../../../../Drivers/BSP/STM32F411E-Discovery -I../../../../../../../../Middlewares/ST/STM32_USB_Device_Library/Core/Inc -I../../../../../../../../Middlewares/ST/STM32_USB_Host_Library/Class/MSC/Inc -I../../../../../../../../Middlewares/ST/STM32_USB_Host_Library/Core/Inc -I../../../../../../../../Middlewares/ST/STM32_Audio/Addons/PDM/Inc -I../../../../../../../../Middlewares/Third_Party/FatFs/src -I../../../../../../../../Drivers/CMSIS/Include -Os -ffunction-sections -Wall -fstack-usage -MMD -MP -MF"Drivers/STM32F4xx_HAL_Drivers/stm32f4xx_hal.d" -MT"Drivers/STM32F4xx_HAL_Drivers/stm32f4xx_hal.o" --specs=nano.specs -mfpu=fpv4-sp-d16 -mfloat-abi=hard -mthumb -o "Drivers/STM32F4xx_HAL_Drivers/stm32f4xx_hal.o"
arm-none-eabi-gcc "C:/Users/rprch/STM32Cube/Repository/STM32Cube_FW_F4_V1.25.2/Drivers/STM32F4xx_HAL_Driver/Src/stm32f4xx_hal_cortex.c" -mcpu=cortex-m4 -std=gnu11 -g3 -DUSE_HAL_DRIVER -DSTM32F411xE -DUSE_STM32F411E_DISCO -c -I../../../Inc -I../../../../../../../../Drivers/CMSIS/Device/ST/STM32F4xx/Include -I../../../../../../../../Drivers/STM32F4xx_HAL_Driver/Inc -I../../../../../../../../Drivers/BSP/STM32F411E-Discovery -I../../../../../../../../Middlewares/ST/STM32_USB_Device_Library/Core/Inc -I../../../../../../../../Middlewares/ST/STM32_USB_Host_Library/Class/MSC/Inc -I../../../../../../../../Middlewares/ST/STM32_USB_Host_Library/Core/Inc -I../../../../../../../../Middlewares/ST/STM32_Audio/Addons/PDM/Inc -I../../../../../../../../Middlewares/Third_Party/FatFs/src -I../../../../../../../../Drivers/CMSIS/Include -Os -ffunction-sections -Wall -fstack-usage -MMD -MP -MF"Drivers/STM32F4xx_HAL_Drivers/stm32f4xx_hal_cortex.d" -MT"Drivers/STM32F4xx_HAL_Drivers/stm32f4xx_hal_cortex.o" --specs=nano.specs -mfpu=fpv4-sp-d16 -mfloat-abi=hard -mthumb -o "Drivers/STM32F4xx_HAL_Drivers/stm32f4xx_hal_cortex.o"
arm-none-eabi-gcc "C:/Users/rprch/STM32Cube/Repository/STM32Cube_FW_F4_V1.25.2/Drivers/STM32F4xx_HAL_Driver/Src/stm32f4xx_hal_dma.c" -mcpu=cortex-m4 -std=gnu11 -g3 -DUSE_HAL_DRIVER -DSTM32F411xE -DUSE_STM32F411E_DISCO -c -I../../../Inc -I../../../../../../../../Drivers/CMSIS/Device/ST/STM32F4xx/Include -I../../../../../../../../Drivers/STM32F4xx_HAL_Driver/Inc -I../../../../../../../../Drivers/BSP/STM32F411E-Discovery -I../../../../../../../../Middlewares/ST/STM32_USB_Device_Library/Core/Inc -I../../../../../../../../Middlewares/ST/STM32_USB_Host_Library/Class/MSC/Inc -I../../../../../../../../Middlewares/ST/STM32_USB_Host_Library/Core/Inc -I../../../../../../../../Middlewares/ST/STM32_Audio/Addons/PDM/Inc -I../../../../../../../../Middlewares/Third_Party/FatFs/src -I../../../../../../../../Drivers/CMSIS/Include -Os -ffunction-sections -Wall -fstack-usage -MMD -MP -MF"Drivers/STM32F4xx_HAL_Drivers/stm32f4xx_hal_dma.d" -MT"Drivers/STM32F4xx_HAL_Drivers/stm32f4xx_hal_dma.o" --specs=nano.specs -mfpu=fpv4-sp-d16 -mfloat-abi=hard -mthumb -o "Drivers/STM32F4xx_HAL_Drivers/stm32f4xx_hal_dma.o"
arm-none-eabi-gcc "C:/Users/rprch/STM32Cube/Repository/STM32Cube_FW_F4_V1.25.2/Drivers/STM32F4xx_HAL_Driver/Src/stm32f4xx_hal_dma_ex.c" -mcpu=cortex-m4 -std=gnu11 -g3 -DUSE_HAL_DRIVER -DSTM32F411xE -DUSE_STM32F411E_DISCO -c -I../../../Inc -I../../../../../../../../Drivers/CMSIS/Device/ST/STM32F4xx/Include -I../../../../../../../../Drivers/STM32F4xx_HAL_Driver/Inc -I../../../../../../../../Drivers/BSP/STM32F411E-Discovery -I../../../../../../../../Middlewares/ST/STM32_USB_Device_Library/Core/Inc -I../../../../../../../../Middlewares/ST/STM32_USB_Host_Library/Class/MSC/Inc -I../../../../../../../../Middlewares/ST/STM32_USB_Host_Library/Core/Inc -I../../../../../../../../Middlewares/ST/STM32_Audio/Addons/PDM/Inc -I../../../../../../../../Middlewares/Third_Party/FatFs/src -I../../../../../../../../Drivers/CMSIS/Include -Os -ffunction-sections -Wall -fstack-usage -MMD -MP -MF"Drivers/STM32F4xx_HAL_Drivers/stm32f4xx_hal_dma_ex.d" -MT"Drivers/STM32F4xx_HAL_Drivers/stm32f4xx_hal_dma_ex.o" --specs=nano.specs -mfpu=fpv4-sp-d16 -mfloat-abi=hard -mthumb -o "Drivers/STM32F4xx_HAL_Drivers/stm32f4xx_hal_dma_ex.o"
arm-none-eabi-gcc "C:/Users/rprch/STM32Cube/Repository/STM32Cube_FW_F4_V1.25.2/Drivers/STM32F4xx_HAL_Driver/Src/stm32f4xx_hal_flash.c" -mcpu=cortex-m4 -std=gnu11 -g3 -DUSE_HAL_DRIVER -DSTM32F411xE -DUSE_STM32F411E_DISCO -c -I../../../Inc -I../../../../../../../../Drivers/CMSIS/Device/ST/STM32F4xx/Include -I../../../../../../../../Drivers/STM32F4xx_HAL_Driver/Inc -I../../../../../../../../Drivers/BSP/STM32F411E-Discovery -I../../../../../../../../Middlewares/ST/STM32_USB_Device_Library/Core/Inc -I../../../../../../../../Middlewares/ST/STM32_USB_Host_Library/Class/MSC/Inc -I../../../../../../../../Middlewares/ST/STM32_USB_Host_Library/Core/Inc -I../../../../../../../../Middlewares/ST/STM32_Audio/Addons/PDM/Inc -I../../../../../../../../Middlewares/Third_Party/FatFs/src -I../../../../../../../../Drivers/CMSIS/Include -Os -ffunction-sections -Wall -fstack-usage -MMD -MP -MF"Drivers/STM32F4xx_HAL_Drivers/stm32f4xx_hal_flash.d" -MT"Drivers/STM32F4xx_HAL_Drivers/stm32f4xx_hal_flash.o" --specs=nano.specs -mfpu=fpv4-sp-d16 -mfloat-abi=hard -mthumb -o "Drivers/STM32F4xx_HAL_Drivers/stm32f4xx_hal_flash.o"
arm-none-eabi-gcc "C:/Users/rprch/STM32Cube/Repository/STM32Cube_FW_F4_V1.25.2/Drivers/STM32F4xx_HAL_Driver/Src/stm32f4xx_hal_flash_ex.c" -mcpu=cortex-m4 -std=gnu11 -g3 -DUSE_HAL_DRIVER -DSTM32F411xE -DUSE_STM32F411E_DISCO -c -I../../../Inc -I../../../../../../../../Drivers/CMSIS/Device/ST/STM32F4xx/Include -I../../../../../../../../Drivers/STM32F4xx_HAL_Driver/Inc -I../../../../../../../../Drivers/BSP/STM32F411E-Discovery -I../../../../../../../../Middlewares/ST/STM32_USB_Device_Library/Core/Inc -I../../../../../../../../Middlewares/ST/STM32_USB_Host_Library/Class/MSC/Inc -I../../../../../../../../Middlewares/ST/STM32_USB_Host_Library/Core/Inc -I../../../../../../../../Middlewares/ST/STM32_Audio/Addons/PDM/Inc -I../../../../../../../../Middlewares/Third_Party/FatFs/src -I../../../../../../../../Drivers/CMSIS/Include -Os -ffunction-sections -Wall -fstack-usage -MMD -MP -MF"Drivers/STM32F4xx_HAL_Drivers/stm32f4xx_hal_flash_ex.d" -MT"Drivers/STM32F4xx_HAL_Drivers/stm32f4xx_hal_flash_ex.o" --specs=nano.specs -mfpu=fpv4-sp-d16 -mfloat-abi=hard -mthumb -o "Drivers/STM32F4xx_HAL_Drivers/stm32f4xx_hal_flash_ex.o"
arm-none-eabi-gcc "C:/Users/rprch/STM32Cube/Repository/STM32Cube_FW_F4_V1.25.2/Drivers/STM32F4xx_HAL_Driver/Src/stm32f4xx_hal_gpio.c" -mcpu=cortex-m4 -std=gnu11 -g3 -DUSE_HAL_DRIVER -DSTM32F411xE -DUSE_STM32F411E_DISCO -c -I../../../Inc -I../../../../../../../../Drivers/CMSIS/Device/ST/STM32F4xx/Include -I../../../../../../../../Drivers/STM32F4xx_HAL_Driver/Inc -I../../../../../../../../Drivers/BSP/STM32F411E-Discovery -I../../../../../../../../Middlewares/ST/STM32_USB_Device_Library/Core/Inc -I../../../../../../../../Middlewares/ST/STM32_USB_Host_Library/Class/MSC/Inc -I../../../../../../../../Middlewares/ST/STM32_USB_Host_Library/Core/Inc -I../../../../../../../../Middlewares/ST/STM32_Audio/Addons/PDM/Inc -I../../../../../../../../Middlewares/Third_Party/FatFs/src -I../../../../../../../../Drivers/CMSIS/Include -Os -ffunction-sections -Wall -fstack-usage -MMD -MP -MF"Drivers/STM32F4xx_HAL_Drivers/stm32f4xx_hal_gpio.d" -MT"Drivers/STM32F4xx_HAL_Drivers/stm32f4xx_hal_gpio.o" --specs=nano.specs -mfpu=fpv4-sp-d16 -mfloat-abi=hard -mthumb -o "Drivers/STM32F4xx_HAL_Drivers/stm32f4xx_hal_gpio.o"
arm-none-eabi-gcc "C:/Users/rprch/STM32Cube/Repository/STM32Cube_FW_F4_V1.25.2/Drivers/STM32F4xx_HAL_Driver/Src/stm32f4xx_hal_hcd.c" -mcpu=cortex-m4 -std=gnu11 -g3 -DUSE_HAL_DRIVER -DSTM32F411xE -DUSE_STM32F411E_DISCO -c -I../../../Inc -I../../../../../../../../Drivers/CMSIS/Device/ST/STM32F4xx/Include -I../../../../../../../../Drivers/STM32F4xx_HAL_Driver/Inc -I../../../../../../../../Drivers/BSP/STM32F411E-Discovery -I../../../../../../../../Middlewares/ST/STM32_USB_Device_Library/Core/Inc -I../../../../../../../../Middlewares/ST/STM32_USB_Host_Library/Class/MSC/Inc -I../../../../../../../../Middlewares/ST/STM32_USB_Host_Library/Core/Inc -I../../../../../../../../Middlewares/ST/STM32_Audio/Addons/PDM/Inc -I../../../../../../../../Middlewares/Third_Party/FatFs/src -I../../../../../../../../Drivers/CMSIS/Include -Os -ffunction-sections -Wall -fstack-usage -MMD -MP -MF"Drivers/STM32F4xx_HAL_Drivers/stm32f4xx_hal_hcd.d" -MT"Drivers/STM32F4xx_HAL_Drivers/stm32f4xx_hal_hcd.o" --specs=nano.specs -mfpu=fpv4-sp-d16 -mfloat-abi=hard -mthumb -o "Drivers/STM32F4xx_HAL_Drivers/stm32f4xx_hal_hcd.o"
arm-none-eabi-gcc "C:/Users/rprch/STM32Cube/Repository/STM32Cube_FW_F4_V1.25.2/Drivers/STM32F4xx_HAL_Driver/Src/stm32f4xx_hal_i2c.c" -mcpu=cortex-m4 -std=gnu11 -g3 -DUSE_HAL_DRIVER -DSTM32F411xE -DUSE_STM32F411E_DISCO -c -I../../../Inc -I../../../../../../../../Drivers/CMSIS/Device/ST/STM32F4xx/Include -I../../../../../../../../Drivers/STM32F4xx_HAL_Driver/Inc -I../../../../../../../../Drivers/BSP/STM32F411E-Discovery -I../../../../../../../../Middlewares/ST/STM32_USB_Device_Library/Core/Inc -I../../../../../../../../Middlewares/ST/STM32_USB_Host_Library/Class/MSC/Inc -I../../../../../../../../Middlewares/ST/STM32_USB_Host_Library/Core/Inc -I../../../../../../../../Middlewares/ST/STM32_Audio/Addons/PDM/Inc -I../../../../../../../../Middlewares/Third_Party/FatFs/src -I../../../../../../../../Drivers/CMSIS/Include -Os -ffunction-sections -Wall -fstack-usage -MMD -MP -MF"Drivers/STM32F4xx_HAL_Drivers/stm32f4xx_hal_i2c.d" -MT"Drivers/STM32F4xx_HAL_Drivers/stm32f4xx_hal_i2c.o" --specs=nano.specs -mfpu=fpv4-sp-d16 -mfloat-abi=hard -mthumb -o "Drivers/STM32F4xx_HAL_Drivers/stm32f4xx_hal_i2c.o"
arm-none-eabi-gcc "C:/Users/rprch/STM32Cube/Repository/STM32Cube_FW_F4_V1.25.2/Drivers/STM32F4xx_HAL_Driver/Src/stm32f4xx_hal_i2c_ex.c" -mcpu=cortex-m4 -std=gnu11 -g3 -DUSE_HAL_DRIVER -DSTM32F411xE -DUSE_STM32F411E_DISCO -c -I../../../Inc -I../../../../../../../../Drivers/CMSIS/Device/ST/STM32F4xx/Include -I../../../../../../../../Drivers/STM32F4xx_HAL_Driver/Inc -I../../../../../../../../Drivers/BSP/STM32F411E-Discovery -I../../../../../../../../Middlewares/ST/STM32_USB_Device_Library/Core/Inc -I../../../../../../../../Middlewares/ST/STM32_USB_Host_Library/Class/MSC/Inc -I../../../../../../../../Middlewares/ST/STM32_USB_Host_Library/Core/Inc -I../../../../../../../../Middlewares/ST/STM32_Audio/Addons/PDM/Inc -I../../../../../../../../Middlewares/Third_Party/FatFs/src -I../../../../../../../../Drivers/CMSIS/Include -Os -ffunction-sections -Wall -fstack-usage -MMD -MP -MF"Drivers/STM32F4xx_HAL_Drivers/stm32f4xx_hal_i2c_ex.d" -MT"Drivers/STM32F4xx_HAL_Drivers/stm32f4xx_hal_i2c_ex.o" --specs=nano.specs -mfpu=fpv4-sp-d16 -mfloat-abi=hard -mthumb -o "Drivers/STM32F4xx_HAL_Drivers/stm32f4xx_hal_i2c_ex.o"
arm-none-eabi-gcc "C:/Users/rprch/STM32Cube/Repository/STM32Cube_FW_F4_V1.25.2/Drivers/STM32F4xx_HAL_Driver/Src/stm32f4xx_hal_i2s.c" -mcpu=cortex-m4 -std=gnu11 -g3 -DUSE_HAL_DRIVER -DSTM32F411xE -DUSE_STM32F411E_DISCO -c -I../../../Inc -I../../../../../../../../Drivers/CMSIS/Device/ST/STM32F4xx/Include -I../../../../../../../../Drivers/STM32F4xx_HAL_Driver/Inc -I../../../../../../../../Drivers/BSP/STM32F411E-Discovery -I../../../../../../../../Middlewares/ST/STM32_USB_Device_Library/Core/Inc -I../../../../../../../../Middlewares/ST/STM32_USB_Host_Library/Class/MSC/Inc -I../../../../../../../../Middlewares/ST/STM32_USB_Host_Library/Core/Inc -I../../../../../../../../Middlewares/ST/STM32_Audio/Addons/PDM/Inc -I../../../../../../../../Middlewares/Third_Party/FatFs/src -I../../../../../../../../Drivers/CMSIS/Include -Os -ffunction-sections -Wall -fstack-usage -MMD -MP -MF"Drivers/STM32F4xx_HAL_Drivers/stm32f4xx_hal_i2s.d" -MT"Drivers/STM32F4xx_HAL_Drivers/stm32f4xx_hal_i2s.o" --specs=nano.specs -mfpu=fpv4-sp-d16 -mfloat-abi=hard -mthumb -o "Drivers/STM32F4xx_HAL_Drivers/stm32f4xx_hal_i2s.o"
arm-none-eabi-gcc "C:/Users/rprch/STM32Cube/Repository/STM32Cube_FW_F4_V1.25.2/Drivers/STM32F4xx_HAL_Driver/Src/stm32f4xx_hal_i2s_ex.c" -mcpu=cortex-m4 -std=gnu11 -g3 -DUSE_HAL_DRIVER -DSTM32F411xE -DUSE_STM32F411E_DISCO -c -I../../../Inc -I../../../../../../../../Drivers/CMSIS/Device/ST/STM32F4xx/Include -I../../../../../../../../Drivers/STM32F4xx_HAL_Driver/Inc -I../../../../../../../../Drivers/BSP/STM32F411E-Discovery -I../../../../../../../../Middlewares/ST/STM32_USB_Device_Library/Core/Inc -I../../../../../../../../Middlewares/ST/STM32_USB_Host_Library/Class/MSC/Inc -I../../../../../../../../Middlewares/ST/STM32_USB_Host_Library/Core/Inc -I../../../../../../../../Middlewares/ST/STM32_Audio/Addons/PDM/Inc -I../../../../../../../../Middlewares/Third_Party/FatFs/src -I../../../../../../../../Drivers/CMSIS/Include -Os -ffunction-sections -Wall -fstack-usage -MMD -MP -MF"Drivers/STM32F4xx_HAL_Drivers/stm32f4xx_hal_i2s_ex.d" -MT"Drivers/STM32F4xx_HAL_Drivers/stm32f4xx_hal_i2s_ex.o" --specs=nano.specs -mfpu=fpv4-sp-d16 -mfloat-abi=hard -mthumb -o "Drivers/STM32F4xx_HAL_Drivers/stm32f4xx_hal_i2s_ex.o"
arm-none-eabi-gcc "C:/Users/rprch/STM32Cube/Repository/STM32Cube_FW_F4_V1.25.2/Drivers/STM32F4xx_HAL_Driver/Src/stm32f4xx_hal_pwr.c" -mcpu=cortex-m4 -std=gnu11 -g3 -DUSE_HAL_DRIVER -DSTM32F411xE -DUSE_STM32F411E_DISCO -c -I../../../Inc -I../../../../../../../../Drivers/CMSIS/Device/ST/STM32F4xx/Include -I../../../../../../../../Drivers/STM32F4xx_HAL_Driver/Inc -I../../../../../../../../Drivers/BSP/STM32F411E-Discovery -I../../../../../../../../Middlewares/ST/STM32_USB_Device_Library/Core/Inc -I../../../../../../../../Middlewares/ST/STM32_USB_Host_Library/Class/MSC/Inc -I../../../../../../../../Middlewares/ST/STM32_USB_Host_Library/Core/Inc -I../../../../../../../../Middlewares/ST/STM32_Audio/Addons/PDM/Inc -I../../../../../../../../Middlewares/Third_Party/FatFs/src -I../../../../../../../../Drivers/CMSIS/Include -Os -ffunction-sections -Wall -fstack-usage -MMD -MP -MF"Drivers/STM32F4xx_HAL_Drivers/stm32f4xx_hal_pwr.d" -MT"Drivers/STM32F4xx_HAL_Drivers/stm32f4xx_hal_pwr.o" --specs=nano.specs -mfpu=fpv4-sp-d16 -mfloat-abi=hard -mthumb -o "Drivers/STM32F4xx_HAL_Drivers/stm32f4xx_hal_pwr.o"
arm-none-eabi-gcc "C:/Users/rprch/STM32Cube/Repository/STM32Cube_FW_F4_V1.25.2/Drivers/STM32F4xx_HAL_Driver/Src/stm32f4xx_hal_pwr_ex.c" -mcpu=cortex-m4 -std=gnu11 -g3 -DUSE_HAL_DRIVER -DSTM32F411xE -DUSE_STM32F411E_DISCO -c -I../../../Inc -I../../../../../../../../Drivers/CMSIS/Device/ST/STM32F4xx/Include -I../../../../../../../../Drivers/STM32F4xx_HAL_Driver/Inc -I../../../../../../../../Drivers/BSP/STM32F411E-Discovery -I../../../../../../../../Middlewares/ST/STM32_USB_Device_Library/Core/Inc -I../../../../../../../../Middlewares/ST/STM32_USB_Host_Library/Class/MSC/Inc -I../../../../../../../../Middlewares/ST/STM32_USB_Host_Library/Core/Inc -I../../../../../../../../Middlewares/ST/STM32_Audio/Addons/PDM/Inc -I../../../../../../../../Middlewares/Third_Party/FatFs/src -I../../../../../../../../Drivers/CMSIS/Include -Os -ffunction-sections -Wall -fstack-usage -MMD -MP -MF"Drivers/STM32F4xx_HAL_Drivers/stm32f4xx_hal_pwr_ex.d" -MT"Drivers/STM32F4xx_HAL_Drivers/stm32f4xx_hal_pwr_ex.o" --specs=nano.specs -mfpu=fpv4-sp-d16 -mfloat-abi=hard -mthumb -o "Drivers/STM32F4xx_HAL_Drivers/stm32f4xx_hal_pwr_ex.o"
arm-none-eabi-gcc "C:/Users/rprch/STM32Cube/Repository/STM32Cube_FW_F4_V1.25.2/Drivers/STM32F4xx_HAL_Driver/Src/stm32f4xx_hal_rcc.c" -mcpu=cortex-m4 -std=gnu11 -g3 -DUSE_HAL_DRIVER -DSTM32F411xE -DUSE_STM32F411E_DISCO -c -I../../../Inc -I../../../../../../../../Drivers/CMSIS/Device/ST/STM32F4xx/Include -I../../../../../../../../Drivers/STM32F4xx_HAL_Driver/Inc -I../../../../../../../../Drivers/BSP/STM32F411E-Discovery -I../../../../../../../../Middlewares/ST/STM32_USB_Device_Library/Core/Inc -I../../../../../../../../Middlewares/ST/STM32_USB_Host_Library/Class/MSC/Inc -I../../../../../../../../Middlewares/ST/STM32_USB_Host_Library/Core/Inc -I../../../../../../../../Middlewares/ST/STM32_Audio/Addons/PDM/Inc -I../../../../../../../../Middlewares/Third_Party/FatFs/src -I../../../../../../../../Drivers/CMSIS/Include -Os -ffunction-sections -Wall -fstack-usage -MMD -MP -MF"Drivers/STM32F4xx_HAL_Drivers/stm32f4xx_hal_rcc.d" -MT"Drivers/STM32F4xx_HAL_Drivers/stm32f4xx_hal_rcc.o" --specs=nano.specs -mfpu=fpv4-sp-d16 -mfloat-abi=hard -mthumb -o "Drivers/STM32F4xx_HAL_Drivers/stm32f4xx_hal_rcc.o"
arm-none-eabi-gcc "C:/Users/rprch/STM32Cube/Repository/STM32Cube_FW_F4_V1.25.2/Drivers/STM32F4xx_HAL_Driver/Src/stm32f4xx_hal_rcc_ex.c" -mcpu=cortex-m4 -std=gnu11 -g3 -DUSE_HAL_DRIVER -DSTM32F411xE -DUSE_STM32F411E_DISCO -c -I../../../Inc -I../../../../../../../../Drivers/CMSIS/Device/ST/STM32F4xx/Include -I../../../../../../../../Drivers/STM32F4xx_HAL_Driver/Inc -I../../../../../../../../Drivers/BSP/STM32F411E-Discovery -I../../../../../../../../Middlewares/ST/STM32_USB_Device_Library/Core/Inc -I../../../../../../../../Middlewares/ST/STM32_USB_Host_Library/Class/MSC/Inc -I../../../../../../../../Middlewares/ST/STM32_USB_Host_Library/Core/Inc -I../../../../../../../../Middlewares/ST/STM32_Audio/Addons/PDM/Inc -I../../../../../../../../Middlewares/Third_Party/FatFs/src -I../../../../../../../../Drivers/CMSIS/Include -Os -ffunction-sections -Wall -fstack-usage -MMD -MP -MF"Drivers/STM32F4xx_HAL_Drivers/stm32f4xx_hal_rcc_ex.d" -MT"Drivers/STM32F4xx_HAL_Drivers/stm32f4xx_hal_rcc_ex.o" --specs=nano.specs -mfpu=fpv4-sp-d16 -mfloat-abi=hard -mthumb -o "Drivers/STM32F4xx_HAL_Drivers/stm32f4xx_hal_rcc_ex.o"
arm-none-eabi-gcc "C:/Users/rprch/STM32Cube/Repository/STM32Cube_FW_F4_V1.25.2/Drivers/STM32F4xx_HAL_Driver/Src/stm32f4xx_hal_spi.c" -mcpu=cortex-m4 -std=gnu11 -g3 -DUSE_HAL_DRIVER -DSTM32F411xE -DUSE_STM32F411E_DISCO -c -I../../../Inc -I../../../../../../../../Drivers/CMSIS/Device/ST/STM32F4xx/Include -I../../../../../../../../Drivers/STM32F4xx_HAL_Driver/Inc -I../../../../../../../../Drivers/BSP/STM32F411E-Discovery -I../../../../../../../../Middlewares/ST/STM32_USB_Device_Library/Core/Inc -I../../../../../../../../Middlewares/ST/STM32_USB_Host_Library/Class/MSC/Inc -I../../../../../../../../Middlewares/ST/STM32_USB_Host_Library/Core/Inc -I../../../../../../../../Middlewares/ST/STM32_Audio/Addons/PDM/Inc -I../../../../../../../../Middlewares/Third_Party/FatFs/src -I../../../../../../../../Drivers/CMSIS/Include -Os -ffunction-sections -Wall -fstack-usage -MMD -MP -MF"Drivers/STM32F4xx_HAL_Drivers/stm32f4xx_hal_spi.d" -MT"Drivers/STM32F4xx_HAL_Drivers/stm32f4xx_hal_spi.o" --specs=nano.specs -mfpu=fpv4-sp-d16 -mfloat-abi=hard -mthumb -o "Drivers/STM32F4xx_HAL_Drivers/stm32f4xx_hal_spi.o"
arm-none-eabi-gcc "C:/Users/rprch/STM32Cube/Repository/STM32Cube_FW_F4_V1.25.2/Drivers/STM32F4xx_HAL_Driver/Src/stm32f4xx_hal_tim.c" -mcpu=cortex-m4 -std=gnu11 -g3 -DUSE_HAL_DRIVER -DSTM32F411xE -DUSE_STM32F411E_DISCO -c -I../../../Inc -I../../../../../../../../Drivers/CMSIS/Device/ST/STM32F4xx/Include -I../../../../../../../../Drivers/STM32F4xx_HAL_Driver/Inc -I../../../../../../../../Drivers/BSP/STM32F411E-Discovery -I../../../../../../../../Middlewares/ST/STM32_USB_Device_Library/Core/Inc -I../../../../../../../../Middlewares/ST/STM32_USB_Host_Library/Class/MSC/Inc -I../../../../../../../../Middlewares/ST/STM32_USB_Host_Library/Core/Inc -I../../../../../../../../Middlewares/ST/STM32_Audio/Addons/PDM/Inc -I../../../../../../../../Middlewares/Third_Party/FatFs/src -I../../../../../../../../Drivers/CMSIS/Include -Os -ffunction-sections -Wall -fstack-usage -MMD -MP -MF"Drivers/STM32F4xx_HAL_Drivers/stm32f4xx_hal_tim.d" -MT"Drivers/STM32F4xx_HAL_Drivers/stm32f4xx_hal_tim.o" --specs=nano.specs -mfpu=fpv4-sp-d16 -mfloat-abi=hard -mthumb -o "Drivers/STM32F4xx_HAL_Drivers/stm32f4xx_hal_tim.o"
arm-none-eabi-gcc "C:/Users/rprch/STM32Cube/Repository/STM32Cube_FW_F4_V1.25.2/Drivers/STM32F4xx_HAL_Driver/Src/stm32f4xx_hal_tim_ex.c" -mcpu=cortex-m4 -std=gnu11 -g3 -DUSE_HAL_DRIVER -DSTM32F411xE -DUSE_STM32F411E_DISCO -c -I../../../Inc -I../../../../../../../../Drivers/CMSIS/Device/ST/STM32F4xx/Include -I../../../../../../../../Drivers/STM32F4xx_HAL_Driver/Inc -I../../../../../../../../Drivers/BSP/STM32F411E-Discovery -I../../../../../../../../Middlewares/ST/STM32_USB_Device_Library/Core/Inc -I../../../../../../../../Middlewares/ST/STM32_USB_Host_Library/Class/MSC/Inc -I../../../../../../../../Middlewares/ST/STM32_USB_Host_Library/Core/Inc -I../../../../../../../../Middlewares/ST/STM32_Audio/Addons/PDM/Inc -I../../../../../../../../Middlewares/Third_Party/FatFs/src -I../../../../../../../../Drivers/CMSIS/Include -Os -ffunction-sections -Wall -fstack-usage -MMD -MP -MF"Drivers/STM32F4xx_HAL_Drivers/stm32f4xx_hal_tim_ex.d" -MT"Drivers/STM32F4xx_HAL_Drivers/stm32f4xx_hal_tim_ex.o" --specs=nano.specs -mfpu=fpv4-sp-d16 -mfloat-abi=hard -mthumb -o "Drivers/STM32F4xx_HAL_Drivers/stm32f4xx_hal_tim_ex.o"
arm-none-eabi-gcc "C:/Users/rprch/STM32Cube/Repository/STM32Cube_FW_F4_V1.25.2/Drivers/STM32F4xx_HAL_Driver/Src/stm32f4xx_ll_fmc.c" -mcpu=cortex-m4 -std=gnu11 -g3 -DUSE_HAL_DRIVER -DSTM32F411xE -DUSE_STM32F411E_DISCO -c -I../../../Inc -I../../../../../../../../Drivers/CMSIS/Device/ST/STM32F4xx/Include -I../../../../../../../../Drivers/STM32F4xx_HAL_Driver/Inc -I../../../../../../../../Drivers/BSP/STM32F411E-Discovery -I../../../../../../../../Middlewares/ST/STM32_USB_Device_Library/Core/Inc -I../../../../../../../../Middlewares/ST/STM32_USB_Host_Library/Class/MSC/Inc -I../../../../../../../../Middlewares/ST/STM32_USB_Host_Library/Core/Inc -I../../../../../../../../Middlewares/ST/STM32_Audio/Addons/PDM/Inc -I../../../../../../../../Middlewares/Third_Party/FatFs/src -I../../../../../../../../Drivers/CMSIS/Include -Os -ffunction-sections -Wall -fstack-usage -MMD -MP -MF"Drivers/STM32F4xx_HAL_Drivers/stm32f4xx_ll_fmc.d" -MT"Drivers/STM32F4xx_HAL_Drivers/stm32f4xx_ll_fmc.o" --specs=nano.specs -mfpu=fpv4-sp-d16 -mfloat-abi=hard -mthumb -o "Drivers/STM32F4xx_HAL_Drivers/stm32f4xx_ll_fmc.o"
arm-none-eabi-gcc "C:/Users/rprch/STM32Cube/Repository/STM32Cube_FW_F4_V1.25.2/Drivers/STM32F4xx_HAL_Driver/Src/stm32f4xx_ll_usb.c" -mcpu=cortex-m4 -std=gnu11 -g3 -DUSE_HAL_DRIVER -DSTM32F411xE -DUSE_STM32F411E_DISCO -c -I../../../Inc -I../../../../../../../../Drivers/CMSIS/Device/ST/STM32F4xx/Include -I../../../../../../../../Drivers/STM32F4xx_HAL_Driver/Inc -I../../../../../../../../Drivers/BSP/STM32F411E-Discovery -I../../../../../../../../Middlewares/ST/STM32_USB_Device_Library/Core/Inc -I../../../../../../../../Middlewares/ST/STM32_USB_Host_Library/Class/MSC/Inc -I../../../../../../../../Middlewares/ST/STM32_USB_Host_Library/Core/Inc -I../../../../../../../../Middlewares/ST/STM32_Audio/Addons/PDM/Inc -I../../../../../../../../Middlewares/Third_Party/FatFs/src -I../../../../../../../../Drivers/CMSIS/Include -Os -ffunction-sections -Wall -fstack-usage -MMD -MP -MF"Drivers/STM32F4xx_HAL_Drivers/stm32f4xx_ll_usb.d" -MT"Drivers/STM32F4xx_HAL_Drivers/stm32f4xx_ll_usb.o" --specs=nano.specs -mfpu=fpv4-sp-d16 -mfloat-abi=hard -mthumb -o "Drivers/STM32F4xx_HAL_Drivers/stm32f4xx_ll_usb.o"
arm-none-eabi-gcc "C:/Users/rprch/STM32Cube/Repository/STM32Cube_FW_F4_V1.25.2/Projects/STM32F411E-Discovery/Applications/Audio/Audio_playback_and_record/Src/system_stm32f4xx.c" -mcpu=cortex-m4 -std=gnu11 -g3 -DUSE_HAL_DRIVER -DSTM32F411xE -DUSE_STM32F411E_DISCO -c -I../../../Inc -I../../../../../../../../Drivers/CMSIS/Device/ST/STM32F4xx/Include -I../../../../../../../../Drivers/STM32F4xx_HAL_Driver/Inc -I../../../../../../../../Drivers/BSP/STM32F411E-Discovery -I../../../../../../../../Middlewares/ST/STM32_USB_Device_Library/Core/Inc -I../../../../../../../../Middlewares/ST/STM32_USB_Host_Library/Class/MSC/Inc -I../../../../../../../../Middlewares/ST/STM32_USB_Host_Library/Core/Inc -I../../../../../../../../Middlewares/ST/STM32_Audio/Addons/PDM/Inc -I../../../../../../../../Middlewares/Third_Party/FatFs/src -I../../../../../../../../Drivers/CMSIS/Include -Os -ffunction-sections -Wall -fstack-usage -MMD -MP -MF"Drivers/CMSIS/system_stm32f4xx.d" -MT"Drivers/CMSIS/system_stm32f4xx.o" --specs=nano.specs -mfpu=fpv4-sp-d16 -mfloat-abi=hard -mthumb -o "Drivers/CMSIS/system_stm32f4xx.o"
arm-none-eabi-gcc "C:/Users/rprch/STM32Cube/Repository/STM32Cube_FW_F4_V1.25.2/Drivers/BSP/STM32F411E-Discovery/stm32f411e_discovery.c" -mcpu=cortex-m4 -std=gnu11 -g3 -DUSE_HAL_DRIVER -DSTM32F411xE -DUSE_STM32F411E_DISCO -c -I../../../Inc -I../../../../../../../../Drivers/CMSIS/Device/ST/STM32F4xx/Include -I../../../../../../../../Drivers/STM32F4xx_HAL_Driver/Inc -I../../../../../../../../Drivers/BSP/STM32F411E-Discovery -I../../../../../../../../Middlewares/ST/STM32_USB_Device_Library/Core/Inc -I../../../../../../../../Middlewares/ST/STM32_USB_Host_Library/Class/MSC/Inc -I../../../../../../../../Middlewares/ST/STM32_USB_Host_Library/Core/Inc -I../../../../../../../../Middlewares/ST/STM32_Audio/Addons/PDM/Inc -I../../../../../../../../Middlewares/Third_Party/FatFs/src -I../../../../../../../../Drivers/CMSIS/Include -Os -ffunction-sections -Wall -fstack-usage -MMD -MP -MF"Drivers/BSP/STM32F411E-Discovery/stm32f411e_discovery.d" -MT"Drivers/BSP/STM32F411E-Discovery/stm32f411e_discovery.o" --specs=nano.specs -mfpu=fpv4-sp-d16 -mfloat-abi=hard -mthumb -o "Drivers/BSP/STM32F411E-Discovery/stm32f411e_discovery.o"
arm-none-eabi-gcc "C:/Users/rprch/STM32Cube/Repository/STM32Cube_FW_F4_V1.25.2/Drivers/BSP/STM32F411E-Discovery/stm32f411e_discovery_accelerometer.c" -mcpu=cortex-m4 -std=gnu11 -g3 -DUSE_HAL_DRIVER -DSTM32F411xE -DUSE_STM32F411E_DISCO -c -I../../../Inc -I../../../../../../../../Drivers/CMSIS/Device/ST/STM32F4xx/Include -I../../../../../../../../Drivers/STM32F4xx_HAL_Driver/Inc -I../../../../../../../../Drivers/BSP/STM32F411E-Discovery -I../../../../../../../../Middlewares/ST/STM32_USB_Device_Library/Core/Inc -I../../../../../../../../Middlewares/ST/STM32_USB_Host_Library/Class/MSC/Inc -I../../../../../../../../Middlewares/ST/STM32_USB_Host_Library/Core/Inc -I../../../../../../../../Middlewares/ST/STM32_Audio/Addons/PDM/Inc -I../../../../../../../../Middlewares/Third_Party/FatFs/src -I../../../../../../../../Drivers/CMSIS/Include -Os -ffunction-sections -Wall -fstack-usage -MMD -MP -MF"Drivers/BSP/STM32F411E-Discovery/stm32f411e_discovery_accelerometer.d" -MT"Drivers/BSP/STM32F411E-Discovery/stm32f411e_discovery_accelerometer.o" --specs=nano.specs -mfpu=fpv4-sp-d16 -mfloat-abi=hard -mthumb -o "Drivers/BSP/STM32F411E-Discovery/stm32f411e_discovery_accelerometer.o"
arm-none-eabi-gcc "C:/Users/rprch/STM32Cube/Repository/STM32Cube_FW_F4_V1.25.2/Drivers/BSP/STM32F411E-Discovery/stm32f411e_discovery_audio.c" -mcpu=cortex-m4 -std=gnu11 -g3 -DUSE_HAL_DRIVER -DSTM32F411xE -DUSE_STM32F411E_DISCO -c -I../../../Inc -I../../../../../../../../Drivers/CMSIS/Device/ST/STM32F4xx/Include -I../../../../../../../../Drivers/STM32F4xx_HAL_Driver/Inc -I../../../../../../../../Drivers/BSP/STM32F411E-Discovery -I../../../../../../../../Middlewares/ST/STM32_USB_Device_Library/Core/Inc -I../../../../../../../../Middlewares/ST/STM32_USB_Host_Library/Class/MSC/Inc -I../../../../../../../../Middlewares/ST/STM32_USB_Host_Library/Core/Inc -I../../../../../../../../Middlewares/ST/STM32_Audio/Addons/PDM/Inc -I../../../../../../../../Middlewares/Third_Party/FatFs/src -I../../../../../../../../Drivers/CMSIS/Include -Os -ffunction-sections -Wall -fstack-usage -MMD -MP -MF"Drivers/BSP/STM32F411E-Discovery/stm32f411e_discovery_audio.d" -MT"Drivers/BSP/STM32F411E-Discovery/stm32f411e_discovery_audio.o" --specs=nano.specs -mfpu=fpv4-sp-d16 -mfloat-abi=hard -mthumb -o "Drivers/BSP/STM32F411E-Discovery/stm32f411e_discovery_audio.o"
arm-none-eabi-gcc "C:/Users/rprch/STM32Cube/Repository/STM32Cube_FW_F4_V1.25.2/Drivers/BSP/Components/cs43l22/cs43l22.c" -mcpu=cortex-m4 -std=gnu11 -g3 -DUSE_HAL_DRIVER -DSTM32F411xE -DUSE_STM32F411E_DISCO -c -I../../../Inc -I../../../../../../../../Drivers/CMSIS/Device/ST/STM32F4xx/Include -I../../../../../../../../Drivers/STM32F4xx_HAL_Driver/Inc -I../../../../../../../../Drivers/BSP/STM32F411E-Discovery -I../../../../../../../../Middlewares/ST/STM32_USB_Device_Library/Core/Inc -I../../../../../../../../Middlewares/ST/STM32_USB_Host_Library/Class/MSC/Inc -I../../../../../../../../Middlewares/ST/STM32_USB_Host_Library/Core/Inc -I../../../../../../../../Middlewares/ST/STM32_Audio/Addons/PDM/Inc -I../../../../../../../../Middlewares/Third_Party/FatFs/src -I../../../../../../../../Drivers/CMSIS/Include -Os -ffunction-sections -Wall -fstack-usage -MMD -MP -MF"Drivers/BSP/Components/cs43l22.d" -MT"Drivers/BSP/Components/cs43l22.o" --specs=nano.specs -mfpu=fpv4-sp-d16 -mfloat-abi=hard -mthumb -o "Drivers/BSP/Components/cs43l22.o"
arm-none-eabi-gcc "C:/Users/rprch/STM32Cube/Repository/STM32Cube_FW_F4_V1.25.2/Drivers/BSP/Components/lsm303dlhc/lsm303dlhc.c" -mcpu=cortex-m4 -std=gnu11 -g3 -DUSE_HAL_DRIVER -DSTM32F411xE -DUSE_STM32F411E_DISCO -c -I../../../Inc -I../../../../../../../../Drivers/CMSIS/Device/ST/STM32F4xx/Include -I../../../../../../../../Drivers/STM32F4xx_HAL_Driver/Inc -I../../../../../../../../Drivers/BSP/STM32F411E-Discovery -I../../../../../../../../Middlewares/ST/STM32_USB_Device_Library/Core/Inc -I../../../../../../../../Middlewares/ST/STM32_USB_Host_Library/Class/MSC/Inc -I../../../../../../../../Middlewares/ST/STM32_USB_Host_Library/Core/Inc -I../../../../../../../../Middlewares/ST/STM32_Audio/Addons/PDM/Inc -I../../../../../../../../Middlewares/Third_Party/FatFs/src -I../../../../../../../../Drivers/CMSIS/Include -Os -ffunction-sections -Wall -fstack-usage -MMD -MP -MF"Drivers/BSP/Components/lsm303dlhc.d" -MT"Drivers/BSP/Components/lsm303dlhc.o" --specs=nano.specs -mfpu=fpv4-sp-d16 -mfloat-abi=hard -mthumb -o "Drivers/BSP/Components/lsm303dlhc.o"
arm-none-eabi-gcc "C:/Users/rprch/STM32Cube/Repository/STM32Cube_FW_F4_V1.25.2/Projects/STM32F411E-Discovery/Applications/Audio/Audio_playback_and_record/Src/main.c" -mcpu=cortex-m4 -std=gnu11 -g3 -DUSE_HAL_DRIVER -DSTM32F411xE -DUSE_STM32F411E_DISCO -c -I../../../Inc -I../../../../../../../../Drivers/CMSIS/Device/ST/STM32F4xx/Include -I../../../../../../../../Drivers/STM32F4xx_HAL_Driver/Inc -I../../../../../../../../Drivers/BSP/STM32F411E-Discovery -I../../../../../../../../Middlewares/ST/STM32_USB_Device_Library/Core/Inc -I../../../../../../../../Middlewares/ST/STM32_USB_Host_Library/Class/MSC/Inc -I../../../../../../../../Middlewares/ST/STM32_USB_Host_Library/Core/Inc -I../../../../../../../../Middlewares/ST/STM32_Audio/Addons/PDM/Inc -I../../../../../../../../Middlewares/Third_Party/FatFs/src -I../../../../../../../../Drivers/CMSIS/Include -Os -ffunction-sections -Wall -fstack-usage -MMD -MP -MF"Application/User/main.d" -MT"Application/User/main.o" --specs=nano.specs -mfpu=fpv4-sp-d16 -mfloat-abi=hard -mthumb -o "Application/User/main.o"
arm-none-eabi-gcc "C:/Users/rprch/STM32Cube/Repository/STM32Cube_FW_F4_V1.25.2/Projects/STM32F411E-Discovery/Applications/Audio/Audio_playback_and_record/Src/stm32f4xx_it.c" -mcpu=cortex-m4 -std=gnu11 -g3 -DUSE_HAL_DRIVER -DSTM32F411xE -DUSE_STM32F411E_DISCO -c -I../../../Inc -I../../../../../../../../Drivers/CMSIS/Device/ST/STM32F4xx/Include -I../../../../../../../../Drivers/STM32F4xx_HAL_Driver/Inc -I../../../../../../../../Drivers/BSP/STM32F411E-Discovery -I../../../../../../../../Middlewares/ST/STM32_USB_Device_Library/Core/Inc -I../../../../../../../../Middlewares/ST/STM32_USB_Host_Library/Class/MSC/Inc -I../../../../../../../../Middlewares/ST/STM32_USB_Host_Library/Core/Inc -I../../../../../../../../Middlewares/ST/STM32_Audio/Addons/PDM/Inc -I../../../../../../../../Middlewares/Third_Party/FatFs/src -I../../../../../../../../Drivers/CMSIS/Include -Os -ffunction-sections -Wall -fstack-usage -MMD -MP -MF"Application/User/stm32f4xx_it.d" -MT"Application/User/stm32f4xx_it.o" --specs=nano.specs -mfpu=fpv4-sp-d16 -mfloat-abi=hard -mthumb -o "Application/User/stm32f4xx_it.o"
arm-none-eabi-gcc "C:/Users/rprch/STM32Cube/Repository/STM32Cube_FW_F4_V1.25.2/Projects/STM32F411E-Discovery/Applications/Audio/Audio_playback_and_record/Src/usbh_conf.c" -mcpu=cortex-m4 -std=gnu11 -g3 -DUSE_HAL_DRIVER -DSTM32F411xE -DUSE_STM32F411E_DISCO -c -I../../../Inc -I../../../../../../../../Drivers/CMSIS/Device/ST/STM32F4xx/Include -I../../../../../../../../Drivers/STM32F4xx_HAL_Driver/Inc -I../../../../../../../../Drivers/BSP/STM32F411E-Discovery -I../../../../../../../../Middlewares/ST/STM32_USB_Device_Library/Core/Inc -I../../../../../../../../Middlewares/ST/STM32_USB_Host_Library/Class/MSC/Inc -I../../../../../../../../Middlewares/ST/STM32_USB_Host_Library/Core/Inc -I../../../../../../../../Middlewares/ST/STM32_Audio/Addons/PDM/Inc -I../../../../../../../../Middlewares/Third_Party/FatFs/src -I../../../../../../../../Drivers/CMSIS/Include -Os -ffunction-sections -Wall -fstack-usage -MMD -MP -MF"Application/User/usbh_conf.d" -MT"Application/User/usbh_conf.o" --specs=nano.specs -mfpu=fpv4-sp-d16 -mfloat-abi=hard -mthumb -o "Application/User/usbh_conf.o"
arm-none-eabi-gcc "C:/Users/rprch/STM32Cube/Repository/STM32Cube_FW_F4_V1.25.2/Projects/STM32F411E-Discovery/Applications/Audio/Audio_playback_and_record/Src/waveplayer.c" -mcpu=cortex-m4 -std=gnu11 -g3 -DUSE_HAL_DRIVER -DSTM32F411xE -DUSE_STM32F411E_DISCO -c -I../../../Inc -I../../../../../../../../Drivers/CMSIS/Device/ST/STM32F4xx/Include -I../../../../../../../../Drivers/STM32F4xx_HAL_Driver/Inc -I../../../../../../../../Drivers/BSP/STM32F411E-Discovery -I../../../../../../../../Middlewares/ST/STM32_USB_Device_Library/Core/Inc -I../../../../../../../../Middlewares/ST/STM32_USB_Host_Library/Class/MSC/Inc -I../../../../../../../../Middlewares/ST/STM32_USB_Host_Library/Core/Inc -I../../../../../../../../Middlewares/ST/STM32_Audio/Addons/PDM/Inc -I../../../../../../../../Middlewares/Third_Party/FatFs/src -I../../../../../../../../Drivers/CMSIS/Include -Os -ffunction-sections -Wall -fstack-usage -MMD -MP -MF"Application/User/waveplayer.d" -MT"Application/User/waveplayer.o" --specs=nano.specs -mfpu=fpv4-sp-d16 -mfloat-abi=hard -mthumb -o "Application/User/waveplayer.o"
arm-none-eabi-gcc "C:/Users/rprch/STM32Cube/Repository/STM32Cube_FW_F4_V1.25.2/Projects/STM32F411E-Discovery/Applications/Audio/Audio_playback_and_record/Src/waverecorder.c" -mcpu=cortex-m4 -std=gnu11 -g3 -DUSE_HAL_DRIVER -DSTM32F411xE -DUSE_STM32F411E_DISCO -c -I../../../Inc -I../../../../../../../../Drivers/CMSIS/Device/ST/STM32F4xx/Include -I../../../../../../../../Drivers/STM32F4xx_HAL_Driver/Inc -I../../../../../../../../Drivers/BSP/STM32F411E-Discovery -I../../../../../../../../Middlewares/ST/STM32_USB_Device_Library/Core/Inc -I../../../../../../../../Middlewares/ST/STM32_USB_Host_Library/Class/MSC/Inc -I../../../../../../../../Middlewares/ST/STM32_USB_Host_Library/Core/Inc -I../../../../../../../../Middlewares/ST/STM32_Audio/Addons/PDM/Inc -I../../../../../../../../Middlewares/Third_Party/FatFs/src -I../../../../../../../../Drivers/CMSIS/Include -Os -ffunction-sections -Wall -fstack-usage -MMD -MP -MF"Application/User/waverecorder.d" -MT"Application/User/waverecorder.o" --specs=nano.specs -mfpu=fpv4-sp-d16 -mfloat-abi=hard -mthumb -o "Application/User/waverecorder.o"
arm-none-eabi-gcc -mcpu=cortex-m4 -g3 -c -x assembler-with-cpp -MMD -MP -MF"Application/SW4STM32/startup_stm32f411xe.d" -MT"Application/SW4STM32/startup_stm32f411xe.o" --specs=nano.specs -mfpu=fpv4-sp-d16 -mfloat-abi=hard -mthumb -o "Application/SW4STM32/startup_stm32f411xe.o" "C:/Users/rprch/STM32Cube/Repository/STM32Cube_FW_F4_V1.25.2/Projects/STM32F411E-Discovery/Applications/Audio/Audio_playback_and_record/SW4STM32/startup_stm32f411xe.s"
arm-none-eabi-gcc -o "STM32F411E-DISCO.elf" @"objects.list"  -l:libPDMFilter_CM4_GCC_wc32.a -mcpu=cortex-m4 -T"../STM32F411VEHx_FLASH.ld" --specs=nosys.specs -Wl,-Map="STM32F411E-DISCO.map" -Wl,--gc-sections -static -L../../../../../../../../Middlewares/ST/STM32_Audio/Addons/PDM/Lib --specs=nano.specs -mfpu=fpv4-sp-d16 -mfloat-abi=hard -mthumb -Wl,--start-group -lc -lm -Wl,--end-group
Finished building target: STM32F411E-DISCO.elf
 
arm-none-eabi-size   STM32F411E-DISCO.elf 
   text	   data	    bss	    dec	    hex	filename
  45800	   1324	  22676	  69800	  110a8	STM32F411E-DISCO.elf
Finished building: default.size.stdout
 
arm-none-eabi-objdump -h -S  STM32F411E-DISCO.elf  > "STM32F411E-DISCO.list"
Finished building: STM32F411E-DISCO.list
 
arm-none-eabi-objcopy  -O binary  STM32F411E-DISCO.elf  "STM32F411E-DISCO.bin"
Finished building: STM32F411E-DISCO.bin
 
13:13:28 **** Incremental Build of configuration Debug for project STM32F411E-DISCO ****
make all 
arm-none-eabi-size   STM32F411E-DISCO.elf 
   text	   data	    bss	    dec	    hex	filename
  45800	   1324	  22676	  69800	  110a8	STM32F411E-DISCO.elf
Finished building: default.size.stdout
 
13:13:38 **** Incremental Build of configuration Debug for project STM32F411E-DISCO ****
make all 
arm-none-eabi-size   STM32F411E-DISCO.elf 
   text	   data	    bss	    dec	    hex	filename
  45800	   1324	  22676	  69800	  110a8	STM32F411E-DISCO.elf
Finished building: default.size.stdout
 
13:14:19 **** Incremental Build of configuration Debug for project STM32F411E-DISCO ****
make all 
arm-none-eabi-size   STM32F411E-DISCO.elf 
   text	   data	    bss	    dec	    hex	filename
  45800	   1324	  22676	  69800	  110a8	STM32F411E-DISCO.elf
Finished building: default.size.stdout
 
13:15:57 **** Incremental Build of configuration Debug for project STM32F411E-DISCO ****
make all 
arm-none-eabi-size   STM32F411E-DISCO.elf 
   text	   data	    bss	    dec	    hex	filename
  45800	   1324	  22676	  69800	  110a8	STM32F411E-DISCO.elf
Finished building: default.size.stdout
 
13:17:44 **** Incremental Build of configuration Debug for project STM32F411E-DISCO ****
make all 
arm-none-eabi-size   STM32F411E-DISCO.elf 
   text	   data	    bss	    dec	    hex	filename
  45800	   1324	  22676	  69800	  110a8	STM32F411E-DISCO.elf
Finished building: default.size.stdout
 
